> Week02 作业题目（周四）：
>
> 1.使用 GCLogAnalysis.java 自己演练一遍串行 / 并行 /CMS/G1 的案例。
>
> 2.使用压测工具（wrk 或 sb），演练 gateway-server-0.0.1-SNAPSHOT.jar 示例。
>
> 根据上述自己对于 1 和 2 的演示，写一段对于不同 GC 的总结

## 环境配置

MacBook Pro   2.2GHz Corei7 4核 处理器 + 16g内存

java版本： "1.8.0_241"
Java(TM) SE Runtime Environment (build 1.8.0_241-b07)
Java HotSpot(TM) 64-Bit Server VM (build 25.241-b07, mixed mode)

## 不同gc策略的gc日志分析GCLogAnalysis的执行

### 1 串行gc

执行命令：

```shell
java -XX:+UseSerialGC -Xms512m -Xmx512m -Xloggc:gc.serial.log -XX:+PrintGCDetails -XX:+PrintGCDateStamps GCLogAnalysis
```

 ִ生成对象个数:8914

gc日志如下

```shell
CommandLine flags: -XX:InitialHeapSize=536870912 -XX:MaxHeapSize=536870912 -XX:+PrintGC -XX:+PrintGCDateStamps -XX:+PrintGCDetails -XX:+PrintGCTimeStamps -XX:+UseCompressedClassPointers -XX:+UseCompressedOops -XX:+UseSerialGC
2020-10-28T21:39:24.218-0800: 0.170: [GC (Allocation Failure) 2020-10-28T21:39:24.218-0800: 0.170: [DefNew: 139776K->17472K(157248K), 0.0289184 secs] 139776K->44773K(506816K), 0.0290381 secs] [Times: user=0.02 sys=0.01, real=0.03 secs]
2020-10-28T21:39:24.277-0800: 0.229: [GC (Allocation Failure) 2020-10-28T21:39:24.277-0800: 0.229: [DefNew: 157074K->17471K(157248K), 0.0362095 secs] 184376K->87195K(506816K), 0.0362919 secs] [Times: user=0.02 sys=0.02, real=0.04 secs]
2020-10-28T21:39:24.335-0800: 0.287: [GC (Allocation Failure) 2020-10-28T21:39:24.335-0800: 0.287: [DefNew: 156727K->17470K(157248K), 0.0325015 secs] 226450K->135367K(506816K), 0.0325938 secs] [Times: user=0.02 sys=0.01, real=0.03 secs]
2020-10-28T21:39:24.393-0800: 0.345: [GC (Allocation Failure) 2020-10-28T21:39:24.393-0800: 0.345: [DefNew: 156637K->17470K(157248K), 0.0292257 secs] 274535K->177794K(506816K), 0.0293146 secs] [Times: user=0.02 sys=0.01, real=0.03 secs]
2020-10-28T21:39:24.446-0800: 0.398: [GC (Allocation Failure) 2020-10-28T21:39:24.446-0800: 0.398: [DefNew: 157246K->17469K(157248K), 0.0306763 secs] 317570K->221583K(506816K), 0.0307918 secs] [Times: user=0.02 sys=0.01, real=0.03 secs]
2020-10-28T21:39:24.500-0800: 0.452: [GC (Allocation Failure) 2020-10-28T21:39:24.500-0800: 0.452: [DefNew: 157245K->17472K(157248K), 0.0328390 secs] 361359K->271311K(506816K), 0.0329450 secs] [Times: user=0.02 sys=0.01, real=0.03 secs]
2020-10-28T21:39:24.554-0800: 0.506: [GC (Allocation Failure) 2020-10-28T21:39:24.555-0800: 0.506: [DefNew: 157220K->17471K(157248K), 0.0326159 secs] 411059K->316404K(506816K), 0.0327141 secs] [Times: user=0.02 sys=0.01, real=0.03 secs]
2020-10-28T21:39:24.609-0800: 0.561: [GC (Allocation Failure) 2020-10-28T21:39:24.609-0800: 0.561: [DefNew: 157247K->157247K(157248K), 0.0000220 secs]2020-10-28T21:39:24.609-0800: 0.561: [Tenured: 298932K->265013K(349568K), 0.0533732 secs] 456180K->265013K(506816K), [Metaspace: 2730K->2730K(1056768K)], 0.0535122 secs] [Times: user=0.05 sys=0.00, real=0.06 secs]
2020-10-28T21:39:24.684-0800: 0.635: [GC (Allocation Failure) 2020-10-28T21:39:24.684-0800: 0.635: [DefNew: 139721K->17471K(157248K), 0.0056599 secs] 404734K->308689K(506816K), 0.0057320 secs] [Times: user=0.01 sys=0.00, real=0.00 secs]
2020-10-28T21:39:24.709-0800: 0.661: [GC (Allocation Failure) 2020-10-28T21:39:24.709-0800: 0.661: [DefNew: 157247K->17471K(157248K), 0.0236169 secs] 448465K->348643K(506816K), 0.0237050 secs] [Times: user=0.02 sys=0.01, real=0.03 secs]
2020-10-28T21:39:24.751-0800: 0.703: [GC (Allocation Failure) 2020-10-28T21:39:24.751-0800: 0.703: [DefNew: 157247K->157247K(157248K), 0.0000190 secs]2020-10-28T21:39:24.751-0800: 0.703: [Tenured: 331171K->305596K(349568K), 0.0517897 secs] 488419K->305596K(506816K), [Metaspace: 2731K->2731K(1056768K)], 0.0519046 secs] [Times: user=0.05 sys=0.00, real=0.05 secs]
2020-10-28T21:39:24.824-0800: 0.776: [GC (Allocation Failure) 2020-10-28T21:39:24.825-0800: 0.776: [DefNew: 139691K->139691K(157248K), 0.0000200 secs]2020-10-28T21:39:24.825-0800: 0.776: [Tenured: 305596K->313366K(349568K), 0.0440119 secs] 445287K->313366K(506816K), [Metaspace: 2731K->2731K(1056768K)], 0.0441371 secs] [Times: user=0.04 sys=0.00, real=0.04 secs]
2020-10-28T21:39:24.890-0800: 0.841: [GC (Allocation Failure) 2020-10-28T21:39:24.890-0800: 0.841: [DefNew: 139776K->139776K(157248K), 0.0000200 secs]2020-10-28T21:39:24.890-0800: 0.841: [Tenured: 313366K->303526K(349568K), 0.0472352 secs] 453142K->303526K(506816K), [Metaspace: 2731K->2731K(1056768K)], 0.0473633 secs] [Times: user=0.05 sys=0.01, real=0.04 secs]
2020-10-28T21:39:24.956-0800: 0.908: [GC (Allocation Failure) 2020-10-28T21:39:24.956-0800: 0.908: [DefNew: 139557K->17470K(157248K), 0.0062347 secs] 443083K->347305K(506816K), 0.0063334 secs] [Times: user=0.01 sys=0.00, real=0.01 secs]
2020-10-28T21:39:24.983-0800: 0.935: [GC (Allocation Failure) 2020-10-28T21:39:24.983-0800: 0.935: [DefNew: 157246K->157246K(157248K), 0.0000133 secs]2020-10-28T21:39:24.983-0800: 0.935: [Tenured: 329835K->343544K(349568K), 0.0461984 secs] 487081K->343544K(506816K), [Metaspace: 2731K->2731K(1056768K)], 0.0462848 secs] [Times: user=0.04 sys=0.00, real=0.04 secs]
2020-10-28T21:39:25.050-0800: 1.001: [GC (Allocation Failure) 2020-10-28T21:39:25.050-0800: 1.001: [DefNew: 139620K->139620K(157248K), 0.0000375 secs]2020-10-28T21:39:25.050-0800: 1.001: [Tenured: 343544K->349559K(349568K), 0.0482757 secs] 483164K->350034K(506816K), [Metaspace: 2731K->2731K(1056768K)], 0.0484103 secs] [Times: user=0.05 sys=0.00, real=0.04 secs]
2020-10-28T21:39:25.120-0800: 1.072: [Full GC (Allocation Failure) 2020-10-28T21:39:25.120-0800: 1.072: [Tenured: 349559K->349558K(349568K), 0.0497874 secs] 506633K->362086K(506816K), [Metaspace: 2731K->2731K(1056768K)], 0.0498803 secs] [Times: user=0.05 sys=0.00, real=0.05 secs]
Heap
 def new generation   total 157248K, used 18387K [0x00000007a0000000, 0x00000007aaaa0000, 0x00000007aaaa0000)
  eden space 139776K,  13% used [0x00000007a0000000, 0x00000007a11f4c28, 0x00000007a8880000)
  from space 17472K,   0% used [0x00000007a8880000, 0x00000007a8880000, 0x00000007a9990000)
  to   space 17472K,   0% used [0x00000007a9990000, 0x00000007a9990000, 0x00000007aaaa0000)
 tenured generation   total 349568K, used 349558K [0x00000007aaaa0000, 0x00000007c0000000, 0x00000007c0000000)
   the space 349568K,  99% used [0x00000007aaaa0000, 0x00000007bfffd878, 0x00000007bfffda00, 0x00000007c0000000)
 Metaspace       used 2737K, capacity 4486K, committed 4864K, reserved 1056768K
  class space    used 298K, capacity 386K, committed 512K, reserved 1048576K
```

**由日志分析串行gc 一共执行gc 17次 ，都是因为对象内存分配失败导致的，其中young gc 10次，full gc 7次，后面的gc都是full gc，老年代清理的空间也有限，最后老年代几乎全部被占满， 说明堆内存空间不足，回收效率也很低。整个gc停顿总时间约580ms,停顿非常严重。**

### 2 并行gc

执行命令

```shell
java -XX:+UseParallelGC -Xms512m -Xmx512m -Xloggc:gc.parallel.log -XX:+PrintGCDetails -XX:+PrintGCDateStamps GCLogAnalysis
```

生成对象个数:8185

gc日志如下：

```shell
Java HotSpot(TM) 64-Bit Server VM (25.241-b07) for bsd-amd64 JRE (1.8.0_241-b07), built on Dec 11 2019 02:29:59 by "java_re" with gcc 4.2.1 (Based on Apple Inc. build 5658) (LLVM build 2336.11.00)
Memory: 4k page, physical 16777216k(357260k free)

/proc/meminfo:

CommandLine flags: -XX:InitialHeapSize=536870912 -XX:MaxHeapSize=536870912 -XX:+PrintGC -XX:+PrintGCDateStamps -XX:+PrintGCDetails -XX:+PrintGCTimeStamps -XX:+UseCompressedClassPointers -XX:+UseCompressedOops -XX:+UseParallelGC 
2020-10-28T21:57:24.393-0800: 0.181: [GC (Allocation Failure) [PSYoungGen: 131584K->21493K(153088K)] 131584K->39017K(502784K), 0.0174187 secs] [Times: user=0.02 sys=0.08, real=0.02 secs] 
2020-10-28T21:57:24.439-0800: 0.227: [GC (Allocation Failure) [PSYoungGen: 153077K->21496K(153088K)] 170601K->78434K(502784K), 0.0264907 secs] [Times: user=0.03 sys=0.13, real=0.03 secs] 
2020-10-28T21:57:24.487-0800: 0.275: [GC (Allocation Failure) [PSYoungGen: 153080K->21496K(153088K)] 210018K->120045K(502784K), 0.0235388 secs] [Times: user=0.04 sys=0.10, real=0.03 secs] 
2020-10-28T21:57:24.534-0800: 0.322: [GC (Allocation Failure) [PSYoungGen: 153080K->21497K(153088K)] 251629K->163932K(502784K), 0.0260216 secs] [Times: user=0.04 sys=0.08, real=0.03 secs] 
2020-10-28T21:57:24.590-0800: 0.378: [GC (Allocation Failure) [PSYoungGen: 152788K->21502K(153088K)] 295223K->209799K(502784K), 0.0245625 secs] [Times: user=0.05 sys=0.11, real=0.02 secs] 
2020-10-28T21:57:24.637-0800: 0.425: [GC (Allocation Failure) [PSYoungGen: 153086K->21492K(80384K)] 341383K->243088K(430080K), 0.0180119 secs] [Times: user=0.04 sys=0.07, real=0.02 secs] 
2020-10-28T21:57:24.664-0800: 0.452: [GC (Allocation Failure) [PSYoungGen: 80372K->39934K(116736K)] 301968K->265942K(466432K), 0.0056700 secs] [Times: user=0.02 sys=0.01, real=0.00 secs] 
2020-10-28T21:57:24.678-0800: 0.466: [GC (Allocation Failure) [PSYoungGen: 98814K->50103K(116736K)] 324822K->282670K(466432K), 0.0076480 secs] [Times: user=0.04 sys=0.02, real=0.01 secs] 
2020-10-28T21:57:24.695-0800: 0.483: [GC (Allocation Failure) [PSYoungGen: 108983K->57806K(116736K)] 341550K->301294K(466432K), 0.0109214 secs] [Times: user=0.05 sys=0.02, real=0.01 secs] 
2020-10-28T21:57:24.715-0800: 0.503: [GC (Allocation Failure) [PSYoungGen: 116686K->42422K(116736K)] 360174K->319767K(466432K), 0.0171898 secs] [Times: user=0.04 sys=0.06, real=0.02 secs] 
2020-10-28T21:57:24.742-0800: 0.530: [GC (Allocation Failure) [PSYoungGen: 101302K->20603K(116736K)] 378647K->337666K(466432K), 0.0211778 secs] [Times: user=0.03 sys=0.09, real=0.02 secs] 
2020-10-28T21:57:24.763-0800: 0.551: [Full GC (Ergonomics) [PSYoungGen: 20603K->0K(116736K)] [ParOldGen: 317063K->236536K(349696K)] 337666K->236536K(466432K), [Metaspace: 2731K->2731K(1056768K)], 0.0336837 secs] [Times: user=0.22 sys=0.01, real=0.03 secs] 
2020-10-28T21:57:24.806-0800: 0.594: [GC (Allocation Failure) [PSYoungGen: 58880K->19876K(116736K)] 295416K->256412K(466432K), 0.0023006 secs] [Times: user=0.02 sys=0.00, real=0.00 secs] 
2020-10-28T21:57:24.817-0800: 0.605: [GC (Allocation Failure) [PSYoungGen: 78756K->23081K(116736K)] 315292K->277618K(466432K), 0.0041697 secs] [Times: user=0.03 sys=0.00, real=0.01 secs] 
2020-10-28T21:57:24.829-0800: 0.617: [GC (Allocation Failure) [PSYoungGen: 81961K->19302K(116736K)] 336498K->296092K(466432K), 0.0041796 secs] [Times: user=0.03 sys=0.00, real=0.01 secs] 
2020-10-28T21:57:24.841-0800: 0.629: [GC (Allocation Failure) [PSYoungGen: 78182K->25009K(116736K)] 354972K->320264K(466432K), 0.0041283 secs] [Times: user=0.03 sys=0.00, real=0.00 secs] 
2020-10-28T21:57:24.853-0800: 0.641: [GC (Allocation Failure) [PSYoungGen: 83800K->21815K(116736K)] 379055K->339835K(466432K), 0.0049181 secs] [Times: user=0.03 sys=0.01, real=0.00 secs] 
2020-10-28T21:57:24.858-0800: 0.646: [Full GC (Ergonomics) [PSYoungGen: 21815K->0K(116736K)] [ParOldGen: 318019K->277037K(349696K)] 339835K->277037K(466432K), [Metaspace: 2731K->2731K(1056768K)], 0.0350065 secs] [Times: user=0.25 sys=0.00, real=0.04 secs] 
2020-10-28T21:57:24.902-0800: 0.690: [GC (Allocation Failure) [PSYoungGen: 58880K->23271K(116736K)] 335917K->300308K(466432K), 0.0025564 secs] [Times: user=0.02 sys=0.00, real=0.00 secs] 
2020-10-28T21:57:24.913-0800: 0.701: [GC (Allocation Failure) [PSYoungGen: 81795K->18412K(116736K)] 358832K->316114K(466432K), 0.0037898 secs] [Times: user=0.02 sys=0.00, real=0.00 secs] 
2020-10-28T21:57:24.925-0800: 0.713: [GC (Allocation Failure) [PSYoungGen: 77292K->20878K(116736K)] 374994K->334253K(466432K), 0.0035309 secs] [Times: user=0.03 sys=0.00, real=0.00 secs] 
2020-10-28T21:57:24.928-0800: 0.716: [Full GC (Ergonomics) [PSYoungGen: 20878K->0K(116736K)] [ParOldGen: 313374K->288230K(349696K)] 334253K->288230K(466432K), [Metaspace: 2731K->2731K(1056768K)], 0.0384840 secs] [Times: user=0.23 sys=0.00, real=0.04 secs] 
2020-10-28T21:57:24.977-0800: 0.765: [GC (Allocation Failure) [PSYoungGen: 58541K->21730K(116736K)] 346771K->309961K(466432K), 0.0027438 secs] [Times: user=0.01 sys=0.00, real=0.01 secs] 
2020-10-28T21:57:24.993-0800: 0.781: [GC (Allocation Failure) [PSYoungGen: 80610K->19466K(116736K)] 368841K->328741K(466432K), 0.0130477 secs] [Times: user=0.08 sys=0.00, real=0.01 secs] 
2020-10-28T21:57:25.006-0800: 0.794: [Full GC (Ergonomics) [PSYoungGen: 19466K->0K(116736K)] [ParOldGen: 309274K->298013K(349696K)] 328741K->298013K(466432K), [Metaspace: 2731K->2731K(1056768K)], 0.0363808 secs] [Times: user=0.26 sys=0.01, real=0.04 secs] 
2020-10-28T21:57:25.053-0800: 0.841: [GC (Allocation Failure) [PSYoungGen: 58880K->19085K(116736K)] 356893K->317098K(466432K), 0.0020967 secs] [Times: user=0.01 sys=0.00, real=0.00 secs] 
2020-10-28T21:57:25.062-0800: 0.850: [GC (Allocation Failure) [PSYoungGen: 77965K->18420K(116736K)] 375978K->334153K(466432K), 0.0034729 secs] [Times: user=0.02 sys=0.00, real=0.00 secs] 
2020-10-28T21:57:25.065-0800: 0.853: [Full GC (Ergonomics) [PSYoungGen: 18420K->0K(116736K)] [ParOldGen: 315732K->301068K(349696K)] 334153K->301068K(466432K), [Metaspace: 2731K->2731K(1056768K)], 0.0364432 secs] [Times: user=0.26 sys=0.00, real=0.04 secs] 
2020-10-28T21:57:25.111-0800: 0.899: [GC (Allocation Failure) [PSYoungGen: 58880K->22838K(116736K)] 359948K->323907K(466432K), 0.0024674 secs] [Times: user=0.02 sys=0.00, real=0.00 secs] 
2020-10-28T21:57:25.121-0800: 0.909: [GC (Allocation Failure) [PSYoungGen: 81385K->18955K(116736K)] 382454K->342129K(466432K), 0.0058940 secs] [Times: user=0.02 sys=0.01, real=0.00 secs] 
2020-10-28T21:57:25.127-0800: 0.915: [Full GC (Ergonomics) [PSYoungGen: 18955K->0K(116736K)] [ParOldGen: 323173K->312936K(349696K)] 342129K->312936K(466432K), [Metaspace: 2731K->2731K(1056768K)], 0.0381193 secs] [Times: user=0.27 sys=0.00, real=0.04 secs] 
2020-10-28T21:57:25.175-0800: 0.963: [GC (Allocation Failure) [PSYoungGen: 58880K->22585K(116736K)] 371816K->335522K(466432K), 0.0023638 secs] [Times: user=0.02 sys=0.00, real=0.00 secs] 
2020-10-28T21:57:25.185-0800: 0.973: [GC (Allocation Failure) [PSYoungGen: 81417K->19726K(116736K)] 394353K->353273K(466432K), 0.0072006 secs] [Times: user=0.02 sys=0.03, real=0.01 secs] 
2020-10-28T21:57:25.192-0800: 0.980: [Full GC (Ergonomics) [PSYoungGen: 19726K->0K(116736K)] [ParOldGen: 333546K->320196K(349696K)] 353273K->320196K(466432K), [Metaspace: 2731K->2731K(1056768K)], 0.0389090 secs] [Times: user=0.27 sys=0.00, real=0.04 secs] 
2020-10-28T21:57:25.241-0800: 1.029: [Full GC (Ergonomics) [PSYoungGen: 58523K->0K(116736K)] [ParOldGen: 320196K->322741K(349696K)] 378720K->322741K(466432K), [Metaspace: 2731K->2731K(1056768K)], 0.0391212 secs] [Times: user=0.28 sys=0.00, real=0.04 secs] 
2020-10-28T21:57:25.289-0800: 1.077: [Full GC (Ergonomics) [PSYoungGen: 58880K->0K(116736K)] [ParOldGen: 322741K->327980K(349696K)] 381621K->327980K(466432K), [Metaspace: 2731K->2731K(1056768K)], 0.0401391 secs] [Times: user=0.28 sys=0.01, real=0.04 secs] 
Heap
 PSYoungGen      total 116736K, used 2490K [0x00000007b5580000, 0x00000007c0000000, 0x00000007c0000000)
  eden space 58880K, 4% used [0x00000007b5580000,0x00000007b57ee838,0x00000007b8f00000)
  from space 57856K, 0% used [0x00000007b8f00000,0x00000007b8f00000,0x00000007bc780000)
  to   space 57856K, 0% used [0x00000007bc780000,0x00000007bc780000,0x00000007c0000000)
 ParOldGen       total 349696K, used 327980K [0x00000007a0000000, 0x00000007b5580000, 0x00000007b5580000)
  object space 349696K, 93% used [0x00000007a0000000,0x00000007b404b218,0x00000007b5580000)
 Metaspace       used 2737K, capacity 4486K, committed 4864K, reserved 1056768K
  class space    used 298K, capacity 386K, committed 512K, reserved 1048576K

```

**如上面日志并行gc 一共发生36次gc,其中young gc 27次 full gc 9次，young gc都是因为对象内存分配失败导致的，相对串行gc, young gc比较频繁, full gc没有发生回收失败的情况，老年代的回收效率高于串行gc.总的gc停顿时间和串行gc基本一致。总体更平均一些。**

### 3 CMS gc

执行命令

```shell
java -XX:+UseConcMarkSweepGC  -Xms512m -Xmx512m -Xloggc:gc.cms.log -XX:+PrintGCDetails -XX:+PrintGCDateStamps GCLogAnalysis
```

生成对象个数:8285

gc日志如下

```shell
Java HotSpot(TM) 64-Bit Server VM (25.241-b07) for bsd-amd64 JRE (1.8.0_241-b07), built on Dec 11 2019 02:29:59 by "java_re" with gcc 4.2.1 (Based on Apple Inc. build 5658) (LLVM build 2336.11.00)
Memory: 4k page, physical 16777216k(445436k free)

/proc/meminfo:

CommandLine flags: -XX:InitialHeapSize=536870912 -XX:MaxHeapSize=536870912 -XX:MaxNewSize=178958336 -XX:MaxTenuringThreshold=6 -XX:NewSize=178958336 -XX:OldPLABSize=16 -XX:OldSize=357912576 -XX:+PrintGC -XX:+PrintGCDateStamps -XX:+PrintGCDetails -XX:+PrintGCTimeStamps -XX:+UseCompressedClassPointers -XX:+UseCompressedOops -XX:+UseConcMarkSweepGC -XX:+UseParNewGC 
2020-10-28T22:36:20.899-0800: 0.248: [GC (Allocation Failure) 2020-10-28T22:36:20.899-0800: 0.248: [ParNew: 139776K->17472K(157248K), 0.0197010 secs] 139776K->43035K(506816K), 0.0198416 secs] [Times: user=0.03 sys=0.08, real=0.02 secs] 
2020-10-28T22:36:20.951-0800: 0.300: [GC (Allocation Failure) 2020-10-28T22:36:20.951-0800: 0.300: [ParNew: 157248K->17468K(157248K), 0.0258112 secs] 182811K->88356K(506816K), 0.0258913 secs] [Times: user=0.05 sys=0.10, real=0.02 secs] 
2020-10-28T22:36:21.000-0800: 0.350: [GC (Allocation Failure) 2020-10-28T22:36:21.000-0800: 0.350: [ParNew: 157244K->17470K(157248K), 0.0408277 secs] 228132K->139251K(506816K), 0.0409047 secs] [Times: user=0.25 sys=0.03, real=0.04 secs] 
2020-10-28T22:36:21.066-0800: 0.415: [GC (Allocation Failure) 2020-10-28T22:36:21.066-0800: 0.415: [ParNew: 157246K->17471K(157248K), 0.0303653 secs] 279027K->180486K(506816K), 0.0304502 secs] [Times: user=0.18 sys=0.02, real=0.03 secs] 
2020-10-28T22:36:21.121-0800: 0.470: [GC (Allocation Failure) 2020-10-28T22:36:21.121-0800: 0.470: [ParNew: 157186K->17469K(157248K), 0.0300974 secs] 320201K->221371K(506816K), 0.0301762 secs] [Times: user=0.15 sys=0.02, real=0.03 secs] 
2020-10-28T22:36:21.151-0800: 0.501: [GC (CMS Initial Mark) [1 CMS-initial-mark: 203901K(349568K)] 221897K(506816K), 0.0003415 secs] [Times: user=0.00 sys=0.00, real=0.00 secs] 
2020-10-28T22:36:21.152-0800: 0.501: [CMS-concurrent-mark-start]
2020-10-28T22:36:21.154-0800: 0.503: [CMS-concurrent-mark: 0.002/0.002 secs] [Times: user=0.01 sys=0.01, real=0.00 secs] 
2020-10-28T22:36:21.154-0800: 0.503: [CMS-concurrent-preclean-start]
2020-10-28T22:36:21.154-0800: 0.504: [CMS-concurrent-preclean: 0.001/0.001 secs] [Times: user=0.00 sys=0.00, real=0.00 secs] 
2020-10-28T22:36:21.154-0800: 0.504: [CMS-concurrent-abortable-preclean-start]
2020-10-28T22:36:21.174-0800: 0.523: [GC (Allocation Failure) 2020-10-28T22:36:21.174-0800: 0.523: [ParNew: 157245K->17471K(157248K), 0.0424103 secs] 361147K->270227K(506816K), 0.0425072 secs] [Times: user=0.18 sys=0.03, real=0.04 secs] 
2020-10-28T22:36:21.243-0800: 0.592: [GC (Allocation Failure) 2020-10-28T22:36:21.243-0800: 0.592: [ParNew: 157247K->17471K(157248K), 0.0371482 secs] 410003K->313134K(506816K), 0.0372363 secs] [Times: user=0.16 sys=0.02, real=0.04 secs] 
2020-10-28T22:36:21.307-0800: 0.657: [GC (Allocation Failure) 2020-10-28T22:36:21.307-0800: 0.657: [ParNew: 157220K->17470K(157248K), 0.0402730 secs] 452883K->360133K(506816K), 0.0403515 secs] [Times: user=0.15 sys=0.03, real=0.04 secs] 
2020-10-28T22:36:21.348-0800: 0.697: [CMS-concurrent-abortable-preclean: 0.004/0.193 secs] [Times: user=0.57 sys=0.08, real=0.19 secs] 
2020-10-28T22:36:21.348-0800: 0.697: [GC (CMS Final Remark) [YG occupancy: 20353 K (157248 K)]2020-10-28T22:36:21.348-0800: 0.697: [Rescan (parallel) , 0.0003859 secs]2020-10-28T22:36:21.348-0800: 0.698: [weak refs processing, 0.0000243 secs]2020-10-28T22:36:21.348-0800: 0.698: [class unloading, 0.0003234 secs]2020-10-28T22:36:21.349-0800: 0.698: [scrub symbol table, 0.0003928 secs]2020-10-28T22:36:21.349-0800: 0.698: [scrub string table, 0.0001813 secs][1 CMS-remark: 342662K(349568K)] 363015K(506816K), 0.0014167 secs] [Times: user=0.00 sys=0.00, real=0.00 secs] 
2020-10-28T22:36:21.349-0800: 0.699: [CMS-concurrent-sweep-start]
2020-10-28T22:36:21.351-0800: 0.700: [CMS-concurrent-sweep: 0.001/0.001 secs] [Times: user=0.00 sys=0.00, real=0.01 secs] 
2020-10-28T22:36:21.351-0800: 0.700: [CMS-concurrent-reset-start]
2020-10-28T22:36:21.352-0800: 0.701: [CMS-concurrent-reset: 0.001/0.001 secs] [Times: user=0.01 sys=0.00, real=0.00 secs] 
2020-10-28T22:36:21.378-0800: 0.727: [GC (Allocation Failure) 2020-10-28T22:36:21.378-0800: 0.727: [ParNew: 157203K->157203K(157248K), 0.0000786 secs]2020-10-28T22:36:21.378-0800: 0.727: [CMS: 302716K->264311K(349568K), 0.0844370 secs] 459920K->264311K(506816K), [Metaspace: 2731K->2731K(1056768K)], 0.0846170 secs] [Times: user=0.08 sys=0.00, real=0.09 secs] 
2020-10-28T22:36:21.463-0800: 0.812: [GC (CMS Initial Mark) [1 CMS-initial-mark: 264311K(349568K)] 264380K(506816K), 0.0001680 secs] [Times: user=0.00 sys=0.00, real=0.00 secs] 
2020-10-28T22:36:21.463-0800: 0.812: [CMS-concurrent-mark-start]
2020-10-28T22:36:21.464-0800: 0.813: [CMS-concurrent-mark: 0.001/0.001 secs] [Times: user=0.00 sys=0.00, real=0.00 secs] 
2020-10-28T22:36:21.464-0800: 0.813: [CMS-concurrent-preclean-start]
2020-10-28T22:36:21.464-0800: 0.814: [CMS-concurrent-preclean: 0.001/0.001 secs] [Times: user=0.01 sys=0.00, real=0.00 secs] 
2020-10-28T22:36:21.464-0800: 0.814: [CMS-concurrent-abortable-preclean-start]
2020-10-28T22:36:21.486-0800: 0.835: [GC (Allocation Failure) 2020-10-28T22:36:21.486-0800: 0.835: [ParNew: 139733K->17467K(157248K), 0.0095938 secs] 404044K->317704K(506816K), 0.0096627 secs] [Times: user=0.06 sys=0.00, real=0.01 secs] 
2020-10-28T22:36:21.519-0800: 0.868: [GC (Allocation Failure) 2020-10-28T22:36:21.519-0800: 0.868: [ParNew: 157243K->17471K(157248K), 0.0107450 secs] 457480K->361751K(506816K), 0.0108112 secs] [Times: user=0.07 sys=0.01, real=0.02 secs] 
2020-10-28T22:36:21.530-0800: 0.879: [CMS-concurrent-abortable-preclean: 0.002/0.065 secs] [Times: user=0.17 sys=0.01, real=0.07 secs] 
2020-10-28T22:36:21.530-0800: 0.879: [GC (CMS Final Remark) [YG occupancy: 20346 K (157248 K)]2020-10-28T22:36:21.530-0800: 0.879: [Rescan (parallel) , 0.0004273 secs]2020-10-28T22:36:21.530-0800: 0.879: [weak refs processing, 0.0000130 secs]2020-10-28T22:36:21.530-0800: 0.879: [class unloading, 0.0002114 secs]2020-10-28T22:36:21.530-0800: 0.880: [scrub symbol table, 0.0004043 secs]2020-10-28T22:36:21.531-0800: 0.880: [scrub string table, 0.0001678 secs][1 CMS-remark: 344280K(349568K)] 364627K(506816K), 0.0012992 secs] [Times: user=0.00 sys=0.00, real=0.00 secs] 
2020-10-28T22:36:21.531-0800: 0.880: [CMS-concurrent-sweep-start]
2020-10-28T22:36:21.532-0800: 0.881: [CMS-concurrent-sweep: 0.001/0.001 secs] [Times: user=0.01 sys=0.00, real=0.00 secs] 
2020-10-28T22:36:21.532-0800: 0.881: [CMS-concurrent-reset-start]
2020-10-28T22:36:21.532-0800: 0.881: [CMS-concurrent-reset: 0.000/0.000 secs] [Times: user=0.00 sys=0.00, real=0.00 secs] 
2020-10-28T22:36:21.552-0800: 0.902: [GC (Allocation Failure) 2020-10-28T22:36:21.552-0800: 0.902: [ParNew: 157043K->157043K(157248K), 0.0000207 secs]2020-10-28T22:36:21.553-0800: 0.902: [CMS: 344208K->312358K(349568K), 0.0507823 secs] 501252K->312358K(506816K), [Metaspace: 2731K->2731K(1056768K)], 0.0508836 secs] [Times: user=0.05 sys=0.00, real=0.05 secs] 
2020-10-28T22:36:21.603-0800: 0.953: [GC (CMS Initial Mark) [1 CMS-initial-mark: 312358K(349568K)] 313004K(506816K), 0.0001674 secs] [Times: user=0.00 sys=0.00, real=0.00 secs] 
2020-10-28T22:36:21.604-0800: 0.953: [CMS-concurrent-mark-start]
2020-10-28T22:36:21.605-0800: 0.954: [CMS-concurrent-mark: 0.001/0.001 secs] [Times: user=0.00 sys=0.00, real=0.00 secs] 
2020-10-28T22:36:21.605-0800: 0.954: [CMS-concurrent-preclean-start]
2020-10-28T22:36:21.605-0800: 0.955: [CMS-concurrent-preclean: 0.000/0.000 secs] [Times: user=0.00 sys=0.00, real=0.00 secs] 
2020-10-28T22:36:21.605-0800: 0.955: [CMS-concurrent-abortable-preclean-start]
2020-10-28T22:36:21.624-0800: 0.973: [GC (Allocation Failure) 2020-10-28T22:36:21.624-0800: 0.973: [ParNew: 139776K->17471K(157248K), 0.0077602 secs] 452134K->361878K(506816K), 0.0078260 secs] [Times: user=0.05 sys=0.00, real=0.01 secs] 
2020-10-28T22:36:21.632-0800: 0.981: [CMS-concurrent-abortable-preclean: 0.001/0.026 secs] [Times: user=0.07 sys=0.00, real=0.03 secs] 
2020-10-28T22:36:21.632-0800: 0.981: [GC (CMS Final Remark) [YG occupancy: 17759 K (157248 K)]2020-10-28T22:36:21.632-0800: 0.981: [Rescan (parallel) , 0.0004128 secs]2020-10-28T22:36:21.632-0800: 0.982: [weak refs processing, 0.0000154 secs]2020-10-28T22:36:21.632-0800: 0.982: [class unloading, 0.0002810 secs]2020-10-28T22:36:21.633-0800: 0.982: [scrub symbol table, 0.0005025 secs]2020-10-28T22:36:21.633-0800: 0.983: [scrub string table, 0.0001789 secs][1 CMS-remark: 344406K(349568K)] 362166K(506816K), 0.0015359 secs] [Times: user=0.01 sys=0.00, real=0.00 secs] 
2020-10-28T22:36:21.634-0800: 0.983: [CMS-concurrent-sweep-start]
2020-10-28T22:36:21.634-0800: 0.983: [CMS-concurrent-sweep: 0.001/0.001 secs] [Times: user=0.00 sys=0.00, real=0.00 secs] 
2020-10-28T22:36:21.634-0800: 0.983: [CMS-concurrent-reset-start]
2020-10-28T22:36:21.635-0800: 0.984: [CMS-concurrent-reset: 0.001/0.001 secs] [Times: user=0.00 sys=0.00, real=0.00 secs] 
2020-10-28T22:36:21.655-0800: 1.005: [GC (Allocation Failure) 2020-10-28T22:36:21.655-0800: 1.005: [ParNew: 157247K->157247K(157248K), 0.0000200 secs]2020-10-28T22:36:21.655-0800: 1.005: [CMS: 343343K->333787K(349568K), 0.0524150 secs] 500591K->333787K(506816K), [Metaspace: 2731K->2731K(1056768K)], 0.0525182 secs] [Times: user=0.05 sys=0.00, real=0.05 secs] 
2020-10-28T22:36:21.708-0800: 1.057: [GC (CMS Initial Mark) [1 CMS-initial-mark: 333787K(349568K)] 333944K(506816K), 0.0001738 secs] [Times: user=0.00 sys=0.00, real=0.00 secs] 
2020-10-28T22:36:21.708-0800: 1.057: [CMS-concurrent-mark-start]
2020-10-28T22:36:21.709-0800: 1.059: [CMS-concurrent-mark: 0.001/0.001 secs] [Times: user=0.01 sys=0.00, real=0.00 secs] 
2020-10-28T22:36:21.709-0800: 1.059: [CMS-concurrent-preclean-start]
2020-10-28T22:36:21.710-0800: 1.059: [CMS-concurrent-preclean: 0.000/0.000 secs] [Times: user=0.00 sys=0.00, real=0.01 secs] 
2020-10-28T22:36:21.710-0800: 1.059: [CMS-concurrent-abortable-preclean-start]
2020-10-28T22:36:21.731-0800: 1.080: [GC (Allocation Failure) 2020-10-28T22:36:21.731-0800: 1.080: [ParNew: 139776K->139776K(157248K), 0.0000223 secs]2020-10-28T22:36:21.731-0800: 1.080: [CMS2020-10-28T22:36:21.731-0800: 1.080: [CMS-concurrent-abortable-preclean: 0.001/0.021 secs] [Times: user=0.02 sys=0.00, real=0.02 secs] 
 (concurrent mode failure): 333787K->335629K(349568K), 0.0518527 secs] 473563K->335629K(506816K), [Metaspace: 2731K->2731K(1056768K)], 0.0519699 secs] [Times: user=0.05 sys=0.00, real=0.05 secs] 
Heap
 par new generation   total 157248K, used 91950K [0x00000007a0000000, 0x00000007aaaa0000, 0x00000007aaaa0000)
  eden space 139776K,  65% used [0x00000007a0000000, 0x00000007a59cb9b0, 0x00000007a8880000)
  from space 17472K,   0% used [0x00000007a9990000, 0x00000007a9990000, 0x00000007aaaa0000)
  to   space 17472K,   0% used [0x00000007a8880000, 0x00000007a8880000, 0x00000007a9990000)
 concurrent mark-sweep generation total 349568K, used 335629K [0x00000007aaaa0000, 0x00000007c0000000, 0x00000007c0000000)
 Metaspace       used 2737K, capacity 4486K, committed 4864K, reserved 1056768K
  class space    used 298K, capacity 386K, committed 512K, reserved 1048576K

```

**cms gc一共发生18次gc,15次 young gc 1次 Concurrent Mode Failure，其他情况2次，gc 暂停总时间约540ms,比前2个gc 约低了100ms, 并发执行时间约300ms. 在512m堆大小的整体表现要优于前2者。**



###  4 G1 gc

执行命令

```shell
java -XX:+UseG1GC  -Xms512m -Xmx512m -Xloggc:gc.cms.log -XX:+PrintGCDetails -XX:+PrintGCDateStamps GCLogAnalysis
```

生成对象个数：10475个

日志如下：

```shell
Java HotSpot(TM) 64-Bit Server VM (25.241-b07) for bsd-amd64 JRE (1.8.0_241-b07), built on Dec 11 2019 02:29:59 by "java_re" with gcc 4.2.1 (Based on Apple Inc. build 5658) (LLVM build 2336.11.00)
Memory: 4k page, physical 16777216k(3159256k free)

/proc/meminfo:

CommandLine flags: -XX:InitialHeapSize=536870912 -XX:MaxHeapSize=536870912 -XX:+PrintGC -XX:+PrintGCDateStamps -XX:+PrintGCDetails -XX:+PrintGCTimeStamps -XX:+UseCompressedClassPointers -XX:+UseCompressedOops -XX:+UseG1GC 
2020-10-28T22:57:20.975-0800: 0.193: [GC pause (G1 Evacuation Pause) (young), 0.0039975 secs]
   [Parallel Time: 3.5 ms, GC Workers: 8]
      [GC Worker Start (ms): Min: 193.3, Avg: 193.4, Max: 193.4, Diff: 0.1]
      [Ext Root Scanning (ms): Min: 0.1, Avg: 0.2, Max: 0.3, Diff: 0.2, Sum: 1.3]
      [Update RS (ms): Min: 0.0, Avg: 0.0, Max: 0.0, Diff: 0.0, Sum: 0.0]
         [Processed Buffers: Min: 0, Avg: 0.0, Max: 0, Diff: 0, Sum: 0]
      [Scan RS (ms): Min: 0.0, Avg: 0.0, Max: 0.0, Diff: 0.0, Sum: 0.0]
      [Code Root Scanning (ms): Min: 0.0, Avg: 0.0, Max: 0.0, Diff: 0.0, Sum: 0.0]
      [Object Copy (ms): Min: 2.7, Avg: 2.9, Max: 3.2, Diff: 0.4, Sum: 23.6]
      [Termination (ms): Min: 0.0, Avg: 0.2, Max: 0.5, Diff: 0.5, Sum: 1.9]
         [Termination Attempts: Min: 1, Avg: 1.0, Max: 1, Diff: 0, Sum: 8]
      [GC Worker Other (ms): Min: 0.0, Avg: 0.0, Max: 0.0, Diff: 0.0, Sum: 0.1]
      [GC Worker Total (ms): Min: 3.3, Avg: 3.4, Max: 3.4, Diff: 0.1, Sum: 26.9]
      [GC Worker End (ms): Min: 196.7, Avg: 196.7, Max: 196.7, Diff: 0.0]
   [Code Root Fixup: 0.0 ms]
   [Code Root Purge: 0.0 ms]
   [Clear CT: 0.1 ms]
   [Other: 0.4 ms]
      [Choose CSet: 0.0 ms]
      [Ref Proc: 0.1 ms]
      [Ref Enq: 0.0 ms]
      [Redirty Cards: 0.1 ms]
      [Humongous Register: 0.0 ms]
      [Humongous Reclaim: 0.0 ms]
      [Free CSet: 0.0 ms]
   [Eden: 25.0M(25.0M)->0.0B(22.0M) Survivors: 0.0B->4096.0K Heap: 30.9M(512.0M)->12.4M(512.0M)]
 [Times: user=0.01 sys=0.01, real=0.00 secs] 
2020-10-28T22:57:20.986-0800: 0.204: [GC pause (G1 Evacuation Pause) (young), 0.0040053 secs]
   [Parallel Time: 3.4 ms, GC Workers: 8]
      [GC Worker Start (ms): Min: 203.8, Avg: 203.9, Max: 203.9, Diff: 0.1]
      [Ext Root Scanning (ms): Min: 0.1, Avg: 0.1, Max: 0.2, Diff: 0.1, Sum: 1.0]
      [Update RS (ms): Min: 0.0, Avg: 0.0, Max: 0.1, Diff: 0.1, Sum: 0.2]
         [Processed Buffers: Min: 0, Avg: 0.5, Max: 2, Diff: 2, Sum: 4]
      [Scan RS (ms): Min: 0.0, Avg: 0.0, Max: 0.0, Diff: 0.0, Sum: 0.0]
      [Code Root Scanning (ms): Min: 0.0, Avg: 0.0, Max: 0.0, Diff: 0.0, Sum: 0.0]
      [Object Copy (ms): Min: 2.4, Avg: 2.7, Max: 3.1, Diff: 0.7, Sum: 21.4]
      [Termination (ms): Min: 0.0, Avg: 0.4, Max: 0.6, Diff: 0.6, Sum: 3.2]
         [Termination Attempts: Min: 1, Avg: 1.0, Max: 1, Diff: 0, Sum: 8]
      [GC Worker Other (ms): Min: 0.0, Avg: 0.0, Max: 0.0, Diff: 0.0, Sum: 0.1]
      [GC Worker Total (ms): Min: 3.2, Avg: 3.2, Max: 3.3, Diff: 0.1, Sum: 25.8]
      [GC Worker End (ms): Min: 207.1, Avg: 207.1, Max: 207.1, Diff: 0.0]
   [Code Root Fixup: 0.0 ms]
   [Code Root Purge: 0.0 ms]
   [Clear CT: 0.1 ms]
   [Other: 0.5 ms]
      [Choose CSet: 0.0 ms]
      [Ref Proc: 0.2 ms]
      [Ref Enq: 0.0 ms]
      [Redirty Cards: 0.1 ms]
      [Humongous Register: 0.0 ms]
      [Humongous Reclaim: 0.0 ms]
      [Free CSet: 0.0 ms]
   [Eden: 22.0M(22.0M)->0.0B(49.0M) Survivors: 4096.0K->4096.0K Heap: 38.2M(512.0M)->20.8M(512.0M)]
 [Times: user=0.01 sys=0.01, real=0.01 secs] 
2020-10-28T22:57:21.021-0800: 0.239: [GC pause (G1 Evacuation Pause) (young), 0.0078933 secs]
   [Parallel Time: 7.4 ms, GC Workers: 8]
      [GC Worker Start (ms): Min: 239.6, Avg: 239.6, Max: 239.7, Diff: 0.2]
      [Ext Root Scanning (ms): Min: 0.0, Avg: 0.1, Max: 0.2, Diff: 0.2, Sum: 0.7]
      [Update RS (ms): Min: 0.1, Avg: 0.1, Max: 0.2, Diff: 0.1, Sum: 0.8]
         [Processed Buffers: Min: 1, Avg: 1.4, Max: 2, Diff: 1, Sum: 11]
      [Scan RS (ms): Min: 0.0, Avg: 0.0, Max: 0.0, Diff: 0.0, Sum: 0.1]
      [Code Root Scanning (ms): Min: 0.0, Avg: 0.0, Max: 0.0, Diff: 0.0, Sum: 0.0]
      [Object Copy (ms): Min: 6.4, Avg: 6.7, Max: 7.0, Diff: 0.5, Sum: 53.8]
      [Termination (ms): Min: 0.0, Avg: 0.2, Max: 0.5, Diff: 0.5, Sum: 1.9]
         [Termination Attempts: Min: 1, Avg: 1.0, Max: 1, Diff: 0, Sum: 8]
      [GC Worker Other (ms): Min: 0.0, Avg: 0.0, Max: 0.0, Diff: 0.0, Sum: 0.1]
      [GC Worker Total (ms): Min: 7.1, Avg: 7.2, Max: 7.3, Diff: 0.2, Sum: 57.3]
      [GC Worker End (ms): Min: 246.8, Avg: 246.8, Max: 246.8, Diff: 0.0]
   [Code Root Fixup: 0.0 ms]
   [Code Root Purge: 0.0 ms]
   [Clear CT: 0.1 ms]
   [Other: 0.4 ms]
      [Choose CSet: 0.0 ms]
      [Ref Proc: 0.2 ms]
      [Ref Enq: 0.0 ms]
      [Redirty Cards: 0.1 ms]
      [Humongous Register: 0.0 ms]
      [Humongous Reclaim: 0.0 ms]
      [Free CSet: 0.0 ms]
   [Eden: 49.0M(49.0M)->0.0B(56.0M) Survivors: 4096.0K->7168.0K Heap: 79.7M(512.0M)->40.6M(512.0M)]
 [Times: user=0.01 sys=0.03, real=0.00 secs] 
2020-10-28T22:57:21.047-0800: 0.265: [GC pause (G1 Evacuation Pause) (young), 0.0093169 secs]
   [Parallel Time: 8.8 ms, GC Workers: 8]
      [GC Worker Start (ms): Min: 264.6, Avg: 264.7, Max: 264.8, Diff: 0.1]
      [Ext Root Scanning (ms): Min: 0.1, Avg: 0.1, Max: 0.2, Diff: 0.1, Sum: 0.9]
      [Update RS (ms): Min: 0.0, Avg: 0.1, Max: 0.2, Diff: 0.2, Sum: 0.9]
         [Processed Buffers: Min: 0, Avg: 1.5, Max: 2, Diff: 2, Sum: 12]
      [Scan RS (ms): Min: 0.0, Avg: 0.0, Max: 0.0, Diff: 0.0, Sum: 0.1]
      [Code Root Scanning (ms): Min: 0.0, Avg: 0.0, Max: 0.0, Diff: 0.0, Sum: 0.0]
      [Object Copy (ms): Min: 8.2, Avg: 8.3, Max: 8.6, Diff: 0.4, Sum: 66.3]
      [Termination (ms): Min: 0.0, Avg: 0.2, Max: 0.2, Diff: 0.2, Sum: 1.4]
         [Termination Attempts: Min: 1, Avg: 1.0, Max: 1, Diff: 0, Sum: 8]
      [GC Worker Other (ms): Min: 0.0, Avg: 0.0, Max: 0.0, Diff: 0.0, Sum: 0.1]
      [GC Worker Total (ms): Min: 8.6, Avg: 8.7, Max: 8.8, Diff: 0.1, Sum: 69.6]
      [GC Worker End (ms): Min: 273.4, Avg: 273.4, Max: 273.4, Diff: 0.0]
   [Code Root Fixup: 0.0 ms]
   [Code Root Purge: 0.0 ms]
   [Clear CT: 0.1 ms]
   [Other: 0.4 ms]
      [Choose CSet: 0.0 ms]
      [Ref Proc: 0.2 ms]
      [Ref Enq: 0.0 ms]
      [Redirty Cards: 0.1 ms]
      [Humongous Register: 0.0 ms]
      [Humongous Reclaim: 0.0 ms]
      [Free CSet: 0.0 ms]
   [Eden: 56.0M(56.0M)->0.0B(71.0M) Survivors: 7168.0K->8192.0K Heap: 109.2M(512.0M)->61.3M(512.0M)]
 [Times: user=0.01 sys=0.04, real=0.01 secs] 
2020-10-28T22:57:21.083-0800: 0.301: [GC pause (G1 Evacuation Pause) (young), 0.0089957 secs]
   [Parallel Time: 8.5 ms, GC Workers: 8]
      [GC Worker Start (ms): Min: 300.6, Avg: 300.7, Max: 300.7, Diff: 0.1]
      [Ext Root Scanning (ms): Min: 0.1, Avg: 0.1, Max: 0.1, Diff: 0.1, Sum: 0.8]
      [Update RS (ms): Min: 0.0, Avg: 0.1, Max: 0.2, Diff: 0.2, Sum: 1.0]
         [Processed Buffers: Min: 0, Avg: 1.6, Max: 3, Diff: 3, Sum: 13]
      [Scan RS (ms): Min: 0.0, Avg: 0.0, Max: 0.0, Diff: 0.0, Sum: 0.1]
      [Code Root Scanning (ms): Min: 0.0, Avg: 0.0, Max: 0.0, Diff: 0.0, Sum: 0.0]
      [Object Copy (ms): Min: 7.8, Avg: 8.0, Max: 8.3, Diff: 0.5, Sum: 63.9]
      [Termination (ms): Min: 0.0, Avg: 0.2, Max: 0.4, Diff: 0.4, Sum: 1.5]
         [Termination Attempts: Min: 1, Avg: 1.8, Max: 3, Diff: 2, Sum: 14]
      [GC Worker Other (ms): Min: 0.0, Avg: 0.0, Max: 0.0, Diff: 0.0, Sum: 0.1]
      [GC Worker Total (ms): Min: 8.4, Avg: 8.4, Max: 8.5, Diff: 0.1, Sum: 67.3]
      [GC Worker End (ms): Min: 309.1, Avg: 309.1, Max: 309.1, Diff: 0.0]
   [Code Root Fixup: 0.0 ms]
   [Code Root Purge: 0.0 ms]
   [Clear CT: 0.1 ms]
   [Other: 0.4 ms]
      [Choose CSet: 0.0 ms]
      [Ref Proc: 0.1 ms]
      [Ref Enq: 0.0 ms]
      [Redirty Cards: 0.1 ms]
      [Humongous Register: 0.0 ms]
      [Humongous Reclaim: 0.0 ms]
      [Free CSet: 0.0 ms]
   [Eden: 71.0M(71.0M)->0.0B(297.0M) Survivors: 8192.0K->10.0M Heap: 154.7M(512.0M)->90.2M(512.0M)]
 [Times: user=0.01 sys=0.04, real=0.01 secs] 
2020-10-28T22:57:21.267-0800: 0.485: [GC pause (G1 Evacuation Pause) (young) (to-space exhausted), 0.0037332 secs]
   [Parallel Time: 1.2 ms, GC Workers: 8]
      [GC Worker Start (ms): Min: 485.5, Avg: 485.6, Max: 485.6, Diff: 0.2]
      [Ext Root Scanning (ms): Min: 0.0, Avg: 0.1, Max: 0.2, Diff: 0.2, Sum: 0.6]
      [Update RS (ms): Min: 0.2, Avg: 0.2, Max: 0.3, Diff: 0.1, Sum: 2.0]
         [Processed Buffers: Min: 1, Avg: 2.9, Max: 5, Diff: 4, Sum: 23]
      [Scan RS (ms): Min: 0.0, Avg: 0.0, Max: 0.0, Diff: 0.0, Sum: 0.2]
      [Code Root Scanning (ms): Min: 0.0, Avg: 0.0, Max: 0.0, Diff: 0.0, Sum: 0.0]
      [Object Copy (ms): Min: 0.5, Avg: 0.6, Max: 0.7, Diff: 0.2, Sum: 4.6]
      [Termination (ms): Min: 0.0, Avg: 0.0, Max: 0.1, Diff: 0.1, Sum: 0.3]
         [Termination Attempts: Min: 1, Avg: 1.0, Max: 1, Diff: 0, Sum: 8]
      [GC Worker Other (ms): Min: 0.0, Avg: 0.0, Max: 0.0, Diff: 0.0, Sum: 0.1]
      [GC Worker Total (ms): Min: 0.9, Avg: 1.0, Max: 1.1, Diff: 0.2, Sum: 7.9]
      [GC Worker End (ms): Min: 486.6, Avg: 486.6, Max: 486.6, Diff: 0.0]
   [Code Root Fixup: 0.0 ms]
   [Code Root Purge: 0.0 ms]
   [Clear CT: 0.2 ms]
   [Other: 2.4 ms]
      [Evacuation Failure: 1.8 ms]
      [Choose CSet: 0.0 ms]
      [Ref Proc: 0.1 ms]
      [Ref Enq: 0.0 ms]
      [Redirty Cards: 0.1 ms]
      [Humongous Register: 0.0 ms]
      [Humongous Reclaim: 0.2 ms]
      [Free CSet: 0.0 ms]
   [Eden: 292.0M(297.0M)->0.0B(36.0M) Survivors: 10.0M->0.0B Heap: 457.1M(512.0M)->381.3M(512.0M)]
 [Times: user=0.01 sys=0.01, real=0.01 secs] 
2020-10-28T22:57:21.271-0800: 0.489: [GC pause (G1 Humongous Allocation) (young) (initial-mark), 0.0008795 secs]
   [Parallel Time: 0.4 ms, GC Workers: 8]
      [GC Worker Start (ms): Min: 489.4, Avg: 489.5, Max: 489.5, Diff: 0.1]
      [Ext Root Scanning (ms): Min: 0.1, Avg: 0.1, Max: 0.2, Diff: 0.1, Sum: 0.9]
      [Update RS (ms): Min: 0.0, Avg: 0.1, Max: 0.1, Diff: 0.1, Sum: 0.4]
         [Processed Buffers: Min: 0, Avg: 1.8, Max: 4, Diff: 4, Sum: 14]
      [Scan RS (ms): Min: 0.0, Avg: 0.0, Max: 0.0, Diff: 0.0, Sum: 0.0]
      [Code Root Scanning (ms): Min: 0.0, Avg: 0.0, Max: 0.0, Diff: 0.0, Sum: 0.0]
      [Object Copy (ms): Min: 0.0, Avg: 0.0, Max: 0.1, Diff: 0.1, Sum: 0.2]
      [Termination (ms): Min: 0.0, Avg: 0.1, Max: 0.1, Diff: 0.1, Sum: 0.7]
         [Termination Attempts: Min: 1, Avg: 1.0, Max: 1, Diff: 0, Sum: 8]
      [GC Worker Other (ms): Min: 0.0, Avg: 0.0, Max: 0.0, Diff: 0.0, Sum: 0.1]
      [GC Worker Total (ms): Min: 0.2, Avg: 0.3, Max: 0.3, Diff: 0.1, Sum: 2.3]
      [GC Worker End (ms): Min: 489.8, Avg: 489.8, Max: 489.8, Diff: 0.0]
   [Code Root Fixup: 0.0 ms]
   [Code Root Purge: 0.0 ms]
   [Clear CT: 0.1 ms]
   [Other: 0.4 ms]
      [Choose CSet: 0.0 ms]
      [Ref Proc: 0.2 ms]
      [Ref Enq: 0.0 ms]
      [Redirty Cards: 0.1 ms]
      [Humongous Register: 0.0 ms]
      [Humongous Reclaim: 0.0 ms]
      [Free CSet: 0.0 ms]
   [Eden: 1024.0K(36.0M)->0.0B(35.0M) Survivors: 0.0B->1024.0K Heap: 381.9M(512.0M)->381.6M(512.0M)]
 [Times: user=0.00 sys=0.00, real=0.00 secs] 
2020-10-28T22:57:21.272-0800: 0.490: [GC concurrent-root-region-scan-start]
2020-10-28T22:57:21.272-0800: 0.490: [GC concurrent-root-region-scan-end, 0.0001203 secs]
2020-10-28T22:57:21.272-0800: 0.490: [GC concurrent-mark-start]
2020-10-28T22:57:21.276-0800: 0.494: [GC concurrent-mark-end, 0.0039129 secs]
2020-10-28T22:57:21.276-0800: 0.495: [GC remark 2020-10-28T22:57:21.277-0800: 0.495: [Finalize Marking, 0.0002773 secs] 2020-10-28T22:57:21.277-0800: 0.495: [GC ref-proc, 0.0000474 secs] 2020-10-28T22:57:21.277-0800: 0.495: [Unloading, 0.0004966 secs], 0.0015047 secs]
 [Times: user=0.01 sys=0.00, real=0.00 secs] 
2020-10-28T22:57:21.278-0800: 0.496: [GC cleanup 395M->394M(512M), 0.0006647 secs]
 [Times: user=0.00 sys=0.00, real=0.00 secs] 
2020-10-28T22:57:21.279-0800: 0.497: [GC concurrent-cleanup-start]
2020-10-28T22:57:21.279-0800: 0.497: [GC concurrent-cleanup-end, 0.0000120 secs]
2020-10-28T22:57:21.286-0800: 0.504: [GC pause (G1 Evacuation Pause) (young), 0.0020706 secs]
   [Parallel Time: 1.5 ms, GC Workers: 8]
      [GC Worker Start (ms): Min: 504.0, Avg: 504.0, Max: 504.1, Diff: 0.1]
      [Ext Root Scanning (ms): Min: 0.1, Avg: 0.1, Max: 0.1, Diff: 0.1, Sum: 0.8]
      [Update RS (ms): Min: 0.2, Avg: 0.3, Max: 0.4, Diff: 0.2, Sum: 2.1]
         [Processed Buffers: Min: 0, Avg: 2.5, Max: 3, Diff: 3, Sum: 20]
      [Scan RS (ms): Min: 0.0, Avg: 0.0, Max: 0.0, Diff: 0.0, Sum: 0.0]
      [Code Root Scanning (ms): Min: 0.0, Avg: 0.0, Max: 0.0, Diff: 0.0, Sum: 0.0]
      [Object Copy (ms): Min: 0.8, Avg: 0.8, Max: 1.0, Diff: 0.2, Sum: 6.7]
      [Termination (ms): Min: 0.0, Avg: 0.1, Max: 0.2, Diff: 0.2, Sum: 1.0]
         [Termination Attempts: Min: 1, Avg: 1.0, Max: 1, Diff: 0, Sum: 8]
      [GC Worker Other (ms): Min: 0.0, Avg: 0.0, Max: 0.0, Diff: 0.0, Sum: 0.1]
      [GC Worker Total (ms): Min: 1.3, Avg: 1.3, Max: 1.4, Diff: 0.1, Sum: 10.7]
      [GC Worker End (ms): Min: 505.4, Avg: 505.4, Max: 505.4, Diff: 0.0]
   [Code Root Fixup: 0.0 ms]
   [Code Root Purge: 0.0 ms]
   [Clear CT: 0.2 ms]
   [Other: 0.4 ms]
      [Choose CSet: 0.0 ms]
      [Ref Proc: 0.2 ms]
      [Ref Enq: 0.0 ms]
      [Redirty Cards: 0.1 ms]
      [Humongous Register: 0.0 ms]
      [Humongous Reclaim: 0.0 ms]
      [Free CSet: 0.0 ms]
   [Eden: 35.0M(35.0M)->0.0B(20.0M) Survivors: 1024.0K->5120.0K Heap: 425.7M(512.0M)->391.6M(512.0M)]
 [Times: user=0.01 sys=0.00, real=0.00 secs] 
2020-10-28T22:57:21.293-0800: 0.511: [GC pause (G1 Evacuation Pause) (mixed), 0.0025018 secs]
   [Parallel Time: 2.0 ms, GC Workers: 8]
      [GC Worker Start (ms): Min: 511.4, Avg: 511.4, Max: 511.5, Diff: 0.1]
      [Ext Root Scanning (ms): Min: 0.0, Avg: 0.1, Max: 0.1, Diff: 0.1, Sum: 0.8]
      [Update RS (ms): Min: 0.2, Avg: 0.2, Max: 0.3, Diff: 0.1, Sum: 1.7]
         [Processed Buffers: Min: 0, Avg: 2.0, Max: 3, Diff: 3, Sum: 16]
      [Scan RS (ms): Min: 0.0, Avg: 0.0, Max: 0.0, Diff: 0.0, Sum: 0.1]
      [Code Root Scanning (ms): Min: 0.0, Avg: 0.0, Max: 0.0, Diff: 0.0, Sum: 0.0]
      [Object Copy (ms): Min: 1.4, Avg: 1.5, Max: 1.6, Diff: 0.1, Sum: 12.0]
      [Termination (ms): Min: 0.0, Avg: 0.1, Max: 0.1, Diff: 0.1, Sum: 0.7]
         [Termination Attempts: Min: 1, Avg: 1.0, Max: 1, Diff: 0, Sum: 8]
      [GC Worker Other (ms): Min: 0.0, Avg: 0.0, Max: 0.0, Diff: 0.0, Sum: 0.1]
      [GC Worker Total (ms): Min: 1.9, Avg: 1.9, Max: 2.0, Diff: 0.1, Sum: 15.4]
      [GC Worker End (ms): Min: 513.3, Avg: 513.3, Max: 513.4, Diff: 0.0]
   [Code Root Fixup: 0.0 ms]
   [Code Root Purge: 0.0 ms]
   [Clear CT: 0.1 ms]
   [Other: 0.4 ms]
      [Choose CSet: 0.0 ms]
      [Ref Proc: 0.1 ms]
      [Ref Enq: 0.0 ms]
      [Redirty Cards: 0.1 ms]
      [Humongous Register: 0.0 ms]
      [Humongous Reclaim: 0.0 ms]
      [Free CSet: 0.0 ms]
   [Eden: 20.0M(20.0M)->0.0B(21.0M) Survivors: 5120.0K->4096.0K Heap: 416.0M(512.0M)->348.0M(512.0M)]
 [Times: user=0.01 sys=0.01, real=0.00 secs] 
2020-10-28T22:57:21.300-0800: 0.518: [GC pause (G1 Evacuation Pause) (mixed), 0.0033642 secs]
   [Parallel Time: 2.8 ms, GC Workers: 8]
      [GC Worker Start (ms): Min: 518.1, Avg: 518.2, Max: 518.2, Diff: 0.1]
      [Ext Root Scanning (ms): Min: 0.0, Avg: 0.1, Max: 0.1, Diff: 0.1, Sum: 0.7]
      [Update RS (ms): Min: 0.2, Avg: 0.2, Max: 0.3, Diff: 0.1, Sum: 1.6]
         [Processed Buffers: Min: 0, Avg: 2.1, Max: 3, Diff: 3, Sum: 17]
      [Scan RS (ms): Min: 0.0, Avg: 0.0, Max: 0.0, Diff: 0.0, Sum: 0.2]
      [Code Root Scanning (ms): Min: 0.0, Avg: 0.0, Max: 0.0, Diff: 0.0, Sum: 0.0]
      [Object Copy (ms): Min: 2.0, Avg: 2.1, Max: 2.3, Diff: 0.3, Sum: 16.7]
      [Termination (ms): Min: 0.0, Avg: 0.2, Max: 0.3, Diff: 0.3, Sum: 1.7]
         [Termination Attempts: Min: 1, Avg: 1.4, Max: 3, Diff: 2, Sum: 11]
      [GC Worker Other (ms): Min: 0.0, Avg: 0.0, Max: 0.0, Diff: 0.0, Sum: 0.1]
      [GC Worker Total (ms): Min: 2.5, Avg: 2.6, Max: 2.7, Diff: 0.2, Sum: 20.9]
      [GC Worker End (ms): Min: 520.8, Avg: 520.8, Max: 520.8, Diff: 0.0]
   [Code Root Fixup: 0.0 ms]
   [Code Root Purge: 0.0 ms]
   [Clear CT: 0.1 ms]
   [Other: 0.5 ms]
      [Choose CSet: 0.0 ms]
      [Ref Proc: 0.2 ms]
      [Ref Enq: 0.0 ms]
      [Redirty Cards: 0.1 ms]
      [Humongous Register: 0.0 ms]
      [Humongous Reclaim: 0.0 ms]
      [Free CSet: 0.0 ms]
   [Eden: 21.0M(21.0M)->0.0B(21.0M) Survivors: 4096.0K->4096.0K Heap: 372.8M(512.0M)->308.9M(512.0M)]
 [Times: user=0.02 sys=0.01, real=0.00 secs] 
2020-10-28T22:57:21.310-0800: 0.528: [GC pause (G1 Evacuation Pause) (mixed), 0.0043260 secs]
   [Parallel Time: 3.8 ms, GC Workers: 8]
      [GC Worker Start (ms): Min: 527.7, Avg: 527.8, Max: 527.9, Diff: 0.2]
      [Ext Root Scanning (ms): Min: 0.0, Avg: 0.1, Max: 0.1, Diff: 0.1, Sum: 0.7]
      [Update RS (ms): Min: 0.3, Avg: 0.4, Max: 0.5, Diff: 0.3, Sum: 2.8]
         [Processed Buffers: Min: 1, Avg: 3.4, Max: 5, Diff: 4, Sum: 27]
      [Scan RS (ms): Min: 0.0, Avg: 0.0, Max: 0.1, Diff: 0.0, Sum: 0.1]
      [Code Root Scanning (ms): Min: 0.0, Avg: 0.0, Max: 0.0, Diff: 0.0, Sum: 0.0]
      [Object Copy (ms): Min: 3.0, Avg: 3.1, Max: 3.3, Diff: 0.3, Sum: 25.2]
      [Termination (ms): Min: 0.0, Avg: 0.1, Max: 0.1, Diff: 0.1, Sum: 0.7]
         [Termination Attempts: Min: 1, Avg: 1.0, Max: 1, Diff: 0, Sum: 8]
      [GC Worker Other (ms): Min: 0.0, Avg: 0.0, Max: 0.0, Diff: 0.0, Sum: 0.1]
      [GC Worker Total (ms): Min: 3.6, Avg: 3.7, Max: 3.8, Diff: 0.2, Sum: 29.6]
      [GC Worker End (ms): Min: 531.5, Avg: 531.5, Max: 531.5, Diff: 0.0]
   [Code Root Fixup: 0.0 ms]
   [Code Root Purge: 0.0 ms]
   [Clear CT: 0.1 ms]
   [Other: 0.4 ms]
      [Choose CSet: 0.0 ms]
      [Ref Proc: 0.1 ms]
      [Ref Enq: 0.0 ms]
      [Redirty Cards: 0.1 ms]
      [Humongous Register: 0.0 ms]
      [Humongous Reclaim: 0.0 ms]
      [Free CSet: 0.0 ms]
   [Eden: 21.0M(21.0M)->0.0B(21.0M) Survivors: 4096.0K->4096.0K Heap: 336.4M(512.0M)->278.1M(512.0M)]
 [Times: user=0.01 sys=0.01, real=0.00 secs] 
2020-10-28T22:57:21.318-0800: 0.536: [GC pause (G1 Evacuation Pause) (mixed), 0.0035402 secs]
   [Parallel Time: 3.0 ms, GC Workers: 8]
      [GC Worker Start (ms): Min: 536.4, Avg: 536.5, Max: 536.6, Diff: 0.1]
      [Ext Root Scanning (ms): Min: 0.0, Avg: 0.1, Max: 0.1, Diff: 0.1, Sum: 0.8]
      [Update RS (ms): Min: 0.3, Avg: 0.3, Max: 0.3, Diff: 0.1, Sum: 2.3]
         [Processed Buffers: Min: 2, Avg: 3.4, Max: 4, Diff: 2, Sum: 27]
      [Scan RS (ms): Min: 0.0, Avg: 0.0, Max: 0.0, Diff: 0.0, Sum: 0.1]
      [Code Root Scanning (ms): Min: 0.0, Avg: 0.0, Max: 0.0, Diff: 0.0, Sum: 0.0]
      [Object Copy (ms): Min: 2.3, Avg: 2.3, Max: 2.4, Diff: 0.2, Sum: 18.6]
      [Termination (ms): Min: 0.0, Avg: 0.1, Max: 0.2, Diff: 0.2, Sum: 1.0]
         [Termination Attempts: Min: 1, Avg: 1.0, Max: 1, Diff: 0, Sum: 8]
      [GC Worker Other (ms): Min: 0.0, Avg: 0.0, Max: 0.0, Diff: 0.0, Sum: 0.1]
      [GC Worker Total (ms): Min: 2.8, Avg: 2.9, Max: 2.9, Diff: 0.1, Sum: 22.9]
      [GC Worker End (ms): Min: 539.3, Avg: 539.3, Max: 539.4, Diff: 0.0]
   [Code Root Fixup: 0.0 ms]
   [Code Root Purge: 0.0 ms]
   [Clear CT: 0.1 ms]
   [Other: 0.5 ms]
      [Choose CSet: 0.0 ms]
      [Ref Proc: 0.2 ms]
      [Ref Enq: 0.0 ms]
      [Redirty Cards: 0.1 ms]
      [Humongous Register: 0.0 ms]
      [Humongous Reclaim: 0.0 ms]
      [Free CSet: 0.0 ms]
   [Eden: 21.0M(21.0M)->0.0B(21.0M) Survivors: 4096.0K->4096.0K Heap: 304.7M(512.0M)->250.5M(512.0M)]
 [Times: user=0.02 sys=0.00, real=0.01 secs] 
2020-10-28T22:57:21.327-0800: 0.545: [GC pause (G1 Evacuation Pause) (mixed), 0.0037691 secs]
   [Parallel Time: 3.3 ms, GC Workers: 8]
      [GC Worker Start (ms): Min: 545.0, Avg: 545.0, Max: 545.1, Diff: 0.1]
      [Ext Root Scanning (ms): Min: 0.1, Avg: 0.1, Max: 0.4, Diff: 0.3, Sum: 1.1]
      [Update RS (ms): Min: 0.0, Avg: 0.2, Max: 0.3, Diff: 0.3, Sum: 1.8]
         [Processed Buffers: Min: 0, Avg: 2.5, Max: 4, Diff: 4, Sum: 20]
      [Scan RS (ms): Min: 0.0, Avg: 0.0, Max: 0.1, Diff: 0.1, Sum: 0.2]
      [Code Root Scanning (ms): Min: 0.0, Avg: 0.0, Max: 0.0, Diff: 0.0, Sum: 0.0]
      [Object Copy (ms): Min: 2.6, Avg: 2.6, Max: 2.7, Diff: 0.1, Sum: 21.2]
      [Termination (ms): Min: 0.0, Avg: 0.0, Max: 0.1, Diff: 0.1, Sum: 0.3]
         [Termination Attempts: Min: 1, Avg: 1.0, Max: 1, Diff: 0, Sum: 8]
      [GC Worker Other (ms): Min: 0.0, Avg: 0.0, Max: 0.0, Diff: 0.0, Sum: 0.1]
      [GC Worker Total (ms): Min: 3.0, Avg: 3.1, Max: 3.1, Diff: 0.1, Sum: 24.6]
      [GC Worker End (ms): Min: 548.1, Avg: 548.1, Max: 548.1, Diff: 0.0]
   [Code Root Fixup: 0.0 ms]
   [Code Root Purge: 0.0 ms]
   [Clear CT: 0.1 ms]
   [Other: 0.4 ms]
      [Choose CSet: 0.0 ms]
      [Ref Proc: 0.1 ms]
      [Ref Enq: 0.0 ms]
      [Redirty Cards: 0.1 ms]
      [Humongous Register: 0.0 ms]
      [Humongous Reclaim: 0.0 ms]
      [Free CSet: 0.0 ms]
   [Eden: 21.0M(21.0M)->0.0B(149.0M) Survivors: 4096.0K->4096.0K Heap: 274.1M(512.0M)->241.3M(512.0M)]
 [Times: user=0.02 sys=0.01, real=0.01 secs] 
2020-10-28T22:57:21.331-0800: 0.549: [GC pause (G1 Humongous Allocation) (young) (initial-mark), 0.0009509 secs]
   [Parallel Time: 0.4 ms, GC Workers: 8]
      [GC Worker Start (ms): Min: 549.1, Avg: 549.2, Max: 549.2, Diff: 0.1]
      [Ext Root Scanning (ms): Min: 0.1, Avg: 0.1, Max: 0.2, Diff: 0.1, Sum: 0.8]
      [Update RS (ms): Min: 0.0, Avg: 0.1, Max: 0.2, Diff: 0.2, Sum: 0.5]
         [Processed Buffers: Min: 1, Avg: 1.1, Max: 2, Diff: 1, Sum: 9]
      [Scan RS (ms): Min: 0.0, Avg: 0.0, Max: 0.0, Diff: 0.0, Sum: 0.0]
      [Code Root Scanning (ms): Min: 0.0, Avg: 0.0, Max: 0.0, Diff: 0.0, Sum: 0.0]
      [Object Copy (ms): Min: 0.0, Avg: 0.1, Max: 0.2, Diff: 0.2, Sum: 1.2]
      [Termination (ms): Min: 0.0, Avg: 0.0, Max: 0.1, Diff: 0.1, Sum: 0.2]
         [Termination Attempts: Min: 1, Avg: 1.1, Max: 2, Diff: 1, Sum: 9]
      [GC Worker Other (ms): Min: 0.0, Avg: 0.0, Max: 0.0, Diff: 0.0, Sum: 0.1]
      [GC Worker Total (ms): Min: 0.3, Avg: 0.3, Max: 0.4, Diff: 0.1, Sum: 2.6]
      [GC Worker End (ms): Min: 549.5, Avg: 549.5, Max: 549.5, Diff: 0.0]
   [Code Root Fixup: 0.0 ms]
   [Code Root Purge: 0.0 ms]
   [Clear CT: 0.1 ms]
   [Other: 0.4 ms]
      [Choose CSet: 0.0 ms]
      [Ref Proc: 0.2 ms]
      [Ref Enq: 0.0 ms]
      [Redirty Cards: 0.1 ms]
      [Humongous Register: 0.0 ms]
      [Humongous Reclaim: 0.0 ms]
      [Free CSet: 0.0 ms]
   [Eden: 3072.0K(149.0M)->0.0B(150.0M) Survivors: 4096.0K->5120.0K Heap: 243.5M(512.0M)->241.8M(512.0M)]
 [Times: user=0.00 sys=0.00, real=0.00 secs] 
2020-10-28T22:57:21.332-0800: 0.550: [GC concurrent-root-region-scan-start]
2020-10-28T22:57:21.332-0800: 0.550: [GC concurrent-root-region-scan-end, 0.0000702 secs]
2020-10-28T22:57:21.332-0800: 0.550: [GC concurrent-mark-start]
2020-10-28T22:57:21.333-0800: 0.551: [GC concurrent-mark-end, 0.0008075 secs]
2020-10-28T22:57:21.333-0800: 0.551: [GC remark 2020-10-28T22:57:21.333-0800: 0.551: [Finalize Marking, 0.0001415 secs] 2020-10-28T22:57:21.333-0800: 0.551: [GC ref-proc, 0.0000391 secs] 2020-10-28T22:57:21.333-0800: 0.551: [Unloading, 0.0004250 secs], 0.0011235 secs]
 [Times: user=0.01 sys=0.00, real=0.00 secs] 
2020-10-28T22:57:21.334-0800: 0.552: [GC cleanup 248M->247M(512M), 0.0005600 secs]
 [Times: user=0.00 sys=0.00, real=0.00 secs] 
2020-10-28T22:57:21.335-0800: 0.553: [GC concurrent-cleanup-start]
2020-10-28T22:57:21.335-0800: 0.553: [GC concurrent-cleanup-end, 0.0000117 secs]
2020-10-28T22:57:21.373-0800: 0.591: [GC pause (G1 Evacuation Pause) (young) (to-space exhausted), 0.0047524 secs]
   [Parallel Time: 3.9 ms, GC Workers: 8]
      [GC Worker Start (ms): Min: 591.2, Avg: 591.4, Max: 592.2, Diff: 1.0]
      [Ext Root Scanning (ms): Min: 0.0, Avg: 0.3, Max: 0.4, Diff: 0.4, Sum: 2.2]
      [Update RS (ms): Min: 0.0, Avg: 0.4, Max: 1.0, Diff: 1.0, Sum: 3.6]
         [Processed Buffers: Min: 0, Avg: 3.5, Max: 5, Diff: 5, Sum: 28]
      [Scan RS (ms): Min: 0.0, Avg: 0.0, Max: 0.1, Diff: 0.0, Sum: 0.3]
      [Code Root Scanning (ms): Min: 0.0, Avg: 0.0, Max: 0.0, Diff: 0.0, Sum: 0.0]
      [Object Copy (ms): Min: 2.3, Avg: 2.7, Max: 2.9, Diff: 0.6, Sum: 21.9]
      [Termination (ms): Min: 0.0, Avg: 0.1, Max: 0.1, Diff: 0.1, Sum: 0.6]
         [Termination Attempts: Min: 1, Avg: 1.0, Max: 1, Diff: 0, Sum: 8]
      [GC Worker Other (ms): Min: 0.0, Avg: 0.0, Max: 0.1, Diff: 0.1, Sum: 0.3]
      [GC Worker Total (ms): Min: 2.9, Avg: 3.6, Max: 3.8, Diff: 0.9, Sum: 28.9]
      [GC Worker End (ms): Min: 595.0, Avg: 595.0, Max: 595.1, Diff: 0.0]
   [Code Root Fixup: 0.0 ms]
   [Code Root Purge: 0.0 ms]
   [Clear CT: 0.1 ms]
   [Other: 0.8 ms]
      [Evacuation Failure: 0.3 ms]
      [Choose CSet: 0.0 ms]
      [Ref Proc: 0.1 ms]
      [Ref Enq: 0.0 ms]
      [Redirty Cards: 0.1 ms]
      [Humongous Register: 0.1 ms]
      [Humongous Reclaim: 0.0 ms]
      [Free CSet: 0.0 ms]
   [Eden: 150.0M(150.0M)->0.0B(9216.0K) Survivors: 5120.0K->16.0M Heap: 433.7M(512.0M)->374.1M(512.0M)]
 [Times: user=0.02 sys=0.00, real=0.00 secs] 
2020-10-28T22:57:21.380-0800: 0.598: [GC pause (G1 Evacuation Pause) (mixed), 0.0043431 secs]
   [Parallel Time: 3.8 ms, GC Workers: 8]
      [GC Worker Start (ms): Min: 598.3, Avg: 598.3, Max: 598.4, Diff: 0.1]
      [Ext Root Scanning (ms): Min: 0.1, Avg: 0.1, Max: 0.3, Diff: 0.2, Sum: 1.1]
      [Update RS (ms): Min: 0.0, Avg: 0.1, Max: 0.2, Diff: 0.2, Sum: 1.1]
         [Processed Buffers: Min: 0, Avg: 3.0, Max: 6, Diff: 6, Sum: 24]
      [Scan RS (ms): Min: 0.0, Avg: 0.0, Max: 0.0, Diff: 0.0, Sum: 0.1]
      [Code Root Scanning (ms): Min: 0.0, Avg: 0.0, Max: 0.0, Diff: 0.0, Sum: 0.0]
      [Object Copy (ms): Min: 3.2, Avg: 3.2, Max: 3.3, Diff: 0.2, Sum: 25.8]
      [Termination (ms): Min: 0.0, Avg: 0.1, Max: 0.2, Diff: 0.2, Sum: 0.9]
         [Termination Attempts: Min: 1, Avg: 1.0, Max: 1, Diff: 0, Sum: 8]
      [GC Worker Other (ms): Min: 0.0, Avg: 0.0, Max: 0.0, Diff: 0.0, Sum: 0.1]
      [GC Worker Total (ms): Min: 3.6, Avg: 3.6, Max: 3.7, Diff: 0.1, Sum: 29.1]
      [GC Worker End (ms): Min: 602.0, Avg: 602.0, Max: 602.0, Diff: 0.0]
   [Code Root Fixup: 0.0 ms]
   [Code Root Purge: 0.0 ms]
   [Clear CT: 0.2 ms]
   [Other: 0.4 ms]
      [Choose CSet: 0.0 ms]
      [Ref Proc: 0.2 ms]
      [Ref Enq: 0.0 ms]
      [Redirty Cards: 0.1 ms]
      [Humongous Register: 0.1 ms]
      [Humongous Reclaim: 0.0 ms]
      [Free CSet: 0.0 ms]
   [Eden: 9216.0K(9216.0K)->0.0B(43.0M) Survivors: 16.0M->4096.0K Heap: 384.3M(512.0M)->359.5M(512.0M)]
 [Times: user=0.02 sys=0.01, real=0.00 secs] 
2020-10-28T22:57:21.385-0800: 0.603: [GC pause (G1 Humongous Allocation) (young) (initial-mark), 0.0010971 secs]
   [Parallel Time: 0.6 ms, GC Workers: 8]
      [GC Worker Start (ms): Min: 603.4, Avg: 603.5, Max: 603.5, Diff: 0.1]
      [Ext Root Scanning (ms): Min: 0.1, Avg: 0.1, Max: 0.1, Diff: 0.1, Sum: 0.8]
      [Update RS (ms): Min: 0.0, Avg: 0.1, Max: 0.1, Diff: 0.1, Sum: 0.4]
         [Processed Buffers: Min: 1, Avg: 1.1, Max: 2, Diff: 1, Sum: 9]
      [Scan RS (ms): Min: 0.0, Avg: 0.0, Max: 0.0, Diff: 0.0, Sum: 0.0]
      [Code Root Scanning (ms): Min: 0.0, Avg: 0.0, Max: 0.0, Diff: 0.0, Sum: 0.0]
      [Object Copy (ms): Min: 0.2, Avg: 0.3, Max: 0.4, Diff: 0.1, Sum: 2.5]
      [Termination (ms): Min: 0.0, Avg: 0.1, Max: 0.1, Diff: 0.1, Sum: 0.6]
         [Termination Attempts: Min: 1, Avg: 1.0, Max: 1, Diff: 0, Sum: 8]
      [GC Worker Other (ms): Min: 0.0, Avg: 0.0, Max: 0.0, Diff: 0.0, Sum: 0.1]
      [GC Worker Total (ms): Min: 0.5, Avg: 0.5, Max: 0.6, Diff: 0.1, Sum: 4.4]
      [GC Worker End (ms): Min: 604.0, Avg: 604.0, Max: 604.0, Diff: 0.0]
   [Code Root Fixup: 0.0 ms]
   [Code Root Purge: 0.0 ms]
   [Clear CT: 0.1 ms]
   [Other: 0.4 ms]
      [Choose CSet: 0.0 ms]
      [Ref Proc: 0.1 ms]
      [Ref Enq: 0.0 ms]
      [Redirty Cards: 0.1 ms]
      [Humongous Register: 0.0 ms]
      [Humongous Reclaim: 0.0 ms]
      [Free CSet: 0.0 ms]
   [Eden: 5120.0K(43.0M)->0.0B(43.0M) Survivors: 4096.0K->2048.0K Heap: 364.2M(512.0M)->360.3M(512.0M)]
 [Times: user=0.00 sys=0.00, real=0.00 secs] 
2020-10-28T22:57:21.387-0800: 0.605: [GC concurrent-root-region-scan-start]
2020-10-28T22:57:21.387-0800: 0.605: [GC concurrent-root-region-scan-end, 0.0000772 secs]
2020-10-28T22:57:21.387-0800: 0.605: [GC concurrent-mark-start]
2020-10-28T22:57:21.388-0800: 0.606: [GC concurrent-mark-end, 0.0010685 secs]
2020-10-28T22:57:21.388-0800: 0.606: [GC remark 2020-10-28T22:57:21.388-0800: 0.606: [Finalize Marking, 0.0001497 secs] 2020-10-28T22:57:21.388-0800: 0.606: [GC ref-proc, 0.0000416 secs] 2020-10-28T22:57:21.388-0800: 0.606: [Unloading, 0.0004321 secs], 0.0014161 secs]
 [Times: user=0.01 sys=0.00, real=0.00 secs] 
2020-10-28T22:57:21.389-0800: 0.607: [GC cleanup 367M->364M(512M), 0.0006626 secs]
 [Times: user=0.00 sys=0.00, real=0.01 secs] 
2020-10-28T22:57:21.390-0800: 0.608: [GC concurrent-cleanup-start]
2020-10-28T22:57:21.390-0800: 0.608: [GC concurrent-cleanup-end, 0.0000117 secs]
2020-10-28T22:57:21.401-0800: 0.619: [GC pause (G1 Evacuation Pause) (young), 0.0021263 secs]
   [Parallel Time: 1.6 ms, GC Workers: 8]
      [GC Worker Start (ms): Min: 619.2, Avg: 619.2, Max: 619.3, Diff: 0.1]
      [Ext Root Scanning (ms): Min: 0.0, Avg: 0.1, Max: 0.1, Diff: 0.1, Sum: 0.6]
      [Update RS (ms): Min: 0.3, Avg: 0.3, Max: 0.3, Diff: 0.0, Sum: 2.6]
         [Processed Buffers: Min: 1, Avg: 3.8, Max: 5, Diff: 4, Sum: 30]
      [Scan RS (ms): Min: 0.0, Avg: 0.0, Max: 0.0, Diff: 0.0, Sum: 0.0]
      [Code Root Scanning (ms): Min: 0.0, Avg: 0.0, Max: 0.0, Diff: 0.0, Sum: 0.0]
      [Object Copy (ms): Min: 1.0, Avg: 1.0, Max: 1.1, Diff: 0.1, Sum: 8.3]
      [Termination (ms): Min: 0.0, Avg: 0.0, Max: 0.0, Diff: 0.0, Sum: 0.1]
         [Termination Attempts: Min: 1, Avg: 1.6, Max: 2, Diff: 1, Sum: 13]
      [GC Worker Other (ms): Min: 0.0, Avg: 0.0, Max: 0.0, Diff: 0.0, Sum: 0.1]
      [GC Worker Total (ms): Min: 1.4, Avg: 1.5, Max: 1.5, Diff: 0.1, Sum: 11.7]
      [GC Worker End (ms): Min: 620.7, Avg: 620.7, Max: 620.7, Diff: 0.0]
   [Code Root Fixup: 0.0 ms]
   [Code Root Purge: 0.0 ms]
   [Clear CT: 0.1 ms]
   [Other: 0.4 ms]
      [Choose CSet: 0.0 ms]
      [Ref Proc: 0.2 ms]
      [Ref Enq: 0.0 ms]
      [Redirty Cards: 0.1 ms]
      [Humongous Register: 0.1 ms]
      [Humongous Reclaim: 0.0 ms]
      [Free CSet: 0.0 ms]
   [Eden: 43.0M(43.0M)->0.0B(19.0M) Survivors: 2048.0K->6144.0K Heap: 416.6M(512.0M)->375.4M(512.0M)]
 [Times: user=0.01 sys=0.00, real=0.00 secs] 
2020-10-28T22:57:21.407-0800: 0.625: [GC pause (G1 Evacuation Pause) (mixed), 0.0032062 secs]
   [Parallel Time: 2.6 ms, GC Workers: 8]
      [GC Worker Start (ms): Min: 625.0, Avg: 625.1, Max: 625.5, Diff: 0.4]
      [Ext Root Scanning (ms): Min: 0.0, Avg: 0.1, Max: 0.2, Diff: 0.2, Sum: 1.2]
      [Update RS (ms): Min: 0.2, Avg: 0.4, Max: 0.4, Diff: 0.3, Sum: 2.9]
         [Processed Buffers: Min: 2, Avg: 3.8, Max: 5, Diff: 3, Sum: 30]
      [Scan RS (ms): Min: 0.0, Avg: 0.0, Max: 0.0, Diff: 0.0, Sum: 0.1]
      [Code Root Scanning (ms): Min: 0.0, Avg: 0.0, Max: 0.0, Diff: 0.0, Sum: 0.0]
      [Object Copy (ms): Min: 1.8, Avg: 1.8, Max: 1.9, Diff: 0.2, Sum: 14.7]
      [Termination (ms): Min: 0.0, Avg: 0.1, Max: 0.1, Diff: 0.1, Sum: 0.7]
         [Termination Attempts: Min: 1, Avg: 1.0, Max: 1, Diff: 0, Sum: 8]
      [GC Worker Other (ms): Min: 0.0, Avg: 0.0, Max: 0.0, Diff: 0.0, Sum: 0.1]
      [GC Worker Total (ms): Min: 2.1, Avg: 2.5, Max: 2.6, Diff: 0.4, Sum: 19.7]
      [GC Worker End (ms): Min: 627.6, Avg: 627.6, Max: 627.6, Diff: 0.0]
   [Code Root Fixup: 0.0 ms]
   [Code Root Purge: 0.0 ms]
   [Clear CT: 0.1 ms]
   [Other: 0.5 ms]
      [Choose CSet: 0.0 ms]
      [Ref Proc: 0.2 ms]
      [Ref Enq: 0.0 ms]
      [Redirty Cards: 0.1 ms]
      [Humongous Register: 0.1 ms]
      [Humongous Reclaim: 0.0 ms]
      [Free CSet: 0.0 ms]
   [Eden: 19.0M(19.0M)->0.0B(21.0M) Survivors: 6144.0K->4096.0K Heap: 398.8M(512.0M)->333.9M(512.0M)]
 [Times: user=0.01 sys=0.00, real=0.01 secs] 
2020-10-28T22:57:21.414-0800: 0.632: [GC pause (G1 Evacuation Pause) (mixed), 0.0037813 secs]
   [Parallel Time: 3.1 ms, GC Workers: 8]
      [GC Worker Start (ms): Min: 632.5, Avg: 632.6, Max: 632.6, Diff: 0.1]
      [Ext Root Scanning (ms): Min: 0.1, Avg: 0.1, Max: 0.1, Diff: 0.1, Sum: 0.8]
      [Update RS (ms): Min: 0.3, Avg: 0.3, Max: 0.3, Diff: 0.0, Sum: 2.4]
         [Processed Buffers: Min: 4, Avg: 4.2, Max: 5, Diff: 1, Sum: 34]
      [Scan RS (ms): Min: 0.0, Avg: 0.0, Max: 0.0, Diff: 0.0, Sum: 0.1]
      [Code Root Scanning (ms): Min: 0.0, Avg: 0.0, Max: 0.0, Diff: 0.0, Sum: 0.0]
      [Object Copy (ms): Min: 2.5, Avg: 2.5, Max: 2.6, Diff: 0.1, Sum: 20.3]
      [Termination (ms): Min: 0.0, Avg: 0.1, Max: 0.1, Diff: 0.1, Sum: 0.6]
         [Termination Attempts: Min: 1, Avg: 1.0, Max: 1, Diff: 0, Sum: 8]
      [GC Worker Other (ms): Min: 0.0, Avg: 0.0, Max: 0.0, Diff: 0.0, Sum: 0.1]
      [GC Worker Total (ms): Min: 3.0, Avg: 3.0, Max: 3.0, Diff: 0.1, Sum: 24.2]
      [GC Worker End (ms): Min: 635.6, Avg: 635.6, Max: 635.6, Diff: 0.0]
   [Code Root Fixup: 0.0 ms]
   [Code Root Purge: 0.0 ms]
   [Clear CT: 0.2 ms]
   [Other: 0.5 ms]
      [Choose CSet: 0.0 ms]
      [Ref Proc: 0.2 ms]
      [Ref Enq: 0.0 ms]
      [Redirty Cards: 0.1 ms]
      [Humongous Register: 0.1 ms]
      [Humongous Reclaim: 0.0 ms]
      [Free CSet: 0.0 ms]
   [Eden: 21.0M(21.0M)->0.0B(21.0M) Survivors: 4096.0K->4096.0K Heap: 358.0M(512.0M)->305.9M(512.0M)]
 [Times: user=0.02 sys=0.00, real=0.00 secs] 
2020-10-28T22:57:21.422-0800: 0.640: [GC pause (G1 Evacuation Pause) (mixed), 0.0038244 secs]
   [Parallel Time: 3.3 ms, GC Workers: 8]
      [GC Worker Start (ms): Min: 640.4, Avg: 640.5, Max: 640.5, Diff: 0.1]
      [Ext Root Scanning (ms): Min: 0.1, Avg: 0.1, Max: 0.2, Diff: 0.1, Sum: 1.0]
      [Update RS (ms): Min: 0.1, Avg: 0.1, Max: 0.2, Diff: 0.1, Sum: 1.0]
         [Processed Buffers: Min: 1, Avg: 2.5, Max: 4, Diff: 3, Sum: 20]
      [Scan RS (ms): Min: 0.0, Avg: 0.0, Max: 0.2, Diff: 0.2, Sum: 0.4]
      [Code Root Scanning (ms): Min: 0.0, Avg: 0.0, Max: 0.1, Diff: 0.1, Sum: 0.1]
      [Object Copy (ms): Min: 2.7, Avg: 2.8, Max: 2.9, Diff: 0.2, Sum: 22.6]
      [Termination (ms): Min: 0.0, Avg: 0.1, Max: 0.2, Diff: 0.2, Sum: 0.5]
         [Termination Attempts: Min: 1, Avg: 1.0, Max: 1, Diff: 0, Sum: 8]
      [GC Worker Other (ms): Min: 0.0, Avg: 0.0, Max: 0.0, Diff: 0.0, Sum: 0.1]
      [GC Worker Total (ms): Min: 3.2, Avg: 3.2, Max: 3.2, Diff: 0.1, Sum: 25.5]
      [GC Worker End (ms): Min: 643.7, Avg: 643.7, Max: 643.7, Diff: 0.0]
   [Code Root Fixup: 0.0 ms]
   [Code Root Purge: 0.0 ms]
   [Clear CT: 0.1 ms]
   [Other: 0.4 ms]
      [Choose CSet: 0.0 ms]
      [Ref Proc: 0.2 ms]
      [Ref Enq: 0.0 ms]
      [Redirty Cards: 0.1 ms]
      [Humongous Register: 0.1 ms]
      [Humongous Reclaim: 0.0 ms]
      [Free CSet: 0.0 ms]
   [Eden: 21.0M(21.0M)->0.0B(98.0M) Survivors: 4096.0K->4096.0K Heap: 328.2M(512.0M)->292.0M(512.0M)]
 [Times: user=0.03 sys=0.00, real=0.00 secs] 
2020-10-28T22:57:21.426-0800: 0.644: [GC pause (G1 Humongous Allocation) (young) (initial-mark), 0.0010305 secs]
   [Parallel Time: 0.6 ms, GC Workers: 8]
      [GC Worker Start (ms): Min: 644.4, Avg: 644.4, Max: 644.5, Diff: 0.1]
      [Ext Root Scanning (ms): Min: 0.1, Avg: 0.1, Max: 0.1, Diff: 0.1, Sum: 0.8]
      [Update RS (ms): Min: 0.1, Avg: 0.1, Max: 0.4, Diff: 0.3, Sum: 1.0]
         [Processed Buffers: Min: 1, Avg: 1.1, Max: 2, Diff: 1, Sum: 9]
      [Scan RS (ms): Min: 0.0, Avg: 0.0, Max: 0.0, Diff: 0.0, Sum: 0.0]
      [Code Root Scanning (ms): Min: 0.0, Avg: 0.0, Max: 0.0, Diff: 0.0, Sum: 0.0]
      [Object Copy (ms): Min: 0.0, Avg: 0.1, Max: 0.2, Diff: 0.2, Sum: 1.1]
      [Termination (ms): Min: 0.0, Avg: 0.1, Max: 0.2, Diff: 0.2, Sum: 1.0]
         [Termination Attempts: Min: 1, Avg: 1.0, Max: 1, Diff: 0, Sum: 8]
      [GC Worker Other (ms): Min: 0.0, Avg: 0.0, Max: 0.0, Diff: 0.0, Sum: 0.1]
      [GC Worker Total (ms): Min: 0.5, Avg: 0.5, Max: 0.5, Diff: 0.1, Sum: 4.0]
      [GC Worker End (ms): Min: 644.9, Avg: 644.9, Max: 644.9, Diff: 0.0]
   [Code Root Fixup: 0.0 ms]
   [Code Root Purge: 0.0 ms]
   [Clear CT: 0.1 ms]
   [Other: 0.4 ms]
      [Choose CSet: 0.0 ms]
      [Ref Proc: 0.2 ms]
      [Ref Enq: 0.0 ms]
      [Redirty Cards: 0.1 ms]
      [Humongous Register: 0.0 ms]
      [Humongous Reclaim: 0.0 ms]
      [Free CSet: 0.0 ms]
   [Eden: 1024.0K(98.0M)->0.0B(97.0M) Survivors: 4096.0K->4096.0K Heap: 292.6M(512.0M)->291.7M(512.0M)]
 [Times: user=0.00 sys=0.00, real=0.00 secs] 
2020-10-28T22:57:21.427-0800: 0.645: [GC concurrent-root-region-scan-start]
2020-10-28T22:57:21.428-0800: 0.646: [GC concurrent-root-region-scan-end, 0.0000666 secs]
2020-10-28T22:57:21.428-0800: 0.646: [GC concurrent-mark-start]
2020-10-28T22:57:21.429-0800: 0.647: [GC concurrent-mark-end, 0.0010367 secs]
2020-10-28T22:57:21.429-0800: 0.647: [GC remark 2020-10-28T22:57:21.429-0800: 0.647: [Finalize Marking, 0.0002348 secs] 2020-10-28T22:57:21.429-0800: 0.647: [GC ref-proc, 0.0000564 secs] 2020-10-28T22:57:21.429-0800: 0.647: [Unloading, 0.0004497 secs], 0.0014426 secs]
 [Times: user=0.01 sys=0.00, real=0.01 secs] 
2020-10-28T22:57:21.430-0800: 0.648: [GC cleanup 298M->297M(512M), 0.0005801 secs]
 [Times: user=0.00 sys=0.01, real=0.00 secs] 
2020-10-28T22:57:21.431-0800: 0.649: [GC concurrent-cleanup-start]
2020-10-28T22:57:21.431-0800: 0.649: [GC concurrent-cleanup-end, 0.0000084 secs]
2020-10-28T22:57:21.450-0800: 0.668: [GC pause (G1 Evacuation Pause) (young), 0.0042726 secs]
   [Parallel Time: 3.6 ms, GC Workers: 8]
      [GC Worker Start (ms): Min: 668.3, Avg: 668.4, Max: 668.4, Diff: 0.1]
      [Ext Root Scanning (ms): Min: 0.1, Avg: 0.1, Max: 0.1, Diff: 0.1, Sum: 0.8]
      [Update RS (ms): Min: 0.3, Avg: 0.4, Max: 0.4, Diff: 0.1, Sum: 3.0]
         [Processed Buffers: Min: 4, Avg: 4.5, Max: 5, Diff: 1, Sum: 36]
      [Scan RS (ms): Min: 0.0, Avg: 0.1, Max: 0.5, Diff: 0.5, Sum: 1.1]
      [Code Root Scanning (ms): Min: 0.0, Avg: 0.0, Max: 0.0, Diff: 0.0, Sum: 0.0]
      [Object Copy (ms): Min: 2.5, Avg: 2.8, Max: 3.0, Diff: 0.5, Sum: 22.4]
      [Termination (ms): Min: 0.0, Avg: 0.1, Max: 0.1, Diff: 0.1, Sum: 0.4]
         [Termination Attempts: Min: 1, Avg: 1.0, Max: 1, Diff: 0, Sum: 8]
      [GC Worker Other (ms): Min: 0.0, Avg: 0.0, Max: 0.0, Diff: 0.0, Sum: 0.1]
      [GC Worker Total (ms): Min: 3.4, Avg: 3.5, Max: 3.5, Diff: 0.1, Sum: 27.8]
      [GC Worker End (ms): Min: 671.8, Avg: 671.8, Max: 671.9, Diff: 0.0]
   [Code Root Fixup: 0.0 ms]
   [Code Root Purge: 0.0 ms]
   [Clear CT: 0.1 ms]
   [Other: 0.6 ms]
      [Choose CSet: 0.0 ms]
      [Ref Proc: 0.2 ms]
      [Ref Enq: 0.0 ms]
      [Redirty Cards: 0.2 ms]
      [Humongous Register: 0.1 ms]
      [Humongous Reclaim: 0.0 ms]
      [Free CSet: 0.0 ms]
   [Eden: 97.0M(97.0M)->0.0B(12.0M) Survivors: 4096.0K->13.0M Heap: 409.2M(512.0M)->318.6M(512.0M)]
 [Times: user=0.03 sys=0.00, real=0.00 secs] 
2020-10-28T22:57:21.457-0800: 0.675: [GC pause (G1 Evacuation Pause) (mixed), 0.0051927 secs]
   [Parallel Time: 4.6 ms, GC Workers: 8]
      [GC Worker Start (ms): Min: 675.0, Avg: 675.1, Max: 675.1, Diff: 0.1]
      [Ext Root Scanning (ms): Min: 0.1, Avg: 0.1, Max: 0.2, Diff: 0.1, Sum: 0.8]
      [Update RS (ms): Min: 0.3, Avg: 0.4, Max: 0.4, Diff: 0.1, Sum: 3.0]
         [Processed Buffers: Min: 5, Avg: 5.0, Max: 5, Diff: 0, Sum: 40]
      [Scan RS (ms): Min: 0.0, Avg: 0.0, Max: 0.1, Diff: 0.1, Sum: 0.3]
      [Code Root Scanning (ms): Min: 0.0, Avg: 0.0, Max: 0.0, Diff: 0.0, Sum: 0.0]
      [Object Copy (ms): Min: 3.9, Avg: 3.9, Max: 4.0, Diff: 0.1, Sum: 31.5]
      [Termination (ms): Min: 0.0, Avg: 0.1, Max: 0.1, Diff: 0.1, Sum: 0.5]
         [Termination Attempts: Min: 1, Avg: 1.4, Max: 3, Diff: 2, Sum: 11]
      [GC Worker Other (ms): Min: 0.0, Avg: 0.0, Max: 0.0, Diff: 0.0, Sum: 0.1]
      [GC Worker Total (ms): Min: 4.5, Avg: 4.5, Max: 4.5, Diff: 0.1, Sum: 36.1]
      [GC Worker End (ms): Min: 679.5, Avg: 679.6, Max: 679.6, Diff: 0.0]
   [Code Root Fixup: 0.0 ms]
   [Code Root Purge: 0.0 ms]
   [Clear CT: 0.2 ms]
   [Other: 0.4 ms]
      [Choose CSet: 0.0 ms]
      [Ref Proc: 0.1 ms]
      [Ref Enq: 0.0 ms]
      [Redirty Cards: 0.1 ms]
      [Humongous Register: 0.1 ms]
      [Humongous Reclaim: 0.0 ms]
      [Free CSet: 0.0 ms]
   [Eden: 12.0M(12.0M)->0.0B(86.0M) Survivors: 13.0M->4096.0K Heap: 334.5M(512.0M)->303.2M(512.0M)]
 [Times: user=0.03 sys=0.00, real=0.01 secs] 
2020-10-28T22:57:21.464-0800: 0.682: [GC pause (G1 Humongous Allocation) (young) (initial-mark), 0.0012476 secs]
   [Parallel Time: 0.7 ms, GC Workers: 8]
      [GC Worker Start (ms): Min: 682.1, Avg: 682.2, Max: 682.2, Diff: 0.1]
      [Ext Root Scanning (ms): Min: 0.0, Avg: 0.1, Max: 0.2, Diff: 0.1, Sum: 0.7]
      [Update RS (ms): Min: 0.0, Avg: 0.1, Max: 0.1, Diff: 0.1, Sum: 0.5]
         [Processed Buffers: Min: 1, Avg: 1.1, Max: 2, Diff: 1, Sum: 9]
      [Scan RS (ms): Min: 0.0, Avg: 0.0, Max: 0.0, Diff: 0.0, Sum: 0.0]
      [Code Root Scanning (ms): Min: 0.0, Avg: 0.0, Max: 0.0, Diff: 0.0, Sum: 0.0]
      [Object Copy (ms): Min: 0.3, Avg: 0.4, Max: 0.4, Diff: 0.1, Sum: 3.1]
      [Termination (ms): Min: 0.0, Avg: 0.0, Max: 0.1, Diff: 0.1, Sum: 0.4]
         [Termination Attempts: Min: 1, Avg: 1.0, Max: 1, Diff: 0, Sum: 8]
      [GC Worker Other (ms): Min: 0.0, Avg: 0.0, Max: 0.0, Diff: 0.0, Sum: 0.1]
      [GC Worker Total (ms): Min: 0.5, Avg: 0.6, Max: 0.7, Diff: 0.1, Sum: 4.7]
      [GC Worker End (ms): Min: 682.8, Avg: 682.8, Max: 682.8, Diff: 0.0]
   [Code Root Fixup: 0.0 ms]
   [Code Root Purge: 0.0 ms]
   [Clear CT: 0.1 ms]
   [Other: 0.4 ms]
      [Choose CSet: 0.0 ms]
      [Ref Proc: 0.2 ms]
      [Ref Enq: 0.0 ms]
      [Redirty Cards: 0.1 ms]
      [Humongous Register: 0.0 ms]
      [Humongous Reclaim: 0.0 ms]
      [Free CSet: 0.0 ms]
   [Eden: 10.0M(86.0M)->0.0B(81.0M) Survivors: 4096.0K->8192.0K Heap: 313.0M(512.0M)->306.0M(512.0M)]
 [Times: user=0.00 sys=0.00, real=0.00 secs] 
2020-10-28T22:57:21.465-0800: 0.683: [GC concurrent-root-region-scan-start]
2020-10-28T22:57:21.465-0800: 0.683: [GC concurrent-root-region-scan-end, 0.0000743 secs]
2020-10-28T22:57:21.465-0800: 0.683: [GC concurrent-mark-start]
2020-10-28T22:57:21.466-0800: 0.684: [GC concurrent-mark-end, 0.0010110 secs]
2020-10-28T22:57:21.467-0800: 0.685: [GC remark 2020-10-28T22:57:21.467-0800: 0.685: [Finalize Marking, 0.0001764 secs] 2020-10-28T22:57:21.467-0800: 0.685: [GC ref-proc, 0.0000440 secs] 2020-10-28T22:57:21.467-0800: 0.685: [Unloading, 0.0005168 secs], 0.0014473 secs]
 [Times: user=0.00 sys=0.01, real=0.00 secs] 
2020-10-28T22:57:21.468-0800: 0.686: [GC cleanup 314M->313M(512M), 0.0006835 secs]
 [Times: user=0.00 sys=0.00, real=0.00 secs] 
2020-10-28T22:57:21.469-0800: 0.687: [GC concurrent-cleanup-start]
2020-10-28T22:57:21.469-0800: 0.687: [GC concurrent-cleanup-end, 0.0000088 secs]
2020-10-28T22:57:21.486-0800: 0.704: [GC pause (G1 Evacuation Pause) (young), 0.0046563 secs]
   [Parallel Time: 4.0 ms, GC Workers: 8]
      [GC Worker Start (ms): Min: 704.3, Avg: 704.4, Max: 704.5, Diff: 0.2]
      [Ext Root Scanning (ms): Min: 0.0, Avg: 0.4, Max: 2.2, Diff: 2.1, Sum: 2.9]
      [Update RS (ms): Min: 0.0, Avg: 0.6, Max: 0.7, Diff: 0.7, Sum: 4.5]
         [Processed Buffers: Min: 0, Avg: 6.2, Max: 9, Diff: 9, Sum: 50]
      [Scan RS (ms): Min: 0.0, Avg: 0.0, Max: 0.0, Diff: 0.0, Sum: 0.1]
      [Code Root Scanning (ms): Min: 0.0, Avg: 0.0, Max: 0.0, Diff: 0.0, Sum: 0.0]
      [Object Copy (ms): Min: 1.5, Avg: 2.8, Max: 3.0, Diff: 1.5, Sum: 22.3]
      [Termination (ms): Min: 0.0, Avg: 0.1, Max: 0.2, Diff: 0.2, Sum: 1.0]
         [Termination Attempts: Min: 1, Avg: 1.4, Max: 2, Diff: 1, Sum: 11]
      [GC Worker Other (ms): Min: 0.0, Avg: 0.0, Max: 0.0, Diff: 0.0, Sum: 0.1]
      [GC Worker Total (ms): Min: 3.8, Avg: 3.9, Max: 3.9, Diff: 0.2, Sum: 30.9]
      [GC Worker End (ms): Min: 708.3, Avg: 708.3, Max: 708.3, Diff: 0.0]
   [Code Root Fixup: 0.0 ms]
   [Code Root Purge: 0.0 ms]
   [Clear CT: 0.2 ms]
   [Other: 0.5 ms]
      [Choose CSet: 0.0 ms]
      [Ref Proc: 0.1 ms]
      [Ref Enq: 0.0 ms]
      [Redirty Cards: 0.1 ms]
      [Humongous Register: 0.1 ms]
      [Humongous Reclaim: 0.0 ms]
      [Free CSet: 0.0 ms]
   [Eden: 81.0M(81.0M)->0.0B(13.0M) Survivors: 8192.0K->12.0M Heap: 404.3M(512.0M)->330.4M(512.0M)]
 [Times: user=0.02 sys=0.00, real=0.01 secs] 
2020-10-28T22:57:21.494-0800: 0.712: [GC pause (G1 Evacuation Pause) (mixed), 0.0073029 secs]
   [Parallel Time: 6.6 ms, GC Workers: 8]
      [GC Worker Start (ms): Min: 712.5, Avg: 712.5, Max: 712.9, Diff: 0.4]
      [Ext Root Scanning (ms): Min: 0.0, Avg: 0.1, Max: 0.1, Diff: 0.1, Sum: 0.8]
      [Update RS (ms): Min: 0.0, Avg: 0.2, Max: 0.3, Diff: 0.3, Sum: 1.5]
         [Processed Buffers: Min: 0, Avg: 3.0, Max: 4, Diff: 4, Sum: 24]
      [Scan RS (ms): Min: 0.0, Avg: 0.0, Max: 0.1, Diff: 0.1, Sum: 0.2]
      [Code Root Scanning (ms): Min: 0.0, Avg: 0.0, Max: 0.0, Diff: 0.0, Sum: 0.0]
      [Object Copy (ms): Min: 5.9, Avg: 6.0, Max: 6.2, Diff: 0.2, Sum: 48.3]
      [Termination (ms): Min: 0.0, Avg: 0.1, Max: 0.2, Diff: 0.2, Sum: 1.1]
         [Termination Attempts: Min: 1, Avg: 1.0, Max: 1, Diff: 0, Sum: 8]
      [GC Worker Other (ms): Min: 0.0, Avg: 0.0, Max: 0.0, Diff: 0.0, Sum: 0.1]
      [GC Worker Total (ms): Min: 6.2, Avg: 6.5, Max: 6.6, Diff: 0.4, Sum: 52.1]
      [GC Worker End (ms): Min: 719.0, Avg: 719.0, Max: 719.1, Diff: 0.0]
   [Code Root Fixup: 0.0 ms]
   [Code Root Purge: 0.0 ms]
   [Clear CT: 0.1 ms]
   [Other: 0.5 ms]
      [Choose CSet: 0.0 ms]
      [Ref Proc: 0.1 ms]
      [Ref Enq: 0.0 ms]
      [Redirty Cards: 0.2 ms]
      [Humongous Register: 0.1 ms]
      [Humongous Reclaim: 0.0 ms]
      [Free CSet: 0.1 ms]
   [Eden: 13.0M(13.0M)->0.0B(76.0M) Survivors: 12.0M->4096.0K Heap: 345.2M(512.0M)->311.4M(512.0M)]
 [Times: user=0.03 sys=0.00, real=0.01 secs] 
2020-10-28T22:57:21.502-0800: 0.720: [GC pause (G1 Humongous Allocation) (young) (initial-mark), 0.0014414 secs]
   [Parallel Time: 0.7 ms, GC Workers: 8]
      [GC Worker Start (ms): Min: 720.3, Avg: 720.5, Max: 720.5, Diff: 0.2]
      [Ext Root Scanning (ms): Min: 0.0, Avg: 0.1, Max: 0.3, Diff: 0.3, Sum: 1.1]
      [Update RS (ms): Min: 0.0, Avg: 0.1, Max: 0.2, Diff: 0.2, Sum: 0.6]
         [Processed Buffers: Min: 0, Avg: 1.1, Max: 2, Diff: 2, Sum: 9]
      [Scan RS (ms): Min: 0.0, Avg: 0.0, Max: 0.0, Diff: 0.0, Sum: 0.0]
      [Code Root Scanning (ms): Min: 0.0, Avg: 0.0, Max: 0.0, Diff: 0.0, Sum: 0.0]
      [Object Copy (ms): Min: 0.0, Avg: 0.2, Max: 0.4, Diff: 0.4, Sum: 1.6]
      [Termination (ms): Min: 0.0, Avg: 0.1, Max: 0.1, Diff: 0.1, Sum: 0.8]
         [Termination Attempts: Min: 1, Avg: 1.0, Max: 1, Diff: 0, Sum: 8]
      [GC Worker Other (ms): Min: 0.0, Avg: 0.0, Max: 0.0, Diff: 0.0, Sum: 0.1]
      [GC Worker Total (ms): Min: 0.4, Avg: 0.5, Max: 0.7, Diff: 0.2, Sum: 4.2]
      [GC Worker End (ms): Min: 721.0, Avg: 721.0, Max: 721.0, Diff: 0.0]
   [Code Root Fixup: 0.0 ms]
   [Code Root Purge: 0.0 ms]
   [Clear CT: 0.1 ms]
   [Other: 0.6 ms]
      [Choose CSet: 0.0 ms]
      [Ref Proc: 0.3 ms]
      [Ref Enq: 0.0 ms]
      [Redirty Cards: 0.1 ms]
      [Humongous Register: 0.1 ms]
      [Humongous Reclaim: 0.0 ms]
      [Free CSet: 0.0 ms]
   [Eden: 3072.0K(76.0M)->0.0B(78.0M) Survivors: 4096.0K->5120.0K Heap: 314.2M(512.0M)->312.0M(512.0M)]
 [Times: user=0.01 sys=0.00, real=0.00 secs] 
2020-10-28T22:57:21.504-0800: 0.722: [GC concurrent-root-region-scan-start]
2020-10-28T22:57:21.504-0800: 0.722: [GC concurrent-root-region-scan-end, 0.0004680 secs]
2020-10-28T22:57:21.504-0800: 0.722: [GC concurrent-mark-start]
2020-10-28T22:57:21.508-0800: 0.726: [GC concurrent-mark-end, 0.0037759 secs]
2020-10-28T22:57:21.508-0800: 0.727: [GC remark 2020-10-28T22:57:21.508-0800: 0.727: [Finalize Marking, 0.0002195 secs] 2020-10-28T22:57:21.509-0800: 0.727: [GC ref-proc, 0.0000602 secs] 2020-10-28T22:57:21.509-0800: 0.727: [Unloading, 0.0013907 secs], 0.0027302 secs]
 [Times: user=0.01 sys=0.00, real=0.01 secs] 
2020-10-28T22:57:21.511-0800: 0.730: [GC cleanup 320M->320M(512M), 0.0010006 secs]
 [Times: user=0.00 sys=0.00, real=0.00 secs] 
2020-10-28T22:57:21.533-0800: 0.751: [GC pause (G1 Evacuation Pause) (young), 0.0032625 secs]
   [Parallel Time: 2.6 ms, GC Workers: 8]
      [GC Worker Start (ms): Min: 751.3, Avg: 751.4, Max: 751.4, Diff: 0.1]
      [Ext Root Scanning (ms): Min: 0.1, Avg: 0.1, Max: 0.2, Diff: 0.1, Sum: 0.8]
      [Update RS (ms): Min: 0.4, Avg: 0.5, Max: 0.5, Diff: 0.1, Sum: 3.8]
         [Processed Buffers: Min: 2, Avg: 5.4, Max: 6, Diff: 4, Sum: 43]
      [Scan RS (ms): Min: 0.0, Avg: 0.0, Max: 0.0, Diff: 0.0, Sum: 0.1]
      [Code Root Scanning (ms): Min: 0.0, Avg: 0.0, Max: 0.0, Diff: 0.0, Sum: 0.0]
      [Object Copy (ms): Min: 1.7, Avg: 1.8, Max: 1.9, Diff: 0.2, Sum: 14.6]
      [Termination (ms): Min: 0.0, Avg: 0.1, Max: 0.1, Diff: 0.1, Sum: 0.6]
         [Termination Attempts: Min: 1, Avg: 1.8, Max: 3, Diff: 2, Sum: 14]
      [GC Worker Other (ms): Min: 0.0, Avg: 0.0, Max: 0.0, Diff: 0.0, Sum: 0.1]
      [GC Worker Total (ms): Min: 2.5, Avg: 2.5, Max: 2.6, Diff: 0.1, Sum: 20.0]
      [GC Worker End (ms): Min: 753.9, Avg: 753.9, Max: 753.9, Diff: 0.0]
   [Code Root Fixup: 0.0 ms]
   [Code Root Purge: 0.0 ms]
   [Clear CT: 0.1 ms]
   [Other: 0.6 ms]
      [Choose CSet: 0.0 ms]
      [Ref Proc: 0.2 ms]
      [Ref Enq: 0.0 ms]
      [Redirty Cards: 0.1 ms]
      [Humongous Register: 0.1 ms]
      [Humongous Reclaim: 0.0 ms]
      [Free CSet: 0.0 ms]
   [Eden: 78.0M(78.0M)->0.0B(14.0M) Survivors: 5120.0K->11.0M Heap: 411.3M(512.0M)->341.4M(512.0M)]
 [Times: user=0.02 sys=0.00, real=0.00 secs] 
2020-10-28T22:57:21.540-0800: 0.758: [GC pause (G1 Evacuation Pause) (mixed), 0.0055847 secs]
   [Parallel Time: 4.9 ms, GC Workers: 8]
      [GC Worker Start (ms): Min: 757.9, Avg: 758.0, Max: 758.0, Diff: 0.1]
      [Ext Root Scanning (ms): Min: 0.1, Avg: 0.1, Max: 0.1, Diff: 0.1, Sum: 0.8]
      [Update RS (ms): Min: 0.3, Avg: 0.4, Max: 0.4, Diff: 0.1, Sum: 2.9]
         [Processed Buffers: Min: 4, Avg: 4.9, Max: 5, Diff: 1, Sum: 39]
      [Scan RS (ms): Min: 0.0, Avg: 0.0, Max: 0.1, Diff: 0.1, Sum: 0.3]
      [Code Root Scanning (ms): Min: 0.0, Avg: 0.0, Max: 0.0, Diff: 0.0, Sum: 0.0]
      [Object Copy (ms): Min: 4.1, Avg: 4.2, Max: 4.3, Diff: 0.1, Sum: 33.4]
      [Termination (ms): Min: 0.0, Avg: 0.1, Max: 0.1, Diff: 0.1, Sum: 0.7]
         [Termination Attempts: Min: 1, Avg: 1.0, Max: 1, Diff: 0, Sum: 8]
      [GC Worker Other (ms): Min: 0.0, Avg: 0.0, Max: 0.0, Diff: 0.0, Sum: 0.1]
      [GC Worker Total (ms): Min: 4.7, Avg: 4.8, Max: 4.8, Diff: 0.0, Sum: 38.1]
      [GC Worker End (ms): Min: 762.7, Avg: 762.7, Max: 762.8, Diff: 0.0]
   [Code Root Fixup: 0.0 ms]
   [Code Root Purge: 0.0 ms]
   [Clear CT: 0.1 ms]
   [Other: 0.5 ms]
      [Choose CSet: 0.0 ms]
      [Ref Proc: 0.3 ms]
      [Ref Enq: 0.0 ms]
      [Redirty Cards: 0.1 ms]
      [Humongous Register: 0.1 ms]
      [Humongous Reclaim: 0.0 ms]
      [Free CSet: 0.0 ms]
   [Eden: 14.0M(14.0M)->0.0B(67.0M) Survivors: 11.0M->4096.0K Heap: 359.1M(512.0M)->321.4M(512.0M)]
 [Times: user=0.03 sys=0.00, real=0.00 secs] 
2020-10-28T22:57:21.546-0800: 0.764: [GC pause (G1 Humongous Allocation) (young) (initial-mark), 0.0009965 secs]
   [Parallel Time: 0.5 ms, GC Workers: 8]
      [GC Worker Start (ms): Min: 764.0, Avg: 764.0, Max: 764.0, Diff: 0.1]
      [Ext Root Scanning (ms): Min: 0.1, Avg: 0.1, Max: 0.1, Diff: 0.1, Sum: 0.8]
      [Update RS (ms): Min: 0.0, Avg: 0.1, Max: 0.2, Diff: 0.1, Sum: 0.6]
         [Processed Buffers: Min: 1, Avg: 1.1, Max: 2, Diff: 1, Sum: 9]
      [Scan RS (ms): Min: 0.0, Avg: 0.0, Max: 0.0, Diff: 0.0, Sum: 0.0]
      [Code Root Scanning (ms): Min: 0.0, Avg: 0.0, Max: 0.0, Diff: 0.0, Sum: 0.0]
      [Object Copy (ms): Min: 0.1, Avg: 0.2, Max: 0.2, Diff: 0.2, Sum: 1.4]
      [Termination (ms): Min: 0.0, Avg: 0.1, Max: 0.1, Diff: 0.1, Sum: 0.5]
         [Termination Attempts: Min: 1, Avg: 1.0, Max: 1, Diff: 0, Sum: 8]
      [GC Worker Other (ms): Min: 0.0, Avg: 0.0, Max: 0.0, Diff: 0.0, Sum: 0.1]
      [GC Worker Total (ms): Min: 0.4, Avg: 0.4, Max: 0.5, Diff: 0.1, Sum: 3.4]
      [GC Worker End (ms): Min: 764.4, Avg: 764.4, Max: 764.4, Diff: 0.0]
   [Code Root Fixup: 0.0 ms]
   [Code Root Purge: 0.0 ms]
   [Clear CT: 0.1 ms]
   [Other: 0.4 ms]
      [Choose CSet: 0.0 ms]
      [Ref Proc: 0.1 ms]
      [Ref Enq: 0.0 ms]
      [Redirty Cards: 0.1 ms]
      [Humongous Register: 0.1 ms]
      [Humongous Reclaim: 0.0 ms]
      [Free CSet: 0.0 ms]
   [Eden: 3072.0K(67.0M)->0.0B(67.0M) Survivors: 4096.0K->6144.0K Heap: 324.2M(512.0M)->323.2M(512.0M)]
 [Times: user=0.00 sys=0.00, real=0.00 secs] 
2020-10-28T22:57:21.547-0800: 0.765: [GC concurrent-root-region-scan-start]
2020-10-28T22:57:21.547-0800: 0.765: [GC concurrent-root-region-scan-end, 0.0000845 secs]
2020-10-28T22:57:21.547-0800: 0.765: [GC concurrent-mark-start]
2020-10-28T22:57:21.548-0800: 0.766: [GC concurrent-mark-end, 0.0011233 secs]
2020-10-28T22:57:21.548-0800: 0.766: [GC remark 2020-10-28T22:57:21.548-0800: 0.766: [Finalize Marking, 0.0002201 secs] 2020-10-28T22:57:21.549-0800: 0.767: [GC ref-proc, 0.0000411 secs] 2020-10-28T22:57:21.549-0800: 0.767: [Unloading, 0.0004376 secs], 0.0014767 secs]
 [Times: user=0.00 sys=0.00, real=0.01 secs] 
2020-10-28T22:57:21.550-0800: 0.768: [GC cleanup 330M->330M(512M), 0.0006381 secs]
 [Times: user=0.00 sys=0.00, real=0.00 secs] 
2020-10-28T22:57:21.564-0800: 0.782: [GC pause (G1 Evacuation Pause) (young), 0.0029460 secs]
   [Parallel Time: 2.3 ms, GC Workers: 8]
      [GC Worker Start (ms): Min: 782.3, Avg: 782.4, Max: 782.4, Diff: 0.1]
      [Ext Root Scanning (ms): Min: 0.1, Avg: 0.1, Max: 0.1, Diff: 0.1, Sum: 0.8]
      [Update RS (ms): Min: 0.4, Avg: 0.5, Max: 0.5, Diff: 0.1, Sum: 3.6]
         [Processed Buffers: Min: 3, Avg: 5.1, Max: 6, Diff: 3, Sum: 41]
      [Scan RS (ms): Min: 0.0, Avg: 0.0, Max: 0.0, Diff: 0.0, Sum: 0.0]
      [Code Root Scanning (ms): Min: 0.0, Avg: 0.0, Max: 0.0, Diff: 0.0, Sum: 0.0]
      [Object Copy (ms): Min: 1.6, Avg: 1.6, Max: 1.7, Diff: 0.1, Sum: 13.2]
      [Termination (ms): Min: 0.0, Avg: 0.0, Max: 0.1, Diff: 0.1, Sum: 0.4]
         [Termination Attempts: Min: 1, Avg: 1.6, Max: 2, Diff: 1, Sum: 13]
      [GC Worker Other (ms): Min: 0.0, Avg: 0.0, Max: 0.0, Diff: 0.0, Sum: 0.1]
      [GC Worker Total (ms): Min: 2.2, Avg: 2.3, Max: 2.3, Diff: 0.1, Sum: 18.1]
      [GC Worker End (ms): Min: 784.6, Avg: 784.6, Max: 784.7, Diff: 0.0]
   [Code Root Fixup: 0.0 ms]
   [Code Root Purge: 0.0 ms]
   [Clear CT: 0.1 ms]
   [Other: 0.5 ms]
      [Choose CSet: 0.0 ms]
      [Ref Proc: 0.2 ms]
      [Ref Enq: 0.0 ms]
      [Redirty Cards: 0.1 ms]
      [Humongous Register: 0.1 ms]
      [Humongous Reclaim: 0.0 ms]
      [Free CSet: 0.0 ms]
   [Eden: 67.0M(67.0M)->0.0B(15.0M) Survivors: 6144.0K->10.0M Heap: 405.1M(512.0M)->342.6M(512.0M)]
 [Times: user=0.02 sys=0.00, real=0.00 secs] 
2020-10-28T22:57:21.571-0800: 0.789: [GC pause (G1 Evacuation Pause) (mixed), 0.0054382 secs]
   [Parallel Time: 4.9 ms, GC Workers: 8]
      [GC Worker Start (ms): Min: 788.7, Avg: 788.8, Max: 789.4, Diff: 0.7]
      [Ext Root Scanning (ms): Min: 0.0, Avg: 0.1, Max: 0.3, Diff: 0.3, Sum: 0.8]
      [Update RS (ms): Min: 0.0, Avg: 0.4, Max: 0.6, Diff: 0.6, Sum: 3.5]
         [Processed Buffers: Min: 0, Avg: 5.6, Max: 8, Diff: 8, Sum: 45]
      [Scan RS (ms): Min: 0.0, Avg: 0.0, Max: 0.1, Diff: 0.1, Sum: 0.3]
      [Code Root Scanning (ms): Min: 0.0, Avg: 0.0, Max: 0.0, Diff: 0.0, Sum: 0.0]
      [Object Copy (ms): Min: 4.0, Avg: 4.0, Max: 4.1, Diff: 0.1, Sum: 32.1]
      [Termination (ms): Min: 0.0, Avg: 0.1, Max: 0.1, Diff: 0.1, Sum: 0.6]
         [Termination Attempts: Min: 1, Avg: 1.0, Max: 1, Diff: 0, Sum: 8]
      [GC Worker Other (ms): Min: 0.0, Avg: 0.0, Max: 0.0, Diff: 0.0, Sum: 0.1]
      [GC Worker Total (ms): Min: 4.1, Avg: 4.7, Max: 4.8, Diff: 0.7, Sum: 37.5]
      [GC Worker End (ms): Min: 793.5, Avg: 793.5, Max: 793.5, Diff: 0.0]
   [Code Root Fixup: 0.0 ms]
   [Code Root Purge: 0.0 ms]
   [Clear CT: 0.1 ms]
   [Other: 0.4 ms]
      [Choose CSet: 0.0 ms]
      [Ref Proc: 0.2 ms]
      [Ref Enq: 0.0 ms]
      [Redirty Cards: 0.1 ms]
      [Humongous Register: 0.1 ms]
      [Humongous Reclaim: 0.0 ms]
      [Free CSet: 0.0 ms]
   [Eden: 15.0M(15.0M)->0.0B(61.0M) Survivors: 10.0M->4096.0K Heap: 362.2M(512.0M)->328.7M(512.0M)]
 [Times: user=0.03 sys=0.00, real=0.00 secs] 
2020-10-28T22:57:21.576-0800: 0.794: [GC pause (G1 Humongous Allocation) (young) (initial-mark), 0.0009832 secs]
   [Parallel Time: 0.5 ms, GC Workers: 8]
      [GC Worker Start (ms): Min: 794.4, Avg: 794.5, Max: 794.5, Diff: 0.1]
      [Ext Root Scanning (ms): Min: 0.1, Avg: 0.1, Max: 0.1, Diff: 0.1, Sum: 0.8]
      [Update RS (ms): Min: 0.0, Avg: 0.1, Max: 0.1, Diff: 0.1, Sum: 0.5]
         [Processed Buffers: Min: 1, Avg: 1.1, Max: 2, Diff: 1, Sum: 9]
      [Scan RS (ms): Min: 0.0, Avg: 0.0, Max: 0.0, Diff: 0.0, Sum: 0.0]
      [Code Root Scanning (ms): Min: 0.0, Avg: 0.0, Max: 0.0, Diff: 0.0, Sum: 0.0]
      [Object Copy (ms): Min: 0.1, Avg: 0.2, Max: 0.2, Diff: 0.1, Sum: 1.6]
      [Termination (ms): Min: 0.0, Avg: 0.0, Max: 0.1, Diff: 0.1, Sum: 0.2]
         [Termination Attempts: Min: 1, Avg: 1.0, Max: 1, Diff: 0, Sum: 8]
      [GC Worker Other (ms): Min: 0.0, Avg: 0.0, Max: 0.0, Diff: 0.0, Sum: 0.1]
      [GC Worker Total (ms): Min: 0.4, Avg: 0.4, Max: 0.4, Diff: 0.1, Sum: 3.2]
      [GC Worker End (ms): Min: 794.8, Avg: 794.9, Max: 794.9, Diff: 0.0]
   [Code Root Fixup: 0.0 ms]
   [Code Root Purge: 0.0 ms]
   [Clear CT: 0.1 ms]
   [Other: 0.4 ms]
      [Choose CSet: 0.0 ms]
      [Ref Proc: 0.1 ms]
      [Ref Enq: 0.0 ms]
      [Redirty Cards: 0.1 ms]
      [Humongous Register: 0.1 ms]
      [Humongous Reclaim: 0.0 ms]
      [Free CSet: 0.0 ms]
   [Eden: 2048.0K(61.0M)->0.0B(59.0M) Survivors: 4096.0K->5120.0K Heap: 330.2M(512.0M)->329.1M(512.0M)]
 [Times: user=0.01 sys=0.00, real=0.00 secs] 
2020-10-28T22:57:21.577-0800: 0.795: [GC concurrent-root-region-scan-start]
2020-10-28T22:57:21.578-0800: 0.796: [GC concurrent-root-region-scan-end, 0.0000951 secs]
2020-10-28T22:57:21.578-0800: 0.796: [GC concurrent-mark-start]
2020-10-28T22:57:21.579-0800: 0.797: [GC concurrent-mark-end, 0.0010074 secs]
2020-10-28T22:57:21.579-0800: 0.797: [GC remark 2020-10-28T22:57:21.579-0800: 0.797: [Finalize Marking, 0.0001752 secs] 2020-10-28T22:57:21.579-0800: 0.797: [GC ref-proc, 0.0000439 secs] 2020-10-28T22:57:21.579-0800: 0.797: [Unloading, 0.0004866 secs], 0.0014541 secs]
 [Times: user=0.01 sys=0.00, real=0.01 secs] 
2020-10-28T22:57:21.580-0800: 0.798: [GC cleanup 338M->338M(512M), 0.0005996 secs]
 [Times: user=0.00 sys=0.00, real=0.00 secs] 
2020-10-28T22:57:21.595-0800: 0.813: [GC pause (G1 Evacuation Pause) (young), 0.0035952 secs]
   [Parallel Time: 2.9 ms, GC Workers: 8]
      [GC Worker Start (ms): Min: 813.5, Avg: 813.5, Max: 813.7, Diff: 0.2]
      [Ext Root Scanning (ms): Min: 0.0, Avg: 0.1, Max: 0.1, Diff: 0.1, Sum: 0.7]
      [Update RS (ms): Min: 0.6, Avg: 1.0, Max: 1.6, Diff: 1.0, Sum: 7.8]
         [Processed Buffers: Min: 5, Avg: 6.6, Max: 9, Diff: 4, Sum: 53]
      [Scan RS (ms): Min: 0.0, Avg: 0.0, Max: 0.0, Diff: 0.0, Sum: 0.0]
      [Code Root Scanning (ms): Min: 0.0, Avg: 0.0, Max: 0.0, Diff: 0.0, Sum: 0.0]
      [Object Copy (ms): Min: 1.0, Avg: 1.6, Max: 2.0, Diff: 1.0, Sum: 12.7]
      [Termination (ms): Min: 0.0, Avg: 0.1, Max: 0.1, Diff: 0.1, Sum: 0.5]
         [Termination Attempts: Min: 1, Avg: 1.0, Max: 1, Diff: 0, Sum: 8]
      [GC Worker Other (ms): Min: 0.0, Avg: 0.0, Max: 0.0, Diff: 0.0, Sum: 0.1]
      [GC Worker Total (ms): Min: 2.6, Avg: 2.7, Max: 2.8, Diff: 0.2, Sum: 21.9]
      [GC Worker End (ms): Min: 816.3, Avg: 816.3, Max: 816.3, Diff: 0.0]
   [Code Root Fixup: 0.0 ms]
   [Code Root Purge: 0.0 ms]
   [Clear CT: 0.1 ms]
   [Other: 0.6 ms]
      [Choose CSet: 0.0 ms]
      [Ref Proc: 0.3 ms]
      [Ref Enq: 0.0 ms]
      [Redirty Cards: 0.1 ms]
      [Humongous Register: 0.1 ms]
      [Humongous Reclaim: 0.0 ms]
      [Free CSet: 0.0 ms]
   [Eden: 59.0M(59.0M)->0.0B(17.0M) Survivors: 5120.0K->8192.0K Heap: 403.7M(512.0M)->349.6M(512.0M)]
 [Times: user=0.02 sys=0.00, real=0.00 secs] 
2020-10-28T22:57:21.603-0800: 0.821: [GC pause (G1 Evacuation Pause) (mixed), 0.0049150 secs]
   [Parallel Time: 4.3 ms, GC Workers: 8]
      [GC Worker Start (ms): Min: 820.8, Avg: 820.8, Max: 820.9, Diff: 0.1]
      [Ext Root Scanning (ms): Min: 0.0, Avg: 0.1, Max: 0.1, Diff: 0.1, Sum: 0.6]
      [Update RS (ms): Min: 0.5, Avg: 0.5, Max: 0.5, Diff: 0.1, Sum: 4.2]
         [Processed Buffers: Min: 6, Avg: 6.5, Max: 7, Diff: 1, Sum: 52]
      [Scan RS (ms): Min: 0.0, Avg: 0.0, Max: 0.1, Diff: 0.1, Sum: 0.2]
      [Code Root Scanning (ms): Min: 0.0, Avg: 0.0, Max: 0.0, Diff: 0.0, Sum: 0.0]
      [Object Copy (ms): Min: 3.4, Avg: 3.4, Max: 3.5, Diff: 0.1, Sum: 27.4]
      [Termination (ms): Min: 0.0, Avg: 0.1, Max: 0.1, Diff: 0.1, Sum: 0.7]
         [Termination Attempts: Min: 1, Avg: 1.0, Max: 1, Diff: 0, Sum: 8]
      [GC Worker Other (ms): Min: 0.0, Avg: 0.0, Max: 0.0, Diff: 0.0, Sum: 0.1]
      [GC Worker Total (ms): Min: 4.1, Avg: 4.1, Max: 4.2, Diff: 0.2, Sum: 33.2]
      [GC Worker End (ms): Min: 825.0, Avg: 825.0, Max: 825.0, Diff: 0.0]
   [Code Root Fixup: 0.0 ms]
   [Code Root Purge: 0.0 ms]
   [Clear CT: 0.1 ms]
   [Other: 0.5 ms]
      [Choose CSet: 0.0 ms]
      [Ref Proc: 0.2 ms]
      [Ref Enq: 0.0 ms]
      [Redirty Cards: 0.1 ms]
      [Humongous Register: 0.1 ms]
      [Humongous Reclaim: 0.0 ms]
      [Free CSet: 0.0 ms]
   [Eden: 17.0M(17.0M)->0.0B(53.0M) Survivors: 8192.0K->4096.0K Heap: 372.0M(512.0M)->335.1M(512.0M)]
 [Times: user=0.03 sys=0.01, real=0.00 secs] 
2020-10-28T22:57:21.608-0800: 0.826: [GC pause (G1 Humongous Allocation) (young) (initial-mark), 0.0010176 secs]
   [Parallel Time: 0.5 ms, GC Workers: 8]
      [GC Worker Start (ms): Min: 826.0, Avg: 826.0, Max: 826.0, Diff: 0.1]
      [Ext Root Scanning (ms): Min: 0.1, Avg: 0.1, Max: 0.1, Diff: 0.1, Sum: 0.9]
      [Update RS (ms): Min: 0.0, Avg: 0.1, Max: 0.1, Diff: 0.1, Sum: 0.5]
         [Processed Buffers: Min: 1, Avg: 1.1, Max: 2, Diff: 1, Sum: 9]
      [Scan RS (ms): Min: 0.0, Avg: 0.0, Max: 0.0, Diff: 0.0, Sum: 0.0]
      [Code Root Scanning (ms): Min: 0.0, Avg: 0.0, Max: 0.0, Diff: 0.0, Sum: 0.0]
      [Object Copy (ms): Min: 0.1, Avg: 0.2, Max: 0.2, Diff: 0.1, Sum: 1.3]
      [Termination (ms): Min: 0.0, Avg: 0.1, Max: 0.1, Diff: 0.1, Sum: 0.4]
         [Termination Attempts: Min: 1, Avg: 1.0, Max: 1, Diff: 0, Sum: 8]
      [GC Worker Other (ms): Min: 0.0, Avg: 0.0, Max: 0.0, Diff: 0.0, Sum: 0.1]
      [GC Worker Total (ms): Min: 0.4, Avg: 0.4, Max: 0.4, Diff: 0.1, Sum: 3.2]
      [GC Worker End (ms): Min: 826.4, Avg: 826.4, Max: 826.4, Diff: 0.0]
   [Code Root Fixup: 0.0 ms]
   [Code Root Purge: 0.0 ms]
   [Clear CT: 0.1 ms]
   [Other: 0.4 ms]
      [Choose CSet: 0.0 ms]
      [Ref Proc: 0.1 ms]
      [Ref Enq: 0.0 ms]
      [Redirty Cards: 0.1 ms]
      [Humongous Register: 0.1 ms]
      [Humongous Reclaim: 0.0 ms]
      [Free CSet: 0.0 ms]
   [Eden: 1024.0K(53.0M)->0.0B(56.0M) Survivors: 4096.0K->4096.0K Heap: 336.0M(512.0M)->335.0M(512.0M)]
 [Times: user=0.01 sys=0.00, real=0.00 secs] 
2020-10-28T22:57:21.609-0800: 0.827: [GC concurrent-root-region-scan-start]
2020-10-28T22:57:21.609-0800: 0.827: [GC concurrent-root-region-scan-end, 0.0000721 secs]
2020-10-28T22:57:21.609-0800: 0.827: [GC concurrent-mark-start]
2020-10-28T22:57:21.610-0800: 0.828: [GC concurrent-mark-end, 0.0012291 secs]
2020-10-28T22:57:21.610-0800: 0.828: [GC remark 2020-10-28T22:57:21.610-0800: 0.828: [Finalize Marking, 0.0001636 secs] 2020-10-28T22:57:21.611-0800: 0.829: [GC ref-proc, 0.0000390 secs] 2020-10-28T22:57:21.611-0800: 0.829: [Unloading, 0.0004542 secs], 0.0013984 secs]
 [Times: user=0.01 sys=0.00, real=0.00 secs] 
2020-10-28T22:57:21.612-0800: 0.830: [GC cleanup 341M->341M(512M), 0.0005779 secs]
 [Times: user=0.00 sys=0.00, real=0.00 secs] 
2020-10-28T22:57:21.623-0800: 0.841: [GC pause (G1 Evacuation Pause) (young), 0.0032336 secs]
   [Parallel Time: 2.7 ms, GC Workers: 8]
      [GC Worker Start (ms): Min: 841.5, Avg: 841.5, Max: 841.6, Diff: 0.1]
      [Ext Root Scanning (ms): Min: 0.0, Avg: 0.1, Max: 0.1, Diff: 0.1, Sum: 0.7]
      [Update RS (ms): Min: 0.7, Avg: 0.7, Max: 0.8, Diff: 0.0, Sum: 6.0]
         [Processed Buffers: Min: 6, Avg: 8.8, Max: 10, Diff: 4, Sum: 70]
      [Scan RS (ms): Min: 0.0, Avg: 0.0, Max: 0.0, Diff: 0.0, Sum: 0.0]
      [Code Root Scanning (ms): Min: 0.0, Avg: 0.0, Max: 0.0, Diff: 0.0, Sum: 0.0]
      [Object Copy (ms): Min: 1.6, Avg: 1.6, Max: 1.7, Diff: 0.1, Sum: 13.1]
      [Termination (ms): Min: 0.0, Avg: 0.1, Max: 0.1, Diff: 0.1, Sum: 0.6]
         [Termination Attempts: Min: 1, Avg: 1.8, Max: 3, Diff: 2, Sum: 14]
      [GC Worker Other (ms): Min: 0.0, Avg: 0.0, Max: 0.0, Diff: 0.0, Sum: 0.1]
      [GC Worker Total (ms): Min: 2.5, Avg: 2.6, Max: 2.6, Diff: 0.1, Sum: 20.5]
      [GC Worker End (ms): Min: 844.1, Avg: 844.1, Max: 844.1, Diff: 0.0]
   [Code Root Fixup: 0.0 ms]
   [Code Root Purge: 0.0 ms]
   [Clear CT: 0.1 ms]
   [Other: 0.4 ms]
      [Choose CSet: 0.0 ms]
      [Ref Proc: 0.2 ms]
      [Ref Enq: 0.0 ms]
      [Redirty Cards: 0.1 ms]
      [Humongous Register: 0.1 ms]
      [Humongous Reclaim: 0.0 ms]
      [Free CSet: 0.0 ms]
   [Eden: 56.0M(56.0M)->0.0B(17.0M) Survivors: 4096.0K->8192.0K Heap: 408.5M(512.0M)->360.9M(512.0M)]
 [Times: user=0.02 sys=0.00, real=0.00 secs] 
2020-10-28T22:57:21.630-0800: 0.848: [GC pause (G1 Evacuation Pause) (mixed), 0.0052932 secs]
   [Parallel Time: 4.7 ms, GC Workers: 8]
      [GC Worker Start (ms): Min: 847.7, Avg: 847.7, Max: 847.8, Diff: 0.1]
      [Ext Root Scanning (ms): Min: 0.0, Avg: 0.1, Max: 0.1, Diff: 0.1, Sum: 0.7]
      [Update RS (ms): Min: 0.4, Avg: 0.5, Max: 0.5, Diff: 0.0, Sum: 3.6]
         [Processed Buffers: Min: 6, Avg: 6.1, Max: 7, Diff: 1, Sum: 49]
      [Scan RS (ms): Min: 0.0, Avg: 0.0, Max: 0.1, Diff: 0.0, Sum: 0.2]
      [Code Root Scanning (ms): Min: 0.0, Avg: 0.0, Max: 0.0, Diff: 0.0, Sum: 0.0]
      [Object Copy (ms): Min: 3.8, Avg: 3.9, Max: 4.0, Diff: 0.1, Sum: 30.8]
      [Termination (ms): Min: 0.0, Avg: 0.1, Max: 0.2, Diff: 0.2, Sum: 0.9]
         [Termination Attempts: Min: 1, Avg: 1.0, Max: 1, Diff: 0, Sum: 8]
      [GC Worker Other (ms): Min: 0.0, Avg: 0.0, Max: 0.0, Diff: 0.0, Sum: 0.1]
      [GC Worker Total (ms): Min: 4.5, Avg: 4.5, Max: 4.6, Diff: 0.1, Sum: 36.4]
      [GC Worker End (ms): Min: 852.3, Avg: 852.3, Max: 852.3, Diff: 0.0]
   [Code Root Fixup: 0.0 ms]
   [Code Root Purge: 0.0 ms]
   [Clear CT: 0.1 ms]
   [Other: 0.5 ms]
      [Choose CSet: 0.0 ms]
      [Ref Proc: 0.2 ms]
      [Ref Enq: 0.0 ms]
      [Redirty Cards: 0.1 ms]
      [Humongous Register: 0.1 ms]
      [Humongous Reclaim: 0.0 ms]
      [Free CSet: 0.0 ms]
   [Eden: 17.0M(17.0M)->0.0B(43.0M) Survivors: 8192.0K->4096.0K Heap: 382.8M(512.0M)->349.5M(512.0M)]
 [Times: user=0.02 sys=0.00, real=0.00 secs] 
2020-10-28T22:57:21.636-0800: 0.854: [GC pause (G1 Humongous Allocation) (young) (initial-mark), 0.0012692 secs]
   [Parallel Time: 0.6 ms, GC Workers: 8]
      [GC Worker Start (ms): Min: 853.9, Avg: 854.0, Max: 854.0, Diff: 0.1]
      [Ext Root Scanning (ms): Min: 0.1, Avg: 0.1, Max: 0.2, Diff: 0.1, Sum: 0.7]
      [Update RS (ms): Min: 0.0, Avg: 0.1, Max: 0.2, Diff: 0.2, Sum: 0.5]
         [Processed Buffers: Min: 1, Avg: 1.1, Max: 2, Diff: 1, Sum: 9]
      [Scan RS (ms): Min: 0.0, Avg: 0.0, Max: 0.0, Diff: 0.0, Sum: 0.0]
      [Code Root Scanning (ms): Min: 0.0, Avg: 0.0, Max: 0.0, Diff: 0.0, Sum: 0.0]
      [Object Copy (ms): Min: 0.1, Avg: 0.2, Max: 0.4, Diff: 0.3, Sum: 2.0]
      [Termination (ms): Min: 0.0, Avg: 0.1, Max: 0.2, Diff: 0.2, Sum: 0.9]
         [Termination Attempts: Min: 1, Avg: 1.0, Max: 1, Diff: 0, Sum: 8]
      [GC Worker Other (ms): Min: 0.0, Avg: 0.0, Max: 0.0, Diff: 0.0, Sum: 0.1]
      [GC Worker Total (ms): Min: 0.5, Avg: 0.5, Max: 0.6, Diff: 0.1, Sum: 4.2]
      [GC Worker End (ms): Min: 854.5, Avg: 854.5, Max: 854.5, Diff: 0.0]
   [Code Root Fixup: 0.0 ms]
   [Code Root Purge: 0.0 ms]
   [Clear CT: 0.1 ms]
   [Other: 0.5 ms]
      [Choose CSet: 0.0 ms]
      [Ref Proc: 0.3 ms]
      [Ref Enq: 0.0 ms]
      [Redirty Cards: 0.1 ms]
      [Humongous Register: 0.1 ms]
      [Humongous Reclaim: 0.0 ms]
      [Free CSet: 0.0 ms]
   [Eden: 6144.0K(43.0M)->0.0B(43.0M) Survivors: 4096.0K->2048.0K Heap: 355.3M(512.0M)->350.3M(512.0M)]
 [Times: user=0.00 sys=0.00, real=0.00 secs] 
2020-10-28T22:57:21.637-0800: 0.855: [GC concurrent-root-region-scan-start]
2020-10-28T22:57:21.637-0800: 0.855: [GC concurrent-root-region-scan-end, 0.0000761 secs]
2020-10-28T22:57:21.637-0800: 0.855: [GC concurrent-mark-start]
2020-10-28T22:57:21.638-0800: 0.856: [GC concurrent-mark-end, 0.0011529 secs]
2020-10-28T22:57:21.638-0800: 0.856: [GC remark 2020-10-28T22:57:21.638-0800: 0.857: [Finalize Marking, 0.0001460 secs] 2020-10-28T22:57:21.639-0800: 0.857: [GC ref-proc, 0.0000431 secs] 2020-10-28T22:57:21.639-0800: 0.857: [Unloading, 0.0004261 secs], 0.0013033 secs]
 [Times: user=0.01 sys=0.00, real=0.01 secs] 
2020-10-28T22:57:21.640-0800: 0.858: [GC cleanup 358M->358M(512M), 0.0005709 secs]
 [Times: user=0.00 sys=0.01, real=0.00 secs] 
2020-10-28T22:57:21.648-0800: 0.866: [GC pause (G1 Evacuation Pause) (young), 0.0027304 secs]
   [Parallel Time: 2.2 ms, GC Workers: 8]
      [GC Worker Start (ms): Min: 866.6, Avg: 866.8, Max: 867.2, Diff: 0.6]
      [Ext Root Scanning (ms): Min: 0.0, Avg: 0.1, Max: 0.4, Diff: 0.4, Sum: 0.9]
      [Update RS (ms): Min: 0.6, Avg: 0.9, Max: 1.1, Diff: 0.5, Sum: 7.4]
         [Processed Buffers: Min: 7, Avg: 10.5, Max: 13, Diff: 6, Sum: 84]
      [Scan RS (ms): Min: 0.0, Avg: 0.0, Max: 0.0, Diff: 0.0, Sum: 0.0]
      [Code Root Scanning (ms): Min: 0.0, Avg: 0.0, Max: 0.0, Diff: 0.0, Sum: 0.0]
      [Object Copy (ms): Min: 0.8, Avg: 0.9, Max: 0.9, Diff: 0.1, Sum: 7.0]
      [Termination (ms): Min: 0.0, Avg: 0.1, Max: 0.1, Diff: 0.1, Sum: 0.4]
         [Termination Attempts: Min: 1, Avg: 1.0, Max: 1, Diff: 0, Sum: 8]
      [GC Worker Other (ms): Min: 0.0, Avg: 0.0, Max: 0.0, Diff: 0.0, Sum: 0.1]
      [GC Worker Total (ms): Min: 1.5, Avg: 2.0, Max: 2.2, Diff: 0.6, Sum: 15.8]
      [GC Worker End (ms): Min: 868.7, Avg: 868.7, Max: 868.7, Diff: 0.0]
   [Code Root Fixup: 0.0 ms]
   [Code Root Purge: 0.0 ms]
   [Clear CT: 0.1 ms]
   [Other: 0.4 ms]
      [Choose CSet: 0.0 ms]
      [Ref Proc: 0.2 ms]
      [Ref Enq: 0.0 ms]
      [Redirty Cards: 0.1 ms]
      [Humongous Register: 0.1 ms]
      [Humongous Reclaim: 0.0 ms]
      [Free CSet: 0.0 ms]
   [Eden: 43.0M(43.0M)->0.0B(19.0M) Survivors: 2048.0K->6144.0K Heap: 407.7M(512.0M)->365.9M(512.0M)]
 [Times: user=0.02 sys=0.00, real=0.01 secs] 
2020-10-28T22:57:21.655-0800: 0.873: [GC pause (G1 Evacuation Pause) (mixed), 0.0056993 secs]
   [Parallel Time: 5.2 ms, GC Workers: 8]
      [GC Worker Start (ms): Min: 873.3, Avg: 873.4, Max: 873.4, Diff: 0.1]
      [Ext Root Scanning (ms): Min: 0.0, Avg: 0.1, Max: 0.1, Diff: 0.1, Sum: 0.7]
      [Update RS (ms): Min: 0.5, Avg: 0.5, Max: 0.6, Diff: 0.1, Sum: 4.4]
         [Processed Buffers: Min: 7, Avg: 7.2, Max: 8, Diff: 1, Sum: 58]
      [Scan RS (ms): Min: 0.0, Avg: 0.0, Max: 0.1, Diff: 0.1, Sum: 0.2]
      [Code Root Scanning (ms): Min: 0.0, Avg: 0.0, Max: 0.0, Diff: 0.0, Sum: 0.0]
      [Object Copy (ms): Min: 4.2, Avg: 4.2, Max: 4.3, Diff: 0.2, Sum: 33.7]
      [Termination (ms): Min: 0.0, Avg: 0.1, Max: 0.2, Diff: 0.2, Sum: 1.0]
         [Termination Attempts: Min: 1, Avg: 1.0, Max: 1, Diff: 0, Sum: 8]
      [GC Worker Other (ms): Min: 0.0, Avg: 0.0, Max: 0.0, Diff: 0.0, Sum: 0.1]
      [GC Worker Total (ms): Min: 4.9, Avg: 5.0, Max: 5.1, Diff: 0.1, Sum: 40.2]
      [GC Worker End (ms): Min: 878.4, Avg: 878.4, Max: 878.4, Diff: 0.0]
   [Code Root Fixup: 0.0 ms]
   [Code Root Purge: 0.0 ms]
   [Clear CT: 0.1 ms]
   [Other: 0.4 ms]
      [Choose CSet: 0.0 ms]
      [Ref Proc: 0.1 ms]
      [Ref Enq: 0.0 ms]
      [Redirty Cards: 0.1 ms]
      [Humongous Register: 0.1 ms]
      [Humongous Reclaim: 0.0 ms]
      [Free CSet: 0.1 ms]
   [Eden: 19.0M(19.0M)->0.0B(43.0M) Survivors: 6144.0K->4096.0K Heap: 390.9M(512.0M)->348.8M(512.0M)]
 [Times: user=0.04 sys=0.00, real=0.01 secs] 
2020-10-28T22:57:21.662-0800: 0.880: [GC pause (G1 Humongous Allocation) (young) (initial-mark), 0.0012545 secs]
   [Parallel Time: 0.8 ms, GC Workers: 8]
      [GC Worker Start (ms): Min: 879.7, Avg: 879.7, Max: 879.8, Diff: 0.2]
      [Ext Root Scanning (ms): Min: 0.0, Avg: 0.1, Max: 0.2, Diff: 0.2, Sum: 1.2]
      [Update RS (ms): Min: 0.0, Avg: 0.1, Max: 0.3, Diff: 0.3, Sum: 0.8]
         [Processed Buffers: Min: 1, Avg: 1.1, Max: 2, Diff: 1, Sum: 9]
      [Scan RS (ms): Min: 0.0, Avg: 0.0, Max: 0.0, Diff: 0.0, Sum: 0.0]
      [Code Root Scanning (ms): Min: 0.0, Avg: 0.0, Max: 0.0, Diff: 0.0, Sum: 0.0]
      [Object Copy (ms): Min: 0.0, Avg: 0.2, Max: 0.3, Diff: 0.3, Sum: 1.7]
      [Termination (ms): Min: 0.0, Avg: 0.2, Max: 0.2, Diff: 0.2, Sum: 1.4]
         [Termination Attempts: Min: 1, Avg: 1.1, Max: 2, Diff: 1, Sum: 9]
      [GC Worker Other (ms): Min: 0.0, Avg: 0.0, Max: 0.0, Diff: 0.0, Sum: 0.1]
      [GC Worker Total (ms): Min: 0.5, Avg: 0.6, Max: 0.7, Diff: 0.2, Sum: 5.1]
      [GC Worker End (ms): Min: 880.4, Avg: 880.4, Max: 880.4, Diff: 0.0]
   [Code Root Fixup: 0.0 ms]
   [Code Root Purge: 0.0 ms]
   [Clear CT: 0.1 ms]
   [Other: 0.4 ms]
      [Choose CSet: 0.0 ms]
      [Ref Proc: 0.2 ms]
      [Ref Enq: 0.0 ms]
      [Redirty Cards: 0.1 ms]
      [Humongous Register: 0.1 ms]
      [Humongous Reclaim: 0.0 ms]
      [Free CSet: 0.0 ms]
   [Eden: 3072.0K(43.0M)->0.0B(45.0M) Survivors: 4096.0K->1024.0K Heap: 351.2M(512.0M)->349.1M(512.0M)]
 [Times: user=0.00 sys=0.00, real=0.00 secs] 
2020-10-28T22:57:21.663-0800: 0.881: [GC concurrent-root-region-scan-start]
2020-10-28T22:57:21.663-0800: 0.881: [GC concurrent-root-region-scan-end, 0.0000876 secs]
2020-10-28T22:57:21.663-0800: 0.881: [GC concurrent-mark-start]
2020-10-28T22:57:21.664-0800: 0.882: [GC concurrent-mark-end, 0.0010979 secs]
2020-10-28T22:57:21.664-0800: 0.882: [GC remark 2020-10-28T22:57:21.664-0800: 0.882: [Finalize Marking, 0.0001424 secs] 2020-10-28T22:57:21.664-0800: 0.882: [GC ref-proc, 0.0000434 secs] 2020-10-28T22:57:21.664-0800: 0.882: [Unloading, 0.0004417 secs], 0.0013677 secs]
 [Times: user=0.00 sys=0.00, real=0.00 secs] 
2020-10-28T22:57:21.666-0800: 0.884: [GC cleanup 357M->357M(512M), 0.0005988 secs]
 [Times: user=0.00 sys=0.00, real=0.00 secs] 
2020-10-28T22:57:21.675-0800: 0.893: [GC pause (G1 Evacuation Pause) (young), 0.0024085 secs]
   [Parallel Time: 1.9 ms, GC Workers: 8]
      [GC Worker Start (ms): Min: 893.0, Avg: 893.0, Max: 893.1, Diff: 0.1]
      [Ext Root Scanning (ms): Min: 0.0, Avg: 0.1, Max: 0.1, Diff: 0.1, Sum: 0.8]
      [Update RS (ms): Min: 0.7, Avg: 0.7, Max: 0.8, Diff: 0.1, Sum: 5.8]
         [Processed Buffers: Min: 6, Avg: 8.5, Max: 9, Diff: 3, Sum: 68]
      [Scan RS (ms): Min: 0.0, Avg: 0.0, Max: 0.0, Diff: 0.0, Sum: 0.0]
      [Code Root Scanning (ms): Min: 0.0, Avg: 0.0, Max: 0.0, Diff: 0.0, Sum: 0.0]
      [Object Copy (ms): Min: 0.8, Avg: 0.8, Max: 0.9, Diff: 0.2, Sum: 6.8]
      [Termination (ms): Min: 0.0, Avg: 0.1, Max: 0.1, Diff: 0.1, Sum: 0.5]
         [Termination Attempts: Min: 1, Avg: 1.6, Max: 2, Diff: 1, Sum: 13]
      [GC Worker Other (ms): Min: 0.0, Avg: 0.0, Max: 0.0, Diff: 0.0, Sum: 0.1]
      [GC Worker Total (ms): Min: 1.7, Avg: 1.8, Max: 1.8, Diff: 0.1, Sum: 14.0]
      [GC Worker End (ms): Min: 894.8, Avg: 894.8, Max: 894.8, Diff: 0.0]
   [Code Root Fixup: 0.0 ms]
   [Code Root Purge: 0.0 ms]
   [Clear CT: 0.1 ms]
   [Other: 0.5 ms]
      [Choose CSet: 0.0 ms]
      [Ref Proc: 0.2 ms]
      [Ref Enq: 0.0 ms]
      [Redirty Cards: 0.1 ms]
      [Humongous Register: 0.1 ms]
      [Humongous Reclaim: 0.0 ms]
      [Free CSet: 0.0 ms]
   [Eden: 45.0M(45.0M)->0.0B(19.0M) Survivors: 1024.0K->6144.0K Heap: 408.1M(512.0M)->371.1M(512.0M)]
 [Times: user=0.01 sys=0.00, real=0.00 secs] 
2020-10-28T22:57:21.681-0800: 0.899: [GC pause (G1 Evacuation Pause) (mixed), 0.0045170 secs]
   [Parallel Time: 3.9 ms, GC Workers: 8]
      [GC Worker Start (ms): Min: 899.4, Avg: 899.4, Max: 899.4, Diff: 0.1]
      [Ext Root Scanning (ms): Min: 0.1, Avg: 0.1, Max: 0.1, Diff: 0.1, Sum: 0.7]
      [Update RS (ms): Min: 0.2, Avg: 0.2, Max: 0.2, Diff: 0.1, Sum: 1.7]
         [Processed Buffers: Min: 3, Avg: 3.1, Max: 4, Diff: 1, Sum: 25]
      [Scan RS (ms): Min: 0.0, Avg: 0.1, Max: 0.1, Diff: 0.1, Sum: 0.4]
      [Code Root Scanning (ms): Min: 0.0, Avg: 0.0, Max: 0.0, Diff: 0.0, Sum: 0.0]
      [Object Copy (ms): Min: 3.3, Avg: 3.4, Max: 3.4, Diff: 0.1, Sum: 27.0]
      [Termination (ms): Min: 0.0, Avg: 0.0, Max: 0.1, Diff: 0.1, Sum: 0.3]
         [Termination Attempts: Min: 1, Avg: 1.1, Max: 2, Diff: 1, Sum: 9]
      [GC Worker Other (ms): Min: 0.0, Avg: 0.0, Max: 0.0, Diff: 0.0, Sum: 0.1]
      [GC Worker Total (ms): Min: 3.8, Avg: 3.8, Max: 3.8, Diff: 0.1, Sum: 30.4]
      [GC Worker End (ms): Min: 903.2, Avg: 903.2, Max: 903.2, Diff: 0.0]
   [Code Root Fixup: 0.0 ms]
   [Code Root Purge: 0.0 ms]
   [Clear CT: 0.1 ms]
   [Other: 0.5 ms]
      [Choose CSet: 0.0 ms]
      [Ref Proc: 0.2 ms]
      [Ref Enq: 0.0 ms]
      [Redirty Cards: 0.1 ms]
      [Humongous Register: 0.1 ms]
      [Humongous Reclaim: 0.0 ms]
      [Free CSet: 0.0 ms]
   [Eden: 19.0M(19.0M)->0.0B(36.0M) Survivors: 6144.0K->4096.0K Heap: 392.2M(512.0M)->357.9M(512.0M)]
 [Times: user=0.03 sys=0.01, real=0.00 secs] 
2020-10-28T22:57:21.686-0800: 0.904: [GC pause (G1 Humongous Allocation) (young) (initial-mark), 0.0011398 secs]
   [Parallel Time: 0.6 ms, GC Workers: 8]
      [GC Worker Start (ms): Min: 904.3, Avg: 904.3, Max: 904.4, Diff: 0.1]
      [Ext Root Scanning (ms): Min: 0.1, Avg: 0.1, Max: 0.1, Diff: 0.1, Sum: 0.8]
      [Update RS (ms): Min: 0.0, Avg: 0.1, Max: 0.2, Diff: 0.2, Sum: 0.9]
         [Processed Buffers: Min: 1, Avg: 1.1, Max: 2, Diff: 1, Sum: 9]
      [Scan RS (ms): Min: 0.0, Avg: 0.0, Max: 0.0, Diff: 0.0, Sum: 0.0]
      [Code Root Scanning (ms): Min: 0.0, Avg: 0.0, Max: 0.0, Diff: 0.0, Sum: 0.0]
      [Object Copy (ms): Min: 0.1, Avg: 0.2, Max: 0.3, Diff: 0.2, Sum: 2.0]
      [Termination (ms): Min: 0.0, Avg: 0.0, Max: 0.1, Diff: 0.1, Sum: 0.4]
         [Termination Attempts: Min: 1, Avg: 1.0, Max: 1, Diff: 0, Sum: 8]
      [GC Worker Other (ms): Min: 0.0, Avg: 0.0, Max: 0.0, Diff: 0.0, Sum: 0.1]
      [GC Worker Total (ms): Min: 0.5, Avg: 0.5, Max: 0.6, Diff: 0.1, Sum: 4.1]
      [GC Worker End (ms): Min: 904.9, Avg: 904.9, Max: 904.9, Diff: 0.0]
   [Code Root Fixup: 0.0 ms]
   [Code Root Purge: 0.0 ms]
   [Clear CT: 0.2 ms]
   [Other: 0.4 ms]
      [Choose CSet: 0.0 ms]
      [Ref Proc: 0.1 ms]
      [Ref Enq: 0.0 ms]
      [Redirty Cards: 0.1 ms]
      [Humongous Register: 0.1 ms]
      [Humongous Reclaim: 0.0 ms]
      [Free CSet: 0.0 ms]
   [Eden: 2048.0K(36.0M)->0.0B(38.0M) Survivors: 4096.0K->1024.0K Heap: 359.3M(512.0M)->357.1M(512.0M)]
 [Times: user=0.00 sys=0.00, real=0.00 secs] 
2020-10-28T22:57:21.687-0800: 0.905: [GC concurrent-root-region-scan-start]
2020-10-28T22:57:21.688-0800: 0.906: [GC concurrent-root-region-scan-end, 0.0000762 secs]
2020-10-28T22:57:21.688-0800: 0.906: [GC concurrent-mark-start]
2020-10-28T22:57:21.689-0800: 0.907: [GC concurrent-mark-end, 0.0009918 secs]
2020-10-28T22:57:21.689-0800: 0.907: [GC remark 2020-10-28T22:57:21.689-0800: 0.907: [Finalize Marking, 0.0001922 secs] 2020-10-28T22:57:21.689-0800: 0.907: [GC ref-proc, 0.0000461 secs] 2020-10-28T22:57:21.689-0800: 0.907: [Unloading, 0.0004320 secs], 0.0014523 secs]
 [Times: user=0.01 sys=0.00, real=0.01 secs] 
2020-10-28T22:57:21.690-0800: 0.908: [GC cleanup 365M->365M(512M), 0.0005667 secs]
 [Times: user=0.00 sys=0.00, real=0.00 secs] 
2020-10-28T22:57:21.697-0800: 0.915: [GC pause (G1 Evacuation Pause) (young), 0.0021461 secs]
   [Parallel Time: 1.7 ms, GC Workers: 8]
      [GC Worker Start (ms): Min: 915.3, Avg: 915.3, Max: 915.4, Diff: 0.1]
      [Ext Root Scanning (ms): Min: 0.1, Avg: 0.1, Max: 0.1, Diff: 0.1, Sum: 0.8]
      [Update RS (ms): Min: 0.8, Avg: 0.8, Max: 0.8, Diff: 0.1, Sum: 6.4]
         [Processed Buffers: Min: 9, Avg: 10.1, Max: 11, Diff: 2, Sum: 81]
      [Scan RS (ms): Min: 0.0, Avg: 0.0, Max: 0.0, Diff: 0.0, Sum: 0.0]
      [Code Root Scanning (ms): Min: 0.0, Avg: 0.0, Max: 0.0, Diff: 0.0, Sum: 0.0]
      [Object Copy (ms): Min: 0.6, Avg: 0.6, Max: 0.7, Diff: 0.1, Sum: 5.0]
      [Termination (ms): Min: 0.0, Avg: 0.0, Max: 0.1, Diff: 0.1, Sum: 0.3]
         [Termination Attempts: Min: 1, Avg: 1.0, Max: 1, Diff: 0, Sum: 8]
      [GC Worker Other (ms): Min: 0.0, Avg: 0.0, Max: 0.0, Diff: 0.0, Sum: 0.1]
      [GC Worker Total (ms): Min: 1.5, Avg: 1.6, Max: 1.6, Diff: 0.1, Sum: 12.6]
      [GC Worker End (ms): Min: 916.9, Avg: 916.9, Max: 916.9, Diff: 0.0]
   [Code Root Fixup: 0.0 ms]
   [Code Root Purge: 0.0 ms]
   [Clear CT: 0.1 ms]
   [Other: 0.3 ms]
      [Choose CSet: 0.0 ms]
      [Ref Proc: 0.1 ms]
      [Ref Enq: 0.0 ms]
      [Redirty Cards: 0.1 ms]
      [Humongous Register: 0.1 ms]
      [Humongous Reclaim: 0.0 ms]
      [Free CSet: 0.0 ms]
   [Eden: 38.0M(38.0M)->0.0B(20.0M) Survivors: 1024.0K->5120.0K Heap: 404.3M(512.0M)->371.7M(512.0M)]
 [Times: user=0.01 sys=0.00, real=0.00 secs] 
2020-10-28T22:57:21.703-0800: 0.921: [GC pause (G1 Evacuation Pause) (mixed), 0.0047308 secs]
   [Parallel Time: 4.1 ms, GC Workers: 8]
      [GC Worker Start (ms): Min: 921.2, Avg: 921.2, Max: 921.3, Diff: 0.1]
      [Ext Root Scanning (ms): Min: 0.0, Avg: 0.1, Max: 0.1, Diff: 0.1, Sum: 0.7]
      [Update RS (ms): Min: 0.5, Avg: 0.5, Max: 0.5, Diff: 0.1, Sum: 4.1]
         [Processed Buffers: Min: 6, Avg: 6.9, Max: 7, Diff: 1, Sum: 55]
      [Scan RS (ms): Min: 0.0, Avg: 0.0, Max: 0.1, Diff: 0.1, Sum: 0.2]
      [Code Root Scanning (ms): Min: 0.0, Avg: 0.0, Max: 0.0, Diff: 0.0, Sum: 0.0]
      [Object Copy (ms): Min: 3.3, Avg: 3.4, Max: 3.4, Diff: 0.0, Sum: 26.8]
      [Termination (ms): Min: 0.0, Avg: 0.0, Max: 0.1, Diff: 0.1, Sum: 0.3]
         [Termination Attempts: Min: 1, Avg: 1.0, Max: 1, Diff: 0, Sum: 8]
      [GC Worker Other (ms): Min: 0.0, Avg: 0.0, Max: 0.0, Diff: 0.0, Sum: 0.1]
      [GC Worker Total (ms): Min: 4.0, Avg: 4.0, Max: 4.1, Diff: 0.1, Sum: 32.2]
      [GC Worker End (ms): Min: 925.3, Avg: 925.3, Max: 925.3, Diff: 0.0]
   [Code Root Fixup: 0.0 ms]
   [Code Root Purge: 0.0 ms]
   [Clear CT: 0.2 ms]
   [Other: 0.4 ms]
      [Choose CSet: 0.0 ms]
      [Ref Proc: 0.2 ms]
      [Ref Enq: 0.0 ms]
      [Redirty Cards: 0.1 ms]
      [Humongous Register: 0.1 ms]
      [Humongous Reclaim: 0.0 ms]
      [Free CSet: 0.0 ms]
   [Eden: 20.0M(20.0M)->0.0B(37.0M) Survivors: 5120.0K->4096.0K Heap: 397.4M(512.0M)->357.1M(512.0M)]
 [Times: user=0.03 sys=0.00, real=0.00 secs] 
2020-10-28T22:57:21.709-0800: 0.927: [GC pause (G1 Humongous Allocation) (young) (initial-mark), 0.0012182 secs]
   [Parallel Time: 0.6 ms, GC Workers: 8]
      [GC Worker Start (ms): Min: 926.8, Avg: 926.8, Max: 926.8, Diff: 0.1]
      [Ext Root Scanning (ms): Min: 0.1, Avg: 0.1, Max: 0.1, Diff: 0.1, Sum: 0.8]
      [Update RS (ms): Min: 0.0, Avg: 0.1, Max: 0.2, Diff: 0.2, Sum: 0.6]
         [Processed Buffers: Min: 1, Avg: 1.1, Max: 2, Diff: 1, Sum: 9]
      [Scan RS (ms): Min: 0.0, Avg: 0.0, Max: 0.0, Diff: 0.0, Sum: 0.0]
      [Code Root Scanning (ms): Min: 0.0, Avg: 0.0, Max: 0.0, Diff: 0.0, Sum: 0.0]
      [Object Copy (ms): Min: 0.1, Avg: 0.3, Max: 0.4, Diff: 0.3, Sum: 2.1]
      [Termination (ms): Min: 0.0, Avg: 0.1, Max: 0.1, Diff: 0.1, Sum: 0.8]
         [Termination Attempts: Min: 1, Avg: 1.0, Max: 1, Diff: 0, Sum: 8]
      [GC Worker Other (ms): Min: 0.0, Avg: 0.0, Max: 0.0, Diff: 0.0, Sum: 0.1]
      [GC Worker Total (ms): Min: 0.5, Avg: 0.6, Max: 0.6, Diff: 0.0, Sum: 4.4]
      [GC Worker End (ms): Min: 927.4, Avg: 927.4, Max: 927.4, Diff: 0.0]
   [Code Root Fixup: 0.0 ms]
   [Code Root Purge: 0.0 ms]
   [Clear CT: 0.1 ms]
   [Other: 0.5 ms]
      [Choose CSet: 0.0 ms]
      [Ref Proc: 0.2 ms]
      [Ref Enq: 0.0 ms]
      [Redirty Cards: 0.1 ms]
      [Humongous Register: 0.1 ms]
      [Humongous Reclaim: 0.0 ms]
      [Free CSet: 0.0 ms]
   [Eden: 5120.0K(37.0M)->0.0B(34.0M) Survivors: 4096.0K->2048.0K Heap: 361.3M(512.0M)->358.6M(512.0M)]
 [Times: user=0.00 sys=0.00, real=0.01 secs] 
2020-10-28T22:57:21.710-0800: 0.928: [GC concurrent-root-region-scan-start]
2020-10-28T22:57:21.710-0800: 0.928: [GC concurrent-root-region-scan-end, 0.0000681 secs]
2020-10-28T22:57:21.710-0800: 0.928: [GC concurrent-mark-start]
2020-10-28T22:57:21.711-0800: 0.929: [GC concurrent-mark-end, 0.0009787 secs]
2020-10-28T22:57:21.711-0800: 0.929: [GC remark 2020-10-28T22:57:21.711-0800: 0.929: [Finalize Marking, 0.0002172 secs] 2020-10-28T22:57:21.711-0800: 0.929: [GC ref-proc, 0.0000398 secs] 2020-10-28T22:57:21.711-0800: 0.929: [Unloading, 0.0003934 secs], 0.0015730 secs]
 [Times: user=0.00 sys=0.00, real=0.00 secs] 
2020-10-28T22:57:21.713-0800: 0.931: [GC cleanup 366M->366M(512M), 0.0005709 secs]
 [Times: user=0.00 sys=0.00, real=0.00 secs] 
2020-10-28T22:57:21.719-0800: 0.937: [GC pause (G1 Evacuation Pause) (young), 0.0022978 secs]
   [Parallel Time: 1.8 ms, GC Workers: 8]
      [GC Worker Start (ms): Min: 937.4, Avg: 937.5, Max: 937.5, Diff: 0.1]
      [Ext Root Scanning (ms): Min: 0.1, Avg: 0.1, Max: 0.1, Diff: 0.1, Sum: 0.8]
      [Update RS (ms): Min: 0.9, Avg: 0.9, Max: 0.9, Diff: 0.1, Sum: 7.3]
         [Processed Buffers: Min: 11, Avg: 11.5, Max: 12, Diff: 1, Sum: 92]
      [Scan RS (ms): Min: 0.0, Avg: 0.0, Max: 0.0, Diff: 0.0, Sum: 0.0]
      [Code Root Scanning (ms): Min: 0.0, Avg: 0.0, Max: 0.0, Diff: 0.0, Sum: 0.0]
      [Object Copy (ms): Min: 0.6, Avg: 0.6, Max: 0.6, Diff: 0.1, Sum: 4.8]
      [Termination (ms): Min: 0.0, Avg: 0.0, Max: 0.0, Diff: 0.0, Sum: 0.2]
         [Termination Attempts: Min: 1, Avg: 1.0, Max: 1, Diff: 0, Sum: 8]
      [GC Worker Other (ms): Min: 0.0, Avg: 0.0, Max: 0.0, Diff: 0.0, Sum: 0.1]
      [GC Worker Total (ms): Min: 1.6, Avg: 1.6, Max: 1.7, Diff: 0.1, Sum: 13.1]
      [GC Worker End (ms): Min: 939.1, Avg: 939.1, Max: 939.1, Diff: 0.0]
   [Code Root Fixup: 0.0 ms]
   [Code Root Purge: 0.0 ms]
   [Clear CT: 0.1 ms]
   [Other: 0.4 ms]
      [Choose CSet: 0.0 ms]
      [Ref Proc: 0.2 ms]
      [Ref Enq: 0.0 ms]
      [Redirty Cards: 0.1 ms]
      [Humongous Register: 0.1 ms]
      [Humongous Reclaim: 0.0 ms]
      [Free CSet: 0.0 ms]
   [Eden: 34.0M(34.0M)->0.0B(20.0M) Survivors: 2048.0K->5120.0K Heap: 402.9M(512.0M)->369.9M(512.0M)]
 [Times: user=0.02 sys=0.00, real=0.01 secs] 
2020-10-28T22:57:21.726-0800: 0.944: [GC pause (G1 Evacuation Pause) (mixed), 0.0045719 secs]
   [Parallel Time: 4.0 ms, GC Workers: 8]
      [GC Worker Start (ms): Min: 943.8, Avg: 943.8, Max: 943.9, Diff: 0.1]
      [Ext Root Scanning (ms): Min: 0.1, Avg: 0.1, Max: 0.1, Diff: 0.1, Sum: 0.8]
      [Update RS (ms): Min: 0.3, Avg: 0.4, Max: 0.4, Diff: 0.1, Sum: 2.9]
         [Processed Buffers: Min: 4, Avg: 5.0, Max: 6, Diff: 2, Sum: 40]
      [Scan RS (ms): Min: 0.0, Avg: 0.0, Max: 0.0, Diff: 0.0, Sum: 0.2]
      [Code Root Scanning (ms): Min: 0.0, Avg: 0.0, Max: 0.0, Diff: 0.0, Sum: 0.0]
      [Object Copy (ms): Min: 3.2, Avg: 3.2, Max: 3.4, Diff: 0.2, Sum: 25.9]
      [Termination (ms): Min: 0.0, Avg: 0.2, Max: 0.2, Diff: 0.2, Sum: 1.2]
         [Termination Attempts: Min: 1, Avg: 1.0, Max: 1, Diff: 0, Sum: 8]
      [GC Worker Other (ms): Min: 0.0, Avg: 0.0, Max: 0.0, Diff: 0.0, Sum: 0.1]
      [GC Worker Total (ms): Min: 3.8, Avg: 3.9, Max: 3.9, Diff: 0.1, Sum: 31.0]
      [GC Worker End (ms): Min: 947.7, Avg: 947.7, Max: 947.7, Diff: 0.0]
   [Code Root Fixup: 0.0 ms]
   [Code Root Purge: 0.0 ms]
   [Clear CT: 0.1 ms]
   [Other: 0.5 ms]
      [Choose CSet: 0.0 ms]
      [Ref Proc: 0.2 ms]
      [Ref Enq: 0.0 ms]
      [Redirty Cards: 0.1 ms]
      [Humongous Register: 0.1 ms]
      [Humongous Reclaim: 0.0 ms]
      [Free CSet: 0.0 ms]
   [Eden: 20.0M(20.0M)->0.0B(33.0M) Survivors: 5120.0K->4096.0K Heap: 393.6M(512.0M)->359.8M(512.0M)]
 [Times: user=0.03 sys=0.00, real=0.01 secs] 
2020-10-28T22:57:21.731-0800: 0.949: [GC pause (G1 Humongous Allocation) (young) (initial-mark), 0.0011354 secs]
   [Parallel Time: 0.6 ms, GC Workers: 8]
      [GC Worker Start (ms): Min: 948.8, Avg: 948.9, Max: 948.9, Diff: 0.1]
      [Ext Root Scanning (ms): Min: 0.1, Avg: 0.1, Max: 0.1, Diff: 0.1, Sum: 0.8]
      [Update RS (ms): Min: 0.0, Avg: 0.1, Max: 0.1, Diff: 0.0, Sum: 0.4]
         [Processed Buffers: Min: 1, Avg: 1.1, Max: 2, Diff: 1, Sum: 9]
      [Scan RS (ms): Min: 0.0, Avg: 0.0, Max: 0.0, Diff: 0.0, Sum: 0.0]
      [Code Root Scanning (ms): Min: 0.0, Avg: 0.0, Max: 0.0, Diff: 0.0, Sum: 0.0]
      [Object Copy (ms): Min: 0.2, Avg: 0.3, Max: 0.3, Diff: 0.1, Sum: 2.2]
      [Termination (ms): Min: 0.0, Avg: 0.1, Max: 0.1, Diff: 0.1, Sum: 0.4]
         [Termination Attempts: Min: 1, Avg: 1.0, Max: 1, Diff: 0, Sum: 8]
      [GC Worker Other (ms): Min: 0.0, Avg: 0.0, Max: 0.0, Diff: 0.0, Sum: 0.1]
      [GC Worker Total (ms): Min: 0.5, Avg: 0.5, Max: 0.5, Diff: 0.1, Sum: 3.9]
      [GC Worker End (ms): Min: 949.4, Avg: 949.4, Max: 949.4, Diff: 0.0]
   [Code Root Fixup: 0.0 ms]
   [Code Root Purge: 0.0 ms]
   [Clear CT: 0.1 ms]
   [Other: 0.4 ms]
      [Choose CSet: 0.0 ms]
      [Ref Proc: 0.2 ms]
      [Ref Enq: 0.0 ms]
      [Redirty Cards: 0.1 ms]
      [Humongous Register: 0.1 ms]
      [Humongous Reclaim: 0.0 ms]
      [Free CSet: 0.0 ms]
   [Eden: 2048.0K(33.0M)->0.0B(34.0M) Survivors: 4096.0K->1024.0K Heap: 361.0M(512.0M)->359.8M(512.0M)]
 [Times: user=0.00 sys=0.01, real=0.00 secs] 
2020-10-28T22:57:21.732-0800: 0.950: [GC concurrent-root-region-scan-start]
2020-10-28T22:57:21.732-0800: 0.950: [GC concurrent-root-region-scan-end, 0.0000602 secs]
2020-10-28T22:57:21.732-0800: 0.950: [GC concurrent-mark-start]
2020-10-28T22:57:21.733-0800: 0.951: [GC concurrent-mark-end, 0.0009455 secs]
2020-10-28T22:57:21.733-0800: 0.951: [GC remark 2020-10-28T22:57:21.733-0800: 0.951: [Finalize Marking, 0.0001700 secs] 2020-10-28T22:57:21.733-0800: 0.951: [GC ref-proc, 0.0000387 secs] 2020-10-28T22:57:21.733-0800: 0.951: [Unloading, 0.0004105 secs], 0.0013905 secs]
 [Times: user=0.00 sys=0.00, real=0.00 secs] 
2020-10-28T22:57:21.735-0800: 0.953: [GC cleanup 367M->367M(512M), 0.0005336 secs]
 [Times: user=0.01 sys=0.00, real=0.00 secs] 
2020-10-28T22:57:21.740-0800: 0.958: [GC pause (G1 Evacuation Pause) (young), 0.0022050 secs]
   [Parallel Time: 1.7 ms, GC Workers: 8]
      [GC Worker Start (ms): Min: 958.5, Avg: 958.6, Max: 958.7, Diff: 0.2]
      [Ext Root Scanning (ms): Min: 0.0, Avg: 0.0, Max: 0.1, Diff: 0.1, Sum: 0.4]
      [Update RS (ms): Min: 0.8, Avg: 0.9, Max: 1.1, Diff: 0.3, Sum: 7.0]
         [Processed Buffers: Min: 6, Avg: 9.1, Max: 12, Diff: 6, Sum: 73]
      [Scan RS (ms): Min: 0.0, Avg: 0.0, Max: 0.0, Diff: 0.0, Sum: 0.0]
      [Code Root Scanning (ms): Min: 0.0, Avg: 0.0, Max: 0.0, Diff: 0.0, Sum: 0.0]
      [Object Copy (ms): Min: 0.4, Avg: 0.5, Max: 0.6, Diff: 0.3, Sum: 4.3]
      [Termination (ms): Min: 0.0, Avg: 0.0, Max: 0.1, Diff: 0.1, Sum: 0.4]
         [Termination Attempts: Min: 1, Avg: 1.0, Max: 1, Diff: 0, Sum: 8]
      [GC Worker Other (ms): Min: 0.0, Avg: 0.0, Max: 0.0, Diff: 0.0, Sum: 0.1]
      [GC Worker Total (ms): Min: 1.4, Avg: 1.5, Max: 1.6, Diff: 0.2, Sum: 12.2]
      [GC Worker End (ms): Min: 960.1, Avg: 960.2, Max: 960.2, Diff: 0.0]
   [Code Root Fixup: 0.0 ms]
   [Code Root Purge: 0.0 ms]
   [Clear CT: 0.1 ms]
   [Other: 0.4 ms]
      [Choose CSet: 0.0 ms]
      [Ref Proc: 0.2 ms]
      [Ref Enq: 0.0 ms]
      [Redirty Cards: 0.1 ms]
      [Humongous Register: 0.1 ms]
      [Humongous Reclaim: 0.0 ms]
      [Free CSet: 0.0 ms]
   [Eden: 34.0M(34.0M)->0.0B(20.0M) Survivors: 1024.0K->5120.0K Heap: 401.8M(512.0M)->371.4M(512.0M)]
 [Times: user=0.01 sys=0.00, real=0.00 secs] 
2020-10-28T22:57:21.747-0800: 0.965: [GC pause (G1 Evacuation Pause) (mixed), 0.0047648 secs]
   [Parallel Time: 4.2 ms, GC Workers: 8]
      [GC Worker Start (ms): Min: 964.7, Avg: 964.7, Max: 964.7, Diff: 0.1]
      [Ext Root Scanning (ms): Min: 0.1, Avg: 0.1, Max: 0.1, Diff: 0.1, Sum: 0.8]
      [Update RS (ms): Min: 0.6, Avg: 0.7, Max: 0.8, Diff: 0.2, Sum: 5.5]
         [Processed Buffers: Min: 2, Avg: 6.5, Max: 10, Diff: 8, Sum: 52]
      [Scan RS (ms): Min: 0.0, Avg: 0.0, Max: 0.1, Diff: 0.1, Sum: 0.3]
      [Code Root Scanning (ms): Min: 0.0, Avg: 0.0, Max: 0.0, Diff: 0.0, Sum: 0.0]
      [Object Copy (ms): Min: 3.1, Avg: 3.2, Max: 3.3, Diff: 0.2, Sum: 25.6]
      [Termination (ms): Min: 0.0, Avg: 0.0, Max: 0.1, Diff: 0.1, Sum: 0.3]
         [Termination Attempts: Min: 1, Avg: 1.0, Max: 1, Diff: 0, Sum: 8]
      [GC Worker Other (ms): Min: 0.0, Avg: 0.0, Max: 0.0, Diff: 0.0, Sum: 0.1]
      [GC Worker Total (ms): Min: 4.1, Avg: 4.1, Max: 4.1, Diff: 0.1, Sum: 32.7]
      [GC Worker End (ms): Min: 968.8, Avg: 968.8, Max: 968.8, Diff: 0.0]
   [Code Root Fixup: 0.0 ms]
   [Code Root Purge: 0.0 ms]
   [Clear CT: 0.1 ms]
   [Other: 0.4 ms]
      [Choose CSet: 0.0 ms]
      [Ref Proc: 0.1 ms]
      [Ref Enq: 0.0 ms]
      [Redirty Cards: 0.1 ms]
      [Humongous Register: 0.1 ms]
      [Humongous Reclaim: 0.0 ms]
      [Free CSet: 0.0 ms]
   [Eden: 20.0M(20.0M)->0.0B(30.0M) Survivors: 5120.0K->4096.0K Heap: 396.7M(512.0M)->364.2M(512.0M)]
 [Times: user=0.02 sys=0.00, real=0.01 secs] 
2020-10-28T22:57:21.752-0800: 0.970: [GC pause (G1 Humongous Allocation) (young) (initial-mark), 0.0010337 secs]
   [Parallel Time: 0.5 ms, GC Workers: 8]
      [GC Worker Start (ms): Min: 969.7, Avg: 969.7, Max: 969.7, Diff: 0.1]
      [Ext Root Scanning (ms): Min: 0.1, Avg: 0.1, Max: 0.1, Diff: 0.1, Sum: 0.8]
      [Update RS (ms): Min: 0.0, Avg: 0.1, Max: 0.3, Diff: 0.2, Sum: 0.7]
         [Processed Buffers: Min: 1, Avg: 1.1, Max: 2, Diff: 1, Sum: 9]
      [Scan RS (ms): Min: 0.0, Avg: 0.0, Max: 0.0, Diff: 0.0, Sum: 0.0]
      [Code Root Scanning (ms): Min: 0.0, Avg: 0.0, Max: 0.0, Diff: 0.0, Sum: 0.0]
      [Object Copy (ms): Min: 0.0, Avg: 0.2, Max: 0.2, Diff: 0.2, Sum: 1.2]
      [Termination (ms): Min: 0.0, Avg: 0.0, Max: 0.1, Diff: 0.1, Sum: 0.3]
         [Termination Attempts: Min: 1, Avg: 1.0, Max: 1, Diff: 0, Sum: 8]
      [GC Worker Other (ms): Min: 0.0, Avg: 0.0, Max: 0.0, Diff: 0.0, Sum: 0.1]
      [GC Worker Total (ms): Min: 0.4, Avg: 0.4, Max: 0.4, Diff: 0.1, Sum: 3.1]
      [GC Worker End (ms): Min: 970.1, Avg: 970.1, Max: 970.1, Diff: 0.0]
   [Code Root Fixup: 0.0 ms]
   [Code Root Purge: 0.0 ms]
   [Clear CT: 0.1 ms]
   [Other: 0.4 ms]
      [Choose CSet: 0.0 ms]
      [Ref Proc: 0.2 ms]
      [Ref Enq: 0.0 ms]
      [Redirty Cards: 0.1 ms]
      [Humongous Register: 0.1 ms]
      [Humongous Reclaim: 0.0 ms]
      [Free CSet: 0.0 ms]
   [Eden: 1024.0K(30.0M)->0.0B(29.0M) Survivors: 4096.0K->1024.0K Heap: 364.4M(512.0M)->364.5M(512.0M)]
 [Times: user=0.01 sys=0.00, real=0.00 secs] 
2020-10-28T22:57:21.753-0800: 0.971: [GC concurrent-root-region-scan-start]
2020-10-28T22:57:21.753-0800: 0.971: [GC concurrent-root-region-scan-end, 0.0000422 secs]
2020-10-28T22:57:21.753-0800: 0.971: [GC concurrent-mark-start]
2020-10-28T22:57:21.754-0800: 0.972: [GC concurrent-mark-end, 0.0010666 secs]
2020-10-28T22:57:21.754-0800: 0.972: [GC remark 2020-10-28T22:57:21.754-0800: 0.972: [Finalize Marking, 0.0001564 secs] 2020-10-28T22:57:21.754-0800: 0.972: [GC ref-proc, 0.0000407 secs] 2020-10-28T22:57:21.754-0800: 0.972: [Unloading, 0.0004360 secs], 0.0014065 secs]
 [Times: user=0.01 sys=0.00, real=0.00 secs] 
2020-10-28T22:57:21.755-0800: 0.973: [GC cleanup 372M->372M(512M), 0.0005769 secs]
 [Times: user=0.00 sys=0.00, real=0.00 secs] 
2020-10-28T22:57:21.761-0800: 0.979: [GC pause (G1 Evacuation Pause) (young), 0.0022340 secs]
   [Parallel Time: 1.8 ms, GC Workers: 8]
      [GC Worker Start (ms): Min: 979.4, Avg: 979.4, Max: 979.5, Diff: 0.2]
      [Ext Root Scanning (ms): Min: 0.0, Avg: 0.1, Max: 0.1, Diff: 0.1, Sum: 0.7]
      [Update RS (ms): Min: 1.0, Avg: 1.0, Max: 1.1, Diff: 0.1, Sum: 8.2]
         [Processed Buffers: Min: 12, Avg: 12.6, Max: 13, Diff: 1, Sum: 101]
      [Scan RS (ms): Min: 0.0, Avg: 0.0, Max: 0.0, Diff: 0.0, Sum: 0.0]
      [Code Root Scanning (ms): Min: 0.0, Avg: 0.0, Max: 0.0, Diff: 0.0, Sum: 0.0]
      [Object Copy (ms): Min: 0.4, Avg: 0.5, Max: 0.5, Diff: 0.1, Sum: 3.7]
      [Termination (ms): Min: 0.0, Avg: 0.0, Max: 0.1, Diff: 0.1, Sum: 0.3]
         [Termination Attempts: Min: 1, Avg: 1.0, Max: 1, Diff: 0, Sum: 8]
      [GC Worker Other (ms): Min: 0.0, Avg: 0.0, Max: 0.0, Diff: 0.0, Sum: 0.1]
      [GC Worker Total (ms): Min: 1.5, Avg: 1.6, Max: 1.7, Diff: 0.1, Sum: 13.0]
      [GC Worker End (ms): Min: 981.0, Avg: 981.0, Max: 981.1, Diff: 0.0]
   [Code Root Fixup: 0.0 ms]
   [Code Root Purge: 0.0 ms]
   [Clear CT: 0.1 ms]
   [Other: 0.4 ms]
      [Choose CSet: 0.0 ms]
      [Ref Proc: 0.2 ms]
      [Ref Enq: 0.0 ms]
      [Redirty Cards: 0.1 ms]
      [Humongous Register: 0.1 ms]
      [Humongous Reclaim: 0.0 ms]
      [Free CSet: 0.0 ms]
   [Eden: 29.0M(29.0M)->0.0B(21.0M) Survivors: 1024.0K->4096.0K Heap: 405.0M(512.0M)->378.4M(512.0M)]
 [Times: user=0.01 sys=0.00, real=0.00 secs] 
2020-10-28T22:57:21.768-0800: 0.986: [GC pause (G1 Evacuation Pause) (mixed), 0.0047445 secs]
   [Parallel Time: 4.1 ms, GC Workers: 8]
      [GC Worker Start (ms): Min: 985.8, Avg: 985.9, Max: 985.9, Diff: 0.1]
      [Ext Root Scanning (ms): Min: 0.0, Avg: 0.1, Max: 0.1, Diff: 0.1, Sum: 0.6]
      [Update RS (ms): Min: 0.6, Avg: 0.7, Max: 0.7, Diff: 0.1, Sum: 5.3]
         [Processed Buffers: Min: 8, Avg: 8.6, Max: 9, Diff: 1, Sum: 69]
      [Scan RS (ms): Min: 0.0, Avg: 0.0, Max: 0.0, Diff: 0.0, Sum: 0.2]
      [Code Root Scanning (ms): Min: 0.0, Avg: 0.0, Max: 0.0, Diff: 0.0, Sum: 0.0]
      [Object Copy (ms): Min: 3.0, Avg: 3.1, Max: 3.2, Diff: 0.2, Sum: 24.6]
      [Termination (ms): Min: 0.0, Avg: 0.1, Max: 0.2, Diff: 0.2, Sum: 1.0]
         [Termination Attempts: Min: 1, Avg: 1.0, Max: 1, Diff: 0, Sum: 8]
      [GC Worker Other (ms): Min: 0.0, Avg: 0.0, Max: 0.0, Diff: 0.0, Sum: 0.1]
      [GC Worker Total (ms): Min: 3.9, Avg: 4.0, Max: 4.0, Diff: 0.1, Sum: 31.8]
      [GC Worker End (ms): Min: 989.8, Avg: 989.8, Max: 989.8, Diff: 0.0]
   [Code Root Fixup: 0.0 ms]
   [Code Root Purge: 0.0 ms]
   [Clear CT: 0.1 ms]
   [Other: 0.5 ms]
      [Choose CSet: 0.0 ms]
      [Ref Proc: 0.2 ms]
      [Ref Enq: 0.0 ms]
      [Redirty Cards: 0.1 ms]
      [Humongous Register: 0.1 ms]
      [Humongous Reclaim: 0.0 ms]
      [Free CSet: 0.0 ms]
   [Eden: 21.0M(21.0M)->0.0B(21.0M) Survivors: 4096.0K->4096.0K Heap: 406.9M(512.0M)->371.3M(512.0M)]
 [Times: user=0.03 sys=0.00, real=0.01 secs] 
2020-10-28T22:57:21.773-0800: 0.991: [GC pause (G1 Humongous Allocation) (young) (initial-mark), 0.0010399 secs]
   [Parallel Time: 0.5 ms, GC Workers: 8]
      [GC Worker Start (ms): Min: 990.8, Avg: 990.8, Max: 990.9, Diff: 0.1]
      [Ext Root Scanning (ms): Min: 0.1, Avg: 0.1, Max: 0.1, Diff: 0.1, Sum: 0.8]
      [Update RS (ms): Min: 0.0, Avg: 0.1, Max: 0.1, Diff: 0.0, Sum: 0.5]
         [Processed Buffers: Min: 1, Avg: 1.1, Max: 2, Diff: 1, Sum: 9]
      [Scan RS (ms): Min: 0.0, Avg: 0.0, Max: 0.0, Diff: 0.0, Sum: 0.0]
      [Code Root Scanning (ms): Min: 0.0, Avg: 0.0, Max: 0.0, Diff: 0.0, Sum: 0.0]
      [Object Copy (ms): Min: 0.2, Avg: 0.2, Max: 0.3, Diff: 0.1, Sum: 1.7]
      [Termination (ms): Min: 0.0, Avg: 0.0, Max: 0.1, Diff: 0.1, Sum: 0.3]
         [Termination Attempts: Min: 1, Avg: 1.0, Max: 1, Diff: 0, Sum: 8]
      [GC Worker Other (ms): Min: 0.0, Avg: 0.0, Max: 0.0, Diff: 0.0, Sum: 0.1]
      [GC Worker Total (ms): Min: 0.4, Avg: 0.4, Max: 0.5, Diff: 0.1, Sum: 3.4]
      [GC Worker End (ms): Min: 991.2, Avg: 991.2, Max: 991.3, Diff: 0.0]
   [Code Root Fixup: 0.0 ms]
   [Code Root Purge: 0.0 ms]
   [Clear CT: 0.1 ms]
   [Other: 0.4 ms]
      [Choose CSet: 0.0 ms]
      [Ref Proc: 0.1 ms]
      [Ref Enq: 0.0 ms]
      [Redirty Cards: 0.1 ms]
      [Humongous Register: 0.1 ms]
      [Humongous Reclaim: 0.0 ms]
      [Free CSet: 0.0 ms]
   [Eden: 1024.0K(21.0M)->0.0B(24.0M) Survivors: 4096.0K->1024.0K Heap: 372.3M(512.0M)->371.1M(512.0M)]
 [Times: user=0.01 sys=0.00, real=0.00 secs] 
2020-10-28T22:57:21.774-0800: 0.992: [GC concurrent-root-region-scan-start]
2020-10-28T22:57:21.774-0800: 0.992: [GC concurrent-root-region-scan-end, 0.0000346 secs]
2020-10-28T22:57:21.774-0800: 0.992: [GC concurrent-mark-start]
2020-10-28T22:57:21.775-0800: 0.993: [GC concurrent-mark-end, 0.0009463 secs]
2020-10-28T22:57:21.775-0800: 0.993: [GC remark 2020-10-28T22:57:21.775-0800: 0.993: [Finalize Marking, 0.0001522 secs] 2020-10-28T22:57:21.775-0800: 0.993: [GC ref-proc, 0.0000515 secs] 2020-10-28T22:57:21.775-0800: 0.993: [Unloading, 0.0004055 secs], 0.0015490 secs]
 [Times: user=0.01 sys=0.00, real=0.00 secs] 
2020-10-28T22:57:21.777-0800: 0.995: [GC cleanup 377M->377M(512M), 0.0005138 secs]
 [Times: user=0.00 sys=0.00, real=0.00 secs] 
2020-10-28T22:57:21.781-0800: 0.999: [GC pause (G1 Evacuation Pause) (young), 0.0019790 secs]
   [Parallel Time: 1.5 ms, GC Workers: 8]
      [GC Worker Start (ms): Min: 998.8, Avg: 998.8, Max: 998.9, Diff: 0.1]
      [Ext Root Scanning (ms): Min: 0.0, Avg: 0.1, Max: 0.1, Diff: 0.1, Sum: 0.7]
      [Update RS (ms): Min: 0.7, Avg: 0.7, Max: 0.7, Diff: 0.1, Sum: 5.7]
         [Processed Buffers: Min: 9, Avg: 9.1, Max: 10, Diff: 1, Sum: 73]
      [Scan RS (ms): Min: 0.0, Avg: 0.0, Max: 0.0, Diff: 0.0, Sum: 0.0]
      [Code Root Scanning (ms): Min: 0.0, Avg: 0.0, Max: 0.0, Diff: 0.0, Sum: 0.0]
      [Object Copy (ms): Min: 0.5, Avg: 0.5, Max: 0.6, Diff: 0.1, Sum: 4.2]
      [Termination (ms): Min: 0.0, Avg: 0.1, Max: 0.1, Diff: 0.1, Sum: 0.6]
         [Termination Attempts: Min: 1, Avg: 1.0, Max: 1, Diff: 0, Sum: 8]
      [GC Worker Other (ms): Min: 0.0, Avg: 0.0, Max: 0.0, Diff: 0.0, Sum: 0.1]
      [GC Worker Total (ms): Min: 1.4, Avg: 1.4, Max: 1.5, Diff: 0.1, Sum: 11.3]
      [GC Worker End (ms): Min: 1000.2, Avg: 1000.2, Max: 1000.3, Diff: 0.0]
   [Code Root Fixup: 0.0 ms]
   [Code Root Purge: 0.0 ms]
   [Clear CT: 0.1 ms]
   [Other: 0.4 ms]
      [Choose CSet: 0.0 ms]
      [Ref Proc: 0.1 ms]
      [Ref Enq: 0.0 ms]
      [Redirty Cards: 0.1 ms]
      [Humongous Register: 0.1 ms]
      [Humongous Reclaim: 0.0 ms]
      [Free CSet: 0.0 ms]
   [Eden: 24.0M(24.0M)->0.0B(21.0M) Survivors: 1024.0K->4096.0K Heap: 403.1M(512.0M)->380.7M(512.0M)]
 [Times: user=0.01 sys=0.00, real=0.00 secs] 
2020-10-28T22:57:21.786-0800: 1.004: [GC pause (G1 Evacuation Pause) (mixed), 0.0046311 secs]
   [Parallel Time: 4.1 ms, GC Workers: 8]
      [GC Worker Start (ms): Min: 1004.6, Avg: 1004.6, Max: 1004.7, Diff: 0.1]
      [Ext Root Scanning (ms): Min: 0.1, Avg: 0.1, Max: 0.1, Diff: 0.1, Sum: 0.7]
      [Update RS (ms): Min: 0.4, Avg: 0.4, Max: 0.5, Diff: 0.1, Sum: 3.5]
         [Processed Buffers: Min: 5, Avg: 5.9, Max: 6, Diff: 1, Sum: 47]
      [Scan RS (ms): Min: 0.0, Avg: 0.0, Max: 0.1, Diff: 0.1, Sum: 0.2]
      [Code Root Scanning (ms): Min: 0.0, Avg: 0.0, Max: 0.0, Diff: 0.0, Sum: 0.0]
      [Object Copy (ms): Min: 2.9, Avg: 3.2, Max: 3.4, Diff: 0.4, Sum: 25.3]
      [Termination (ms): Min: 0.0, Avg: 0.2, Max: 0.5, Diff: 0.5, Sum: 1.9]
         [Termination Attempts: Min: 1, Avg: 1.0, Max: 1, Diff: 0, Sum: 8]
      [GC Worker Other (ms): Min: 0.0, Avg: 0.0, Max: 0.0, Diff: 0.0, Sum: 0.1]
      [GC Worker Total (ms): Min: 3.9, Avg: 4.0, Max: 4.0, Diff: 0.1, Sum: 31.6]
      [GC Worker End (ms): Min: 1008.6, Avg: 1008.6, Max: 1008.6, Diff: 0.1]
   [Code Root Fixup: 0.0 ms]
   [Code Root Purge: 0.0 ms]
   [Clear CT: 0.1 ms]
   [Other: 0.4 ms]
      [Choose CSet: 0.0 ms]
      [Ref Proc: 0.2 ms]
      [Ref Enq: 0.0 ms]
      [Redirty Cards: 0.1 ms]
      [Humongous Register: 0.1 ms]
      [Humongous Reclaim: 0.0 ms]
      [Free CSet: 0.0 ms]
   [Eden: 21.0M(21.0M)->0.0B(24.0M) Survivors: 4096.0K->4096.0K Heap: 406.5M(512.0M)->367.3M(512.0M)]
 [Times: user=0.01 sys=0.01, real=0.01 secs] 
2020-10-28T22:57:21.791-0800: 1.009: [GC pause (G1 Humongous Allocation) (young) (initial-mark), 0.0011668 secs]
   [Parallel Time: 0.7 ms, GC Workers: 8]
      [GC Worker Start (ms): Min: 1009.4, Avg: 1009.5, Max: 1009.5, Diff: 0.2]
      [Ext Root Scanning (ms): Min: 0.0, Avg: 0.3, Max: 0.5, Diff: 0.5, Sum: 2.3]
      [Update RS (ms): Min: 0.0, Avg: 0.0, Max: 0.1, Diff: 0.1, Sum: 0.3]
         [Processed Buffers: Min: 0, Avg: 1.1, Max: 4, Diff: 4, Sum: 9]
      [Scan RS (ms): Min: 0.0, Avg: 0.0, Max: 0.0, Diff: 0.0, Sum: 0.0]
      [Code Root Scanning (ms): Min: 0.0, Avg: 0.0, Max: 0.0, Diff: 0.0, Sum: 0.0]
      [Object Copy (ms): Min: 0.0, Avg: 0.1, Max: 0.3, Diff: 0.3, Sum: 0.9]
      [Termination (ms): Min: 0.0, Avg: 0.1, Max: 0.2, Diff: 0.2, Sum: 0.8]
         [Termination Attempts: Min: 1, Avg: 1.0, Max: 1, Diff: 0, Sum: 8]
      [GC Worker Other (ms): Min: 0.0, Avg: 0.0, Max: 0.0, Diff: 0.0, Sum: 0.1]
      [GC Worker Total (ms): Min: 0.5, Avg: 0.6, Max: 0.6, Diff: 0.2, Sum: 4.4]
      [GC Worker End (ms): Min: 1010.0, Avg: 1010.0, Max: 1010.0, Diff: 0.0]
   [Code Root Fixup: 0.0 ms]
   [Code Root Purge: 0.0 ms]
   [Clear CT: 0.1 ms]
   [Other: 0.4 ms]
      [Choose CSet: 0.0 ms]
      [Ref Proc: 0.2 ms]
      [Ref Enq: 0.0 ms]
      [Redirty Cards: 0.1 ms]
      [Humongous Register: 0.1 ms]
      [Humongous Reclaim: 0.0 ms]
      [Free CSet: 0.0 ms]
   [Eden: 1024.0K(24.0M)->0.0B(25.0M) Survivors: 4096.0K->0.0B Heap: 367.8M(512.0M)->367.3M(512.0M)]
 [Times: user=0.01 sys=0.00, real=0.00 secs] 
2020-10-28T22:57:21.793-0800: 1.011: [GC concurrent-root-region-scan-start]
2020-10-28T22:57:21.793-0800: 1.011: [GC concurrent-root-region-scan-end, 0.0000062 secs]
2020-10-28T22:57:21.793-0800: 1.011: [GC concurrent-mark-start]
2020-10-28T22:57:21.794-0800: 1.012: [GC concurrent-mark-end, 0.0011011 secs]
2020-10-28T22:57:21.794-0800: 1.012: [GC remark 2020-10-28T22:57:21.794-0800: 1.012: [Finalize Marking, 0.0002115 secs] 2020-10-28T22:57:21.794-0800: 1.012: [GC ref-proc, 0.0000452 secs] 2020-10-28T22:57:21.794-0800: 1.012: [Unloading, 0.0004816 secs], 0.0015949 secs]
 [Times: user=0.01 sys=0.00, real=0.00 secs] 
2020-10-28T22:57:21.795-0800: 1.013: [GC cleanup 374M->374M(512M), 0.0005474 secs]
 [Times: user=0.00 sys=0.00, real=0.00 secs] 
2020-10-28T22:57:21.800-0800: 1.018: [GC pause (G1 Evacuation Pause) (young), 0.0022086 secs]
   [Parallel Time: 1.6 ms, GC Workers: 8]
      [GC Worker Start (ms): Min: 1018.1, Avg: 1018.4, Max: 1018.8, Diff: 0.7]
      [Ext Root Scanning (ms): Min: 0.0, Avg: 0.1, Max: 0.1, Diff: 0.1, Sum: 0.5]
      [Update RS (ms): Min: 0.3, Avg: 0.6, Max: 0.9, Diff: 0.6, Sum: 5.2]
         [Processed Buffers: Min: 4, Avg: 8.4, Max: 13, Diff: 9, Sum: 67]
      [Scan RS (ms): Min: 0.0, Avg: 0.0, Max: 0.0, Diff: 0.0, Sum: 0.0]
      [Code Root Scanning (ms): Min: 0.0, Avg: 0.0, Max: 0.0, Diff: 0.0, Sum: 0.0]
      [Object Copy (ms): Min: 0.4, Avg: 0.5, Max: 0.5, Diff: 0.1, Sum: 3.7]
      [Termination (ms): Min: 0.0, Avg: 0.1, Max: 0.1, Diff: 0.1, Sum: 0.6]
         [Termination Attempts: Min: 1, Avg: 1.0, Max: 1, Diff: 0, Sum: 8]
      [GC Worker Other (ms): Min: 0.0, Avg: 0.0, Max: 0.0, Diff: 0.0, Sum: 0.1]
      [GC Worker Total (ms): Min: 0.9, Avg: 1.3, Max: 1.6, Diff: 0.7, Sum: 10.0]
      [GC Worker End (ms): Min: 1019.6, Avg: 1019.6, Max: 1019.6, Diff: 0.0]
   [Code Root Fixup: 0.0 ms]
   [Code Root Purge: 0.0 ms]
   [Clear CT: 0.1 ms]
   [Other: 0.5 ms]
      [Choose CSet: 0.0 ms]
      [Ref Proc: 0.2 ms]
      [Ref Enq: 0.0 ms]
      [Redirty Cards: 0.1 ms]
      [Humongous Register: 0.1 ms]
      [Humongous Reclaim: 0.0 ms]
      [Free CSet: 0.0 ms]
   [Eden: 25.0M(25.0M)->0.0B(21.0M) Survivors: 0.0B->4096.0K Heap: 399.9M(512.0M)->377.7M(512.0M)]
 [Times: user=0.01 sys=0.00, real=0.00 secs] 
2020-10-28T22:57:21.806-0800: 1.024: [GC pause (G1 Evacuation Pause) (mixed), 0.0041817 secs]
   [Parallel Time: 3.6 ms, GC Workers: 8]
      [GC Worker Start (ms): Min: 1024.3, Avg: 1024.4, Max: 1024.6, Diff: 0.2]
      [Ext Root Scanning (ms): Min: 0.0, Avg: 0.1, Max: 0.1, Diff: 0.1, Sum: 0.5]
      [Update RS (ms): Min: 0.4, Avg: 0.4, Max: 0.5, Diff: 0.1, Sum: 3.3]
         [Processed Buffers: Min: 4, Avg: 5.5, Max: 6, Diff: 2, Sum: 44]
      [Scan RS (ms): Min: 0.0, Avg: 0.0, Max: 0.1, Diff: 0.0, Sum: 0.2]
      [Code Root Scanning (ms): Min: 0.0, Avg: 0.0, Max: 0.0, Diff: 0.0, Sum: 0.0]
      [Object Copy (ms): Min: 2.7, Avg: 2.7, Max: 2.8, Diff: 0.2, Sum: 21.9]
      [Termination (ms): Min: 0.0, Avg: 0.1, Max: 0.2, Diff: 0.2, Sum: 0.8]
         [Termination Attempts: Min: 1, Avg: 1.0, Max: 1, Diff: 0, Sum: 8]
      [GC Worker Other (ms): Min: 0.0, Avg: 0.0, Max: 0.0, Diff: 0.0, Sum: 0.1]
      [GC Worker Total (ms): Min: 3.2, Avg: 3.4, Max: 3.5, Diff: 0.2, Sum: 26.9]
      [GC Worker End (ms): Min: 1027.8, Avg: 1027.8, Max: 1027.8, Diff: 0.0]
   [Code Root Fixup: 0.0 ms]
   [Code Root Purge: 0.0 ms]
   [Clear CT: 0.1 ms]
   [Other: 0.5 ms]
      [Choose CSet: 0.0 ms]
      [Ref Proc: 0.2 ms]
      [Ref Enq: 0.0 ms]
      [Redirty Cards: 0.1 ms]
      [Humongous Register: 0.1 ms]
      [Humongous Reclaim: 0.0 ms]
      [Free CSet: 0.0 ms]
   [Eden: 21.0M(21.0M)->0.0B(21.0M) Survivors: 4096.0K->4096.0K Heap: 403.1M(512.0M)->370.5M(512.0M)]
 [Times: user=0.02 sys=0.00, real=0.01 secs] 
2020-10-28T22:57:21.811-0800: 1.029: [GC pause (G1 Humongous Allocation) (young) (initial-mark), 0.0012186 secs]
   [Parallel Time: 0.6 ms, GC Workers: 8]
      [GC Worker Start (ms): Min: 1028.9, Avg: 1029.0, Max: 1029.1, Diff: 0.2]
      [Ext Root Scanning (ms): Min: 0.0, Avg: 0.1, Max: 0.2, Diff: 0.2, Sum: 0.8]
      [Update RS (ms): Min: 0.0, Avg: 0.1, Max: 0.2, Diff: 0.2, Sum: 0.5]
         [Processed Buffers: Min: 0, Avg: 1.1, Max: 2, Diff: 2, Sum: 9]
      [Scan RS (ms): Min: 0.0, Avg: 0.0, Max: 0.0, Diff: 0.0, Sum: 0.0]
      [Code Root Scanning (ms): Min: 0.0, Avg: 0.0, Max: 0.0, Diff: 0.0, Sum: 0.0]
      [Object Copy (ms): Min: 0.1, Avg: 0.2, Max: 0.2, Diff: 0.1, Sum: 1.5]
      [Termination (ms): Min: 0.0, Avg: 0.0, Max: 0.1, Diff: 0.1, Sum: 0.3]
         [Termination Attempts: Min: 1, Avg: 1.0, Max: 1, Diff: 0, Sum: 8]
      [GC Worker Other (ms): Min: 0.0, Avg: 0.0, Max: 0.0, Diff: 0.0, Sum: 0.1]
      [GC Worker Total (ms): Min: 0.3, Avg: 0.4, Max: 0.5, Diff: 0.2, Sum: 3.2]
      [GC Worker End (ms): Min: 1029.4, Avg: 1029.4, Max: 1029.4, Diff: 0.0]
   [Code Root Fixup: 0.0 ms]
   [Code Root Purge: 0.0 ms]
   [Clear CT: 0.1 ms]
   [Other: 0.5 ms]
      [Choose CSet: 0.0 ms]
      [Ref Proc: 0.2 ms]
      [Ref Enq: 0.0 ms]
      [Redirty Cards: 0.1 ms]
      [Humongous Register: 0.1 ms]
      [Humongous Reclaim: 0.0 ms]
      [Free CSet: 0.0 ms]
   [Eden: 1024.0K(21.0M)->0.0B(24.0M) Survivors: 4096.0K->1024.0K Heap: 371.1M(512.0M)->370.4M(512.0M)]
 [Times: user=0.01 sys=0.00, real=0.00 secs] 
2020-10-28T22:57:21.812-0800: 1.030: [GC concurrent-root-region-scan-start]
2020-10-28T22:57:21.812-0800: 1.030: [GC concurrent-root-region-scan-end, 0.0000718 secs]
2020-10-28T22:57:21.812-0800: 1.030: [GC concurrent-mark-start]
2020-10-28T22:57:21.813-0800: 1.031: [GC concurrent-mark-end, 0.0009376 secs]
2020-10-28T22:57:21.813-0800: 1.031: [GC remark 2020-10-28T22:57:21.813-0800: 1.031: [Finalize Marking, 0.0001679 secs] 2020-10-28T22:57:21.813-0800: 1.031: [GC ref-proc, 0.0000403 secs] 2020-10-28T22:57:21.813-0800: 1.031: [Unloading, 0.0005048 secs], 0.0014859 secs]
 [Times: user=0.01 sys=0.00, real=0.00 secs] 
2020-10-28T22:57:21.815-0800: 1.033: [GC cleanup 379M->379M(512M), 0.0006498 secs]
 [Times: user=0.00 sys=0.00, real=0.00 secs] 
2020-10-28T22:57:21.819-0800: 1.037: [GC pause (G1 Evacuation Pause) (young), 0.0016971 secs]
   [Parallel Time: 1.2 ms, GC Workers: 8]
      [GC Worker Start (ms): Min: 1036.9, Avg: 1036.9, Max: 1037.1, Diff: 0.2]
      [Ext Root Scanning (ms): Min: 0.0, Avg: 0.1, Max: 0.1, Diff: 0.1, Sum: 0.7]
      [Update RS (ms): Min: 0.5, Avg: 0.6, Max: 0.6, Diff: 0.1, Sum: 4.6]
         [Processed Buffers: Min: 6, Avg: 7.4, Max: 8, Diff: 2, Sum: 59]
      [Scan RS (ms): Min: 0.0, Avg: 0.0, Max: 0.0, Diff: 0.0, Sum: 0.0]
      [Code Root Scanning (ms): Min: 0.0, Avg: 0.0, Max: 0.0, Diff: 0.0, Sum: 0.0]
      [Object Copy (ms): Min: 0.3, Avg: 0.4, Max: 0.4, Diff: 0.1, Sum: 3.0]
      [Termination (ms): Min: 0.0, Avg: 0.1, Max: 0.1, Diff: 0.1, Sum: 0.6]
         [Termination Attempts: Min: 1, Avg: 1.0, Max: 1, Diff: 0, Sum: 8]
      [GC Worker Other (ms): Min: 0.0, Avg: 0.0, Max: 0.0, Diff: 0.0, Sum: 0.1]
      [GC Worker Total (ms): Min: 1.0, Avg: 1.1, Max: 1.2, Diff: 0.1, Sum: 9.0]
      [GC Worker End (ms): Min: 1038.1, Avg: 1038.1, Max: 1038.1, Diff: 0.0]
   [Code Root Fixup: 0.0 ms]
   [Code Root Purge: 0.0 ms]
   [Clear CT: 0.1 ms]
   [Other: 0.4 ms]
      [Choose CSet: 0.0 ms]
      [Ref Proc: 0.1 ms]
      [Ref Enq: 0.0 ms]
      [Redirty Cards: 0.1 ms]
      [Humongous Register: 0.1 ms]
      [Humongous Reclaim: 0.0 ms]
      [Free CSet: 0.0 ms]
   [Eden: 24.0M(24.0M)->0.0B(21.0M) Survivors: 1024.0K->4096.0K Heap: 400.8M(512.0M)->375.0M(512.0M)]
 [Times: user=0.01 sys=0.00, real=0.01 secs] 
2020-10-28T22:57:21.825-0800: 1.043: [GC pause (G1 Evacuation Pause) (mixed), 0.0047376 secs]
   [Parallel Time: 4.1 ms, GC Workers: 8]
      [GC Worker Start (ms): Min: 1043.0, Avg: 1043.8, Max: 1045.0, Diff: 1.9]
      [Ext Root Scanning (ms): Min: 0.0, Avg: 0.1, Max: 0.1, Diff: 0.1, Sum: 0.5]
      [Update RS (ms): Min: 0.0, Avg: 0.5, Max: 0.9, Diff: 0.9, Sum: 4.2]
         [Processed Buffers: Min: 0, Avg: 8.8, Max: 17, Diff: 17, Sum: 70]
      [Scan RS (ms): Min: 0.0, Avg: 0.0, Max: 0.0, Diff: 0.0, Sum: 0.2]
      [Code Root Scanning (ms): Min: 0.0, Avg: 0.0, Max: 0.0, Diff: 0.0, Sum: 0.0]
      [Object Copy (ms): Min: 2.0, Avg: 2.6, Max: 3.0, Diff: 0.9, Sum: 20.8]
      [Termination (ms): Min: 0.0, Avg: 0.0, Max: 0.0, Diff: 0.0, Sum: 0.2]
         [Termination Attempts: Min: 1, Avg: 1.1, Max: 2, Diff: 1, Sum: 9]
      [GC Worker Other (ms): Min: 0.0, Avg: 0.0, Max: 0.0, Diff: 0.0, Sum: 0.1]
      [GC Worker Total (ms): Min: 2.0, Avg: 3.2, Max: 4.0, Diff: 1.9, Sum: 26.0]
      [GC Worker End (ms): Min: 1047.0, Avg: 1047.0, Max: 1047.0, Diff: 0.0]
   [Code Root Fixup: 0.0 ms]
   [Code Root Purge: 0.0 ms]
   [Clear CT: 0.1 ms]
   [Other: 0.5 ms]
      [Choose CSet: 0.0 ms]
      [Ref Proc: 0.2 ms]
      [Ref Enq: 0.0 ms]
      [Redirty Cards: 0.1 ms]
      [Humongous Register: 0.1 ms]
      [Humongous Reclaim: 0.0 ms]
      [Free CSet: 0.0 ms]
   [Eden: 21.0M(21.0M)->0.0B(22.0M) Survivors: 4096.0K->4096.0K Heap: 403.6M(512.0M)->369.1M(512.0M)]
 [Times: user=0.02 sys=0.00, real=0.01 secs] 
2020-10-28T22:57:21.830-0800: 1.048: [GC pause (G1 Humongous Allocation) (young) (initial-mark), 0.0011895 secs]
   [Parallel Time: 0.7 ms, GC Workers: 8]
      [GC Worker Start (ms): Min: 1048.1, Avg: 1048.2, Max: 1048.2, Diff: 0.2]
      [Ext Root Scanning (ms): Min: 0.0, Avg: 0.3, Max: 0.5, Diff: 0.5, Sum: 2.3]
      [Update RS (ms): Min: 0.0, Avg: 0.0, Max: 0.1, Diff: 0.1, Sum: 0.4]
         [Processed Buffers: Min: 0, Avg: 1.1, Max: 3, Diff: 3, Sum: 9]
      [Scan RS (ms): Min: 0.0, Avg: 0.0, Max: 0.0, Diff: 0.0, Sum: 0.0]
      [Code Root Scanning (ms): Min: 0.0, Avg: 0.0, Max: 0.0, Diff: 0.0, Sum: 0.0]
      [Object Copy (ms): Min: 0.0, Avg: 0.1, Max: 0.2, Diff: 0.2, Sum: 0.7]
      [Termination (ms): Min: 0.0, Avg: 0.1, Max: 0.1, Diff: 0.1, Sum: 0.4]
         [Termination Attempts: Min: 1, Avg: 1.0, Max: 1, Diff: 0, Sum: 8]
      [GC Worker Other (ms): Min: 0.0, Avg: 0.0, Max: 0.0, Diff: 0.0, Sum: 0.0]
      [GC Worker Total (ms): Min: 0.4, Avg: 0.5, Max: 0.6, Diff: 0.2, Sum: 3.9]
      [GC Worker End (ms): Min: 1048.6, Avg: 1048.6, Max: 1048.7, Diff: 0.0]
   [Code Root Fixup: 0.0 ms]
   [Code Root Purge: 0.0 ms]
   [Clear CT: 0.1 ms]
   [Other: 0.4 ms]
      [Choose CSet: 0.0 ms]
      [Ref Proc: 0.2 ms]
      [Ref Enq: 0.0 ms]
      [Redirty Cards: 0.1 ms]
      [Humongous Register: 0.1 ms]
      [Humongous Reclaim: 0.0 ms]
      [Free CSet: 0.0 ms]
   [Eden: 1024.0K(22.0M)->0.0B(24.0M) Survivors: 4096.0K->1024.0K Heap: 370.1M(512.0M)->369.0M(512.0M)]
 [Times: user=0.00 sys=0.00, real=0.00 secs] 
2020-10-28T22:57:21.831-0800: 1.049: [GC concurrent-root-region-scan-start]
2020-10-28T22:57:21.831-0800: 1.049: [GC concurrent-root-region-scan-end, 0.0000739 secs]
2020-10-28T22:57:21.831-0800: 1.049: [GC concurrent-mark-start]
2020-10-28T22:57:21.832-0800: 1.050: [GC concurrent-mark-end, 0.0009149 secs]
2020-10-28T22:57:21.832-0800: 1.050: [GC remark 2020-10-28T22:57:21.832-0800: 1.050: [Finalize Marking, 0.0001985 secs] 2020-10-28T22:57:21.833-0800: 1.051: [GC ref-proc, 0.0000405 secs] 2020-10-28T22:57:21.833-0800: 1.051: [Unloading, 0.0004666 secs], 0.0014732 secs]
 [Times: user=0.00 sys=0.00, real=0.00 secs] 
2020-10-28T22:57:21.834-0800: 1.052: [GC cleanup 374M->374M(512M), 0.0006088 secs]
 [Times: user=0.01 sys=0.00, real=0.00 secs] 
2020-10-28T22:57:21.838-0800: 1.057: [GC pause (G1 Evacuation Pause) (young), 0.0019597 secs]
   [Parallel Time: 1.4 ms, GC Workers: 8]
      [GC Worker Start (ms): Min: 1056.6, Avg: 1057.0, Max: 1057.7, Diff: 1.1]
      [Ext Root Scanning (ms): Min: 0.0, Avg: 0.0, Max: 0.1, Diff: 0.1, Sum: 0.4]
      [Update RS (ms): Min: 0.0, Avg: 0.6, Max: 0.8, Diff: 0.8, Sum: 4.6]
         [Processed Buffers: Min: 0, Avg: 8.1, Max: 14, Diff: 14, Sum: 65]
      [Scan RS (ms): Min: 0.0, Avg: 0.0, Max: 0.0, Diff: 0.0, Sum: 0.0]
      [Code Root Scanning (ms): Min: 0.0, Avg: 0.0, Max: 0.0, Diff: 0.0, Sum: 0.0]
      [Object Copy (ms): Min: 0.1, Avg: 0.3, Max: 0.4, Diff: 0.4, Sum: 2.4]
      [Termination (ms): Min: 0.0, Avg: 0.1, Max: 0.1, Diff: 0.1, Sum: 0.6]
         [Termination Attempts: Min: 1, Avg: 1.0, Max: 1, Diff: 0, Sum: 8]
      [GC Worker Other (ms): Min: 0.0, Avg: 0.0, Max: 0.0, Diff: 0.0, Sum: 0.1]
      [GC Worker Total (ms): Min: 0.2, Avg: 1.0, Max: 1.4, Diff: 1.1, Sum: 8.0]
      [GC Worker End (ms): Min: 1057.9, Avg: 1058.0, Max: 1058.0, Diff: 0.0]
   [Code Root Fixup: 0.0 ms]
   [Code Root Purge: 0.0 ms]
   [Clear CT: 0.1 ms]
   [Other: 0.4 ms]
      [Choose CSet: 0.0 ms]
      [Ref Proc: 0.2 ms]
      [Ref Enq: 0.0 ms]
      [Redirty Cards: 0.1 ms]
      [Humongous Register: 0.1 ms]
      [Humongous Reclaim: 0.0 ms]
      [Free CSet: 0.0 ms]
   [Eden: 24.0M(24.0M)->0.0B(21.0M) Survivors: 1024.0K->4096.0K Heap: 400.3M(512.0M)->376.8M(512.0M)]
 [Times: user=0.01 sys=0.00, real=0.01 secs] 
2020-10-28T22:57:21.844-0800: 1.062: [GC pause (G1 Evacuation Pause) (mixed), 0.0039189 secs]
   [Parallel Time: 3.2 ms, GC Workers: 8]
      [GC Worker Start (ms): Min: 1062.5, Avg: 1063.2, Max: 1065.6, Diff: 3.1]
      [Ext Root Scanning (ms): Min: 0.0, Avg: 0.1, Max: 0.1, Diff: 0.1, Sum: 0.4]
      [Update RS (ms): Min: 0.0, Avg: 0.3, Max: 0.6, Diff: 0.6, Sum: 2.6]
         [Processed Buffers: Min: 0, Avg: 5.6, Max: 13, Diff: 13, Sum: 45]
      [Scan RS (ms): Min: 0.0, Avg: 0.0, Max: 0.0, Diff: 0.0, Sum: 0.1]
      [Code Root Scanning (ms): Min: 0.0, Avg: 0.0, Max: 0.0, Diff: 0.0, Sum: 0.0]
      [Object Copy (ms): Min: 0.0, Avg: 2.0, Max: 2.4, Diff: 2.4, Sum: 15.7]
      [Termination (ms): Min: 0.0, Avg: 0.1, Max: 0.2, Diff: 0.2, Sum: 0.8]
         [Termination Attempts: Min: 1, Avg: 1.9, Max: 4, Diff: 3, Sum: 15]
      [GC Worker Other (ms): Min: 0.0, Avg: 0.0, Max: 0.0, Diff: 0.0, Sum: 0.1]
      [GC Worker Total (ms): Min: 0.0, Avg: 2.5, Max: 3.2, Diff: 3.1, Sum: 19.8]
      [GC Worker End (ms): Min: 1065.6, Avg: 1065.6, Max: 1065.6, Diff: 0.0]
   [Code Root Fixup: 0.0 ms]
   [Code Root Purge: 0.0 ms]
   [Clear CT: 0.1 ms]
   [Other: 0.6 ms]
      [Choose CSet: 0.0 ms]
      [Ref Proc: 0.4 ms]
      [Ref Enq: 0.0 ms]
      [Redirty Cards: 0.1 ms]
      [Humongous Register: 0.1 ms]
      [Humongous Reclaim: 0.0 ms]
      [Free CSet: 0.0 ms]
   [Eden: 21.0M(21.0M)->0.0B(22.0M) Survivors: 4096.0K->4096.0K Heap: 402.5M(512.0M)->370.1M(512.0M)]
 [Times: user=0.02 sys=0.01, real=0.00 secs] 
2020-10-28T22:57:21.848-0800: 1.066: [GC pause (G1 Humongous Allocation) (young) (initial-mark), 0.0011765 secs]
   [Parallel Time: 0.6 ms, GC Workers: 8]
      [GC Worker Start (ms): Min: 1066.5, Avg: 1066.6, Max: 1066.7, Diff: 0.2]
      [Ext Root Scanning (ms): Min: 0.0, Avg: 0.3, Max: 0.4, Diff: 0.4, Sum: 2.1]
      [Update RS (ms): Min: 0.0, Avg: 0.0, Max: 0.1, Diff: 0.1, Sum: 0.3]
         [Processed Buffers: Min: 0, Avg: 0.9, Max: 3, Diff: 3, Sum: 7]
      [Scan RS (ms): Min: 0.0, Avg: 0.0, Max: 0.0, Diff: 0.0, Sum: 0.0]
      [Code Root Scanning (ms): Min: 0.0, Avg: 0.0, Max: 0.0, Diff: 0.0, Sum: 0.0]
      [Object Copy (ms): Min: 0.0, Avg: 0.1, Max: 0.3, Diff: 0.3, Sum: 1.0]
      [Termination (ms): Min: 0.0, Avg: 0.1, Max: 0.1, Diff: 0.1, Sum: 0.6]
         [Termination Attempts: Min: 1, Avg: 1.1, Max: 2, Diff: 1, Sum: 9]
      [GC Worker Other (ms): Min: 0.0, Avg: 0.0, Max: 0.0, Diff: 0.0, Sum: 0.0]
      [GC Worker Total (ms): Min: 0.4, Avg: 0.5, Max: 0.6, Diff: 0.2, Sum: 4.1]
      [GC Worker End (ms): Min: 1067.1, Avg: 1067.1, Max: 1067.1, Diff: 0.0]
   [Code Root Fixup: 0.0 ms]
   [Code Root Purge: 0.0 ms]
   [Clear CT: 0.1 ms]
   [Other: 0.4 ms]
      [Choose CSet: 0.0 ms]
      [Ref Proc: 0.2 ms]
      [Ref Enq: 0.0 ms]
      [Redirty Cards: 0.1 ms]
      [Humongous Register: 0.1 ms]
      [Humongous Reclaim: 0.0 ms]
      [Free CSet: 0.0 ms]
   [Eden: 1024.0K(22.0M)->0.0B(25.0M) Survivors: 4096.0K->0.0B Heap: 370.2M(512.0M)->370.5M(512.0M)]
 [Times: user=0.00 sys=0.00, real=0.01 secs] 
2020-10-28T22:57:21.850-0800: 1.068: [GC concurrent-root-region-scan-start]
2020-10-28T22:57:21.850-0800: 1.068: [GC concurrent-root-region-scan-end, 0.0000089 secs]
2020-10-28T22:57:21.850-0800: 1.068: [GC concurrent-mark-start]
2020-10-28T22:57:21.851-0800: 1.069: [GC concurrent-mark-end, 0.0009892 secs]
2020-10-28T22:57:21.851-0800: 1.069: [GC remark 2020-10-28T22:57:21.851-0800: 1.069: [Finalize Marking, 0.0001925 secs] 2020-10-28T22:57:21.851-0800: 1.069: [GC ref-proc, 0.0000409 secs] 2020-10-28T22:57:21.851-0800: 1.069: [Unloading, 0.0004994 secs], 0.0015503 secs]
 [Times: user=0.01 sys=0.00, real=0.00 secs] 
2020-10-28T22:57:21.852-0800: 1.070: [GC cleanup 378M->378M(512M), 0.0005989 secs]
 [Times: user=0.00 sys=0.00, real=0.00 secs] 
2020-10-28T22:57:21.856-0800: 1.074: [GC pause (G1 Evacuation Pause) (young), 0.0017832 secs]
   [Parallel Time: 1.3 ms, GC Workers: 8]
      [GC Worker Start (ms): Min: 1074.1, Avg: 1074.6, Max: 1075.3, Diff: 1.2]
      [Ext Root Scanning (ms): Min: 0.0, Avg: 0.0, Max: 0.2, Diff: 0.2, Sum: 0.4]
      [Update RS (ms): Min: 0.0, Avg: 0.2, Max: 0.4, Diff: 0.4, Sum: 1.7]
         [Processed Buffers: Min: 0, Avg: 3.9, Max: 10, Diff: 10, Sum: 31]
      [Scan RS (ms): Min: 0.0, Avg: 0.0, Max: 0.0, Diff: 0.0, Sum: 0.0]
      [Code Root Scanning (ms): Min: 0.0, Avg: 0.0, Max: 0.0, Diff: 0.0, Sum: 0.0]
      [Object Copy (ms): Min: 0.0, Avg: 0.4, Max: 0.6, Diff: 0.6, Sum: 2.9]
      [Termination (ms): Min: 0.0, Avg: 0.1, Max: 0.2, Diff: 0.2, Sum: 0.8]
         [Termination Attempts: Min: 1, Avg: 1.0, Max: 1, Diff: 0, Sum: 8]
      [GC Worker Other (ms): Min: 0.0, Avg: 0.0, Max: 0.0, Diff: 0.0, Sum: 0.1]
      [GC Worker Total (ms): Min: 0.0, Avg: 0.7, Max: 1.2, Diff: 1.2, Sum: 5.9]
      [GC Worker End (ms): Min: 1075.3, Avg: 1075.3, Max: 1075.3, Diff: 0.1]
   [Code Root Fixup: 0.0 ms]
   [Code Root Purge: 0.0 ms]
   [Clear CT: 0.1 ms]
   [Other: 0.4 ms]
      [Choose CSet: 0.0 ms]
      [Ref Proc: 0.1 ms]
      [Ref Enq: 0.0 ms]
      [Redirty Cards: 0.1 ms]
      [Humongous Register: 0.1 ms]
      [Humongous Reclaim: 0.0 ms]
      [Free CSet: 0.0 ms]
   [Eden: 25.0M(25.0M)->0.0B(21.0M) Survivors: 0.0B->4096.0K Heap: 398.5M(512.0M)->381.0M(512.0M)]
 [Times: user=0.00 sys=0.00, real=0.00 secs] 
2020-10-28T22:57:21.862-0800: 1.080: [GC pause (G1 Evacuation Pause) (mixed), 0.0041039 secs]
   [Parallel Time: 3.5 ms, GC Workers: 8]
      [GC Worker Start (ms): Min: 1079.8, Avg: 1080.5, Max: 1083.1, Diff: 3.4]
      [Ext Root Scanning (ms): Min: 0.0, Avg: 0.0, Max: 0.1, Diff: 0.1, Sum: 0.4]
      [Update RS (ms): Min: 0.0, Avg: 0.4, Max: 0.6, Diff: 0.6, Sum: 2.9]
         [Processed Buffers: Min: 0, Avg: 6.0, Max: 11, Diff: 11, Sum: 48]
      [Scan RS (ms): Min: 0.0, Avg: 0.0, Max: 0.1, Diff: 0.1, Sum: 0.2]
      [Code Root Scanning (ms): Min: 0.0, Avg: 0.0, Max: 0.0, Diff: 0.0, Sum: 0.0]
      [Object Copy (ms): Min: 0.0, Avg: 2.1, Max: 2.6, Diff: 2.6, Sum: 16.9]
      [Termination (ms): Min: 0.0, Avg: 0.1, Max: 0.1, Diff: 0.1, Sum: 0.7]
         [Termination Attempts: Min: 1, Avg: 1.0, Max: 1, Diff: 0, Sum: 8]
      [GC Worker Other (ms): Min: 0.0, Avg: 0.0, Max: 0.0, Diff: 0.0, Sum: 0.1]
      [GC Worker Total (ms): Min: 0.0, Avg: 2.6, Max: 3.4, Diff: 3.4, Sum: 21.1]
      [GC Worker End (ms): Min: 1083.2, Avg: 1083.2, Max: 1083.2, Diff: 0.0]
   [Code Root Fixup: 0.0 ms]
   [Code Root Purge: 0.0 ms]
   [Clear CT: 0.1 ms]
   [Other: 0.5 ms]
      [Choose CSet: 0.0 ms]
      [Ref Proc: 0.2 ms]
      [Ref Enq: 0.0 ms]
      [Redirty Cards: 0.1 ms]
      [Humongous Register: 0.1 ms]
      [Humongous Reclaim: 0.0 ms]
      [Free CSet: 0.0 ms]
   [Eden: 21.0M(21.0M)->0.0B(21.0M) Survivors: 4096.0K->4096.0K Heap: 407.0M(512.0M)->376.4M(512.0M)]
 [Times: user=0.01 sys=0.00, real=0.00 secs] 
2020-10-28T22:57:21.866-0800: 1.084: [GC pause (G1 Humongous Allocation) (young) (initial-mark), 0.0011991 secs]
   [Parallel Time: 0.7 ms, GC Workers: 8]
      [GC Worker Start (ms): Min: 1084.2, Avg: 1084.3, Max: 1084.4, Diff: 0.2]
      [Ext Root Scanning (ms): Min: 0.0, Avg: 0.2, Max: 0.5, Diff: 0.4, Sum: 1.7]
      [Update RS (ms): Min: 0.0, Avg: 0.1, Max: 0.2, Diff: 0.2, Sum: 0.6]
         [Processed Buffers: Min: 0, Avg: 1.0, Max: 3, Diff: 3, Sum: 8]
      [Scan RS (ms): Min: 0.0, Avg: 0.0, Max: 0.0, Diff: 0.0, Sum: 0.0]
      [Code Root Scanning (ms): Min: 0.0, Avg: 0.0, Max: 0.0, Diff: 0.0, Sum: 0.0]
      [Object Copy (ms): Min: 0.1, Avg: 0.2, Max: 0.3, Diff: 0.3, Sum: 1.3]
      [Termination (ms): Min: 0.0, Avg: 0.1, Max: 0.1, Diff: 0.1, Sum: 0.8]
         [Termination Attempts: Min: 1, Avg: 1.0, Max: 1, Diff: 0, Sum: 8]
      [GC Worker Other (ms): Min: 0.0, Avg: 0.0, Max: 0.0, Diff: 0.0, Sum: 0.1]
      [GC Worker Total (ms): Min: 0.5, Avg: 0.6, Max: 0.7, Diff: 0.2, Sum: 4.5]
      [GC Worker End (ms): Min: 1084.9, Avg: 1084.9, Max: 1084.9, Diff: 0.0]
   [Code Root Fixup: 0.0 ms]
   [Code Root Purge: 0.0 ms]
   [Clear CT: 0.1 ms]
   [Other: 0.4 ms]
      [Choose CSet: 0.0 ms]
      [Ref Proc: 0.2 ms]
      [Ref Enq: 0.0 ms]
      [Redirty Cards: 0.1 ms]
      [Humongous Register: 0.1 ms]
      [Humongous Reclaim: 0.0 ms]
      [Free CSet: 0.0 ms]
   [Eden: 2048.0K(21.0M)->0.0B(24.0M) Survivors: 4096.0K->1024.0K Heap: 377.8M(512.0M)->376.9M(512.0M)]
 [Times: user=0.01 sys=0.00, real=0.00 secs] 
2020-10-28T22:57:21.867-0800: 1.085: [GC concurrent-root-region-scan-start]
2020-10-28T22:57:21.867-0800: 1.085: [GC concurrent-root-region-scan-end, 0.0000387 secs]
2020-10-28T22:57:21.867-0800: 1.085: [GC concurrent-mark-start]
2020-10-28T22:57:21.868-0800: 1.086: [GC concurrent-mark-end, 0.0009681 secs]
2020-10-28T22:57:21.869-0800: 1.087: [GC remark 2020-10-28T22:57:21.869-0800: 1.087: [Finalize Marking, 0.0001978 secs] 2020-10-28T22:57:21.869-0800: 1.087: [GC ref-proc, 0.0000651 secs] 2020-10-28T22:57:21.869-0800: 1.087: [Unloading, 0.0004708 secs], 0.0016968 secs]
 [Times: user=0.01 sys=0.00, real=0.01 secs] 
2020-10-28T22:57:21.870-0800: 1.088: [GC cleanup 384M->384M(512M), 0.0005641 secs]
 [Times: user=0.00 sys=0.00, real=0.00 secs] 
2020-10-28T22:57:21.875-0800: 1.093: [GC pause (G1 Evacuation Pause) (young), 0.0021541 secs]
   [Parallel Time: 1.7 ms, GC Workers: 8]
      [GC Worker Start (ms): Min: 1092.8, Avg: 1093.4, Max: 1094.2, Diff: 1.4]
      [Ext Root Scanning (ms): Min: 0.0, Avg: 0.1, Max: 0.1, Diff: 0.1, Sum: 0.5]
      [Update RS (ms): Min: 0.0, Avg: 0.6, Max: 1.0, Diff: 1.0, Sum: 4.8]
         [Processed Buffers: Min: 0, Avg: 9.1, Max: 19, Diff: 19, Sum: 73]
      [Scan RS (ms): Min: 0.0, Avg: 0.0, Max: 0.0, Diff: 0.0, Sum: 0.0]
      [Code Root Scanning (ms): Min: 0.0, Avg: 0.0, Max: 0.0, Diff: 0.0, Sum: 0.0]
      [Object Copy (ms): Min: 0.1, Avg: 0.3, Max: 0.4, Diff: 0.3, Sum: 2.0]
      [Termination (ms): Min: 0.0, Avg: 0.1, Max: 0.1, Diff: 0.1, Sum: 0.5]
         [Termination Attempts: Min: 1, Avg: 1.0, Max: 1, Diff: 0, Sum: 8]
      [GC Worker Other (ms): Min: 0.0, Avg: 0.0, Max: 0.0, Diff: 0.0, Sum: 0.1]
      [GC Worker Total (ms): Min: 0.2, Avg: 1.0, Max: 1.6, Diff: 1.4, Sum: 7.9]
      [GC Worker End (ms): Min: 1094.3, Avg: 1094.3, Max: 1094.3, Diff: 0.0]
   [Code Root Fixup: 0.0 ms]
   [Code Root Purge: 0.0 ms]
   [Clear CT: 0.1 ms]
   [Other: 0.4 ms]
      [Choose CSet: 0.0 ms]
      [Ref Proc: 0.1 ms]
      [Ref Enq: 0.0 ms]
      [Redirty Cards: 0.1 ms]
      [Humongous Register: 0.1 ms]
      [Humongous Reclaim: 0.0 ms]
      [Free CSet: 0.0 ms]
   [Eden: 24.0M(24.0M)->0.0B(21.0M) Survivors: 1024.0K->4096.0K Heap: 409.1M(512.0M)->383.1M(512.0M)]
 [Times: user=0.01 sys=0.00, real=0.00 secs] 
2020-10-28T22:57:21.880-0800: 1.098: [GC pause (G1 Evacuation Pause) (mixed), 0.0049361 secs]
   [Parallel Time: 4.3 ms, GC Workers: 8]
      [GC Worker Start (ms): Min: 1098.6, Avg: 1099.2, Max: 1099.9, Diff: 1.3]
      [Ext Root Scanning (ms): Min: 0.0, Avg: 0.1, Max: 0.1, Diff: 0.1, Sum: 0.5]
      [Update RS (ms): Min: 0.0, Avg: 0.5, Max: 1.0, Diff: 1.0, Sum: 4.1]
         [Processed Buffers: Min: 0, Avg: 9.2, Max: 20, Diff: 20, Sum: 74]
      [Scan RS (ms): Min: 0.0, Avg: 0.0, Max: 0.0, Diff: 0.0, Sum: 0.2]
      [Code Root Scanning (ms): Min: 0.0, Avg: 0.0, Max: 0.0, Diff: 0.0, Sum: 0.0]
      [Object Copy (ms): Min: 2.8, Avg: 2.9, Max: 3.0, Diff: 0.2, Sum: 23.5]
      [Termination (ms): Min: 0.0, Avg: 0.1, Max: 0.1, Diff: 0.1, Sum: 0.5]
         [Termination Attempts: Min: 1, Avg: 1.0, Max: 1, Diff: 0, Sum: 8]
      [GC Worker Other (ms): Min: 0.0, Avg: 0.0, Max: 0.0, Diff: 0.0, Sum: 0.1]
      [GC Worker Total (ms): Min: 3.0, Avg: 3.6, Max: 4.2, Diff: 1.3, Sum: 28.9]
      [GC Worker End (ms): Min: 1102.8, Avg: 1102.8, Max: 1102.9, Diff: 0.0]
   [Code Root Fixup: 0.0 ms]
   [Code Root Purge: 0.0 ms]
   [Clear CT: 0.1 ms]
   [Other: 0.5 ms]
      [Choose CSet: 0.0 ms]
      [Ref Proc: 0.2 ms]
      [Ref Enq: 0.0 ms]
      [Redirty Cards: 0.1 ms]
      [Humongous Register: 0.1 ms]
      [Humongous Reclaim: 0.0 ms]
      [Free CSet: 0.0 ms]
   [Eden: 21.0M(21.0M)->0.0B(21.0M) Survivors: 4096.0K->4096.0K Heap: 412.3M(512.0M)->376.4M(512.0M)]
 [Times: user=0.03 sys=0.00, real=0.00 secs] 
2020-10-28T22:57:21.887-0800: 1.105: [GC pause (G1 Humongous Allocation) (young) (initial-mark), 0.0013040 secs]
   [Parallel Time: 0.8 ms, GC Workers: 8]
      [GC Worker Start (ms): Min: 1104.9, Avg: 1105.0, Max: 1105.1, Diff: 0.2]
      [Ext Root Scanning (ms): Min: 0.0, Avg: 0.4, Max: 0.6, Diff: 0.6, Sum: 3.0]
      [Update RS (ms): Min: 0.0, Avg: 0.0, Max: 0.1, Diff: 0.1, Sum: 0.3]
         [Processed Buffers: Min: 0, Avg: 1.1, Max: 5, Diff: 5, Sum: 9]
      [Scan RS (ms): Min: 0.0, Avg: 0.0, Max: 0.0, Diff: 0.0, Sum: 0.0]
      [Code Root Scanning (ms): Min: 0.0, Avg: 0.0, Max: 0.0, Diff: 0.0, Sum: 0.0]
      [Object Copy (ms): Min: 0.0, Avg: 0.1, Max: 0.3, Diff: 0.3, Sum: 1.0]
      [Termination (ms): Min: 0.0, Avg: 0.1, Max: 0.1, Diff: 0.1, Sum: 0.5]
         [Termination Attempts: Min: 1, Avg: 1.0, Max: 1, Diff: 0, Sum: 8]
      [GC Worker Other (ms): Min: 0.0, Avg: 0.0, Max: 0.0, Diff: 0.0, Sum: 0.0]
      [GC Worker Total (ms): Min: 0.5, Avg: 0.6, Max: 0.7, Diff: 0.2, Sum: 5.0]
      [GC Worker End (ms): Min: 1105.6, Avg: 1105.6, Max: 1105.7, Diff: 0.0]
   [Code Root Fixup: 0.0 ms]
   [Code Root Purge: 0.0 ms]
   [Clear CT: 0.1 ms]
   [Other: 0.4 ms]
      [Choose CSet: 0.0 ms]
      [Ref Proc: 0.2 ms]
      [Ref Enq: 0.0 ms]
      [Redirty Cards: 0.1 ms]
      [Humongous Register: 0.1 ms]
      [Humongous Reclaim: 0.0 ms]
      [Free CSet: 0.0 ms]
   [Eden: 7168.0K(21.0M)->0.0B(23.0M) Survivors: 4096.0K->2048.0K Heap: 382.7M(512.0M)->377.5M(512.0M)]
 [Times: user=0.01 sys=0.00, real=0.00 secs] 
2020-10-28T22:57:21.888-0800: 1.106: [GC concurrent-root-region-scan-start]
2020-10-28T22:57:21.888-0800: 1.106: [GC concurrent-root-region-scan-end, 0.0000591 secs]
2020-10-28T22:57:21.888-0800: 1.106: [GC concurrent-mark-start]
2020-10-28T22:57:21.889-0800: 1.107: [GC concurrent-mark-end, 0.0011080 secs]
2020-10-28T22:57:21.889-0800: 1.107: [GC remark 2020-10-28T22:57:21.889-0800: 1.108: [Finalize Marking, 0.0001826 secs] 2020-10-28T22:57:21.890-0800: 1.108: [GC ref-proc, 0.0000411 secs] 2020-10-28T22:57:21.890-0800: 1.108: [Unloading, 0.0004837 secs], 0.0015242 secs]
 [Times: user=0.01 sys=0.00, real=0.01 secs] 
2020-10-28T22:57:21.891-0800: 1.109: [GC cleanup 384M->383M(512M), 0.0005955 secs]
 [Times: user=0.00 sys=0.00, real=0.00 secs] 
2020-10-28T22:57:21.892-0800: 1.110: [GC concurrent-cleanup-start]
2020-10-28T22:57:21.892-0800: 1.110: [GC concurrent-cleanup-end, 0.0000104 secs]
2020-10-28T22:57:21.896-0800: 1.114: [GC pause (G1 Evacuation Pause) (young), 0.0016198 secs]
   [Parallel Time: 1.1 ms, GC Workers: 8]
      [GC Worker Start (ms): Min: 1113.7, Avg: 1113.7, Max: 1113.8, Diff: 0.1]
      [Ext Root Scanning (ms): Min: 0.0, Avg: 0.1, Max: 0.1, Diff: 0.1, Sum: 0.6]
      [Update RS (ms): Min: 0.4, Avg: 0.5, Max: 0.5, Diff: 0.1, Sum: 3.7]
         [Processed Buffers: Min: 5, Avg: 5.6, Max: 6, Diff: 1, Sum: 45]
      [Scan RS (ms): Min: 0.0, Avg: 0.0, Max: 0.0, Diff: 0.0, Sum: 0.0]
      [Code Root Scanning (ms): Min: 0.0, Avg: 0.0, Max: 0.0, Diff: 0.0, Sum: 0.0]
      [Object Copy (ms): Min: 0.3, Avg: 0.4, Max: 0.5, Diff: 0.2, Sum: 3.0]
      [Termination (ms): Min: 0.0, Avg: 0.1, Max: 0.1, Diff: 0.1, Sum: 0.8]
         [Termination Attempts: Min: 1, Avg: 1.0, Max: 1, Diff: 0, Sum: 8]
      [GC Worker Other (ms): Min: 0.0, Avg: 0.0, Max: 0.0, Diff: 0.0, Sum: 0.1]
      [GC Worker Total (ms): Min: 1.0, Avg: 1.0, Max: 1.1, Diff: 0.1, Sum: 8.2]
      [GC Worker End (ms): Min: 1114.8, Avg: 1114.8, Max: 1114.8, Diff: 0.0]
   [Code Root Fixup: 0.0 ms]
   [Code Root Purge: 0.0 ms]
   [Clear CT: 0.1 ms]
   [Other: 0.4 ms]
      [Choose CSet: 0.0 ms]
      [Ref Proc: 0.1 ms]
      [Ref Enq: 0.0 ms]
      [Redirty Cards: 0.1 ms]
      [Humongous Register: 0.1 ms]
      [Humongous Reclaim: 0.0 ms]
      [Free CSet: 0.0 ms]
   [Eden: 23.0M(23.0M)->0.0B(21.0M) Survivors: 2048.0K->4096.0K Heap: 404.5M(512.0M)->382.3M(512.0M)]
 [Times: user=0.01 sys=0.00, real=0.00 secs] 
2020-10-28T22:57:21.901-0800: 1.119: [GC pause (G1 Evacuation Pause) (mixed), 0.0050866 secs]
   [Parallel Time: 4.4 ms, GC Workers: 8]
      [GC Worker Start (ms): Min: 1119.3, Avg: 1119.6, Max: 1119.9, Diff: 0.6]
      [Ext Root Scanning (ms): Min: 0.0, Avg: 0.1, Max: 0.1, Diff: 0.1, Sum: 0.5]
      [Update RS (ms): Min: 0.3, Avg: 0.5, Max: 0.8, Diff: 0.5, Sum: 4.3]
         [Processed Buffers: Min: 1, Avg: 7.1, Max: 12, Diff: 11, Sum: 57]
      [Scan RS (ms): Min: 0.0, Avg: 0.0, Max: 0.1, Diff: 0.1, Sum: 0.2]
      [Code Root Scanning (ms): Min: 0.0, Avg: 0.0, Max: 0.0, Diff: 0.0, Sum: 0.0]
      [Object Copy (ms): Min: 3.2, Avg: 3.3, Max: 3.4, Diff: 0.2, Sum: 26.5]
      [Termination (ms): Min: 0.0, Avg: 0.1, Max: 0.2, Diff: 0.2, Sum: 1.0]
         [Termination Attempts: Min: 1, Avg: 1.1, Max: 2, Diff: 1, Sum: 9]
      [GC Worker Other (ms): Min: 0.0, Avg: 0.0, Max: 0.0, Diff: 0.0, Sum: 0.1]
      [GC Worker Total (ms): Min: 3.7, Avg: 4.1, Max: 4.4, Diff: 0.6, Sum: 32.6]
      [GC Worker End (ms): Min: 1123.7, Avg: 1123.7, Max: 1123.7, Diff: 0.0]
   [Code Root Fixup: 0.0 ms]
   [Code Root Purge: 0.0 ms]
   [Clear CT: 0.2 ms]
   [Other: 0.5 ms]
      [Choose CSet: 0.0 ms]
      [Ref Proc: 0.2 ms]
      [Ref Enq: 0.0 ms]
      [Redirty Cards: 0.1 ms]
      [Humongous Register: 0.1 ms]
      [Humongous Reclaim: 0.0 ms]
      [Free CSet: 0.0 ms]
   [Eden: 21.0M(21.0M)->0.0B(21.0M) Survivors: 4096.0K->4096.0K Heap: 409.4M(512.0M)->374.5M(512.0M)]
 [Times: user=0.03 sys=0.01, real=0.00 secs] 
2020-10-28T22:57:21.907-0800: 1.125: [GC pause (G1 Humongous Allocation) (young) (initial-mark), 0.0011431 secs]
   [Parallel Time: 0.7 ms, GC Workers: 8]
      [GC Worker Start (ms): Min: 1124.9, Avg: 1124.9, Max: 1125.0, Diff: 0.2]
      [Ext Root Scanning (ms): Min: 0.0, Avg: 0.2, Max: 0.3, Diff: 0.3, Sum: 1.5]
      [Update RS (ms): Min: 0.0, Avg: 0.1, Max: 0.2, Diff: 0.2, Sum: 0.5]
         [Processed Buffers: Min: 0, Avg: 1.1, Max: 4, Diff: 4, Sum: 9]
      [Scan RS (ms): Min: 0.0, Avg: 0.0, Max: 0.0, Diff: 0.0, Sum: 0.0]
      [Code Root Scanning (ms): Min: 0.0, Avg: 0.0, Max: 0.0, Diff: 0.0, Sum: 0.0]
      [Object Copy (ms): Min: 0.1, Avg: 0.2, Max: 0.3, Diff: 0.2, Sum: 1.5]
      [Termination (ms): Min: 0.0, Avg: 0.0, Max: 0.1, Diff: 0.1, Sum: 0.4]
         [Termination Attempts: Min: 1, Avg: 1.0, Max: 1, Diff: 0, Sum: 8]
      [GC Worker Other (ms): Min: 0.0, Avg: 0.0, Max: 0.0, Diff: 0.0, Sum: 0.0]
      [GC Worker Total (ms): Min: 0.4, Avg: 0.5, Max: 0.6, Diff: 0.2, Sum: 3.9]
      [GC Worker End (ms): Min: 1125.4, Avg: 1125.4, Max: 1125.4, Diff: 0.0]
   [Code Root Fixup: 0.0 ms]
   [Code Root Purge: 0.0 ms]
   [Clear CT: 0.1 ms]
   [Other: 0.4 ms]
      [Choose CSet: 0.0 ms]
      [Ref Proc: 0.2 ms]
      [Ref Enq: 0.0 ms]
      [Redirty Cards: 0.1 ms]
      [Humongous Register: 0.1 ms]
      [Humongous Reclaim: 0.0 ms]
      [Free CSet: 0.0 ms]
   [Eden: 3072.0K(21.0M)->0.0B(24.0M) Survivors: 4096.0K->1024.0K Heap: 377.0M(512.0M)->374.8M(512.0M)]
 [Times: user=0.00 sys=0.00, real=0.00 secs] 
2020-10-28T22:57:21.908-0800: 1.126: [GC concurrent-root-region-scan-start]
2020-10-28T22:57:21.908-0800: 1.126: [GC concurrent-root-region-scan-end, 0.0000307 secs]
2020-10-28T22:57:21.908-0800: 1.126: [GC concurrent-mark-start]
2020-10-28T22:57:21.909-0800: 1.127: [GC concurrent-mark-end, 0.0011449 secs]
2020-10-28T22:57:21.909-0800: 1.127: [GC remark 2020-10-28T22:57:21.909-0800: 1.127: [Finalize Marking, 0.0003665 secs] 2020-10-28T22:57:21.910-0800: 1.128: [GC ref-proc, 0.0000450 secs] 2020-10-28T22:57:21.910-0800: 1.128: [Unloading, 0.0004619 secs], 0.0017405 secs]
 [Times: user=0.01 sys=0.00, real=0.01 secs] 
2020-10-28T22:57:21.911-0800: 1.129: [GC cleanup 383M->383M(512M), 0.0006282 secs]
 [Times: user=0.00 sys=0.00, real=0.00 secs] 
2020-10-28T22:57:21.915-0800: 1.133: [GC pause (G1 Evacuation Pause) (young), 0.0019482 secs]
   [Parallel Time: 1.5 ms, GC Workers: 8]
      [GC Worker Start (ms): Min: 1133.1, Avg: 1133.2, Max: 1133.2, Diff: 0.1]
      [Ext Root Scanning (ms): Min: 0.0, Avg: 0.2, Max: 1.0, Diff: 0.9, Sum: 1.5]
      [Update RS (ms): Min: 0.0, Avg: 0.6, Max: 1.0, Diff: 1.0, Sum: 5.2]
         [Processed Buffers: Min: 0, Avg: 6.0, Max: 9, Diff: 9, Sum: 48]
      [Scan RS (ms): Min: 0.0, Avg: 0.0, Max: 0.0, Diff: 0.0, Sum: 0.0]
      [Code Root Scanning (ms): Min: 0.0, Avg: 0.0, Max: 0.0, Diff: 0.0, Sum: 0.0]
      [Object Copy (ms): Min: 0.2, Avg: 0.4, Max: 0.5, Diff: 0.4, Sum: 3.0]
      [Termination (ms): Min: 0.0, Avg: 0.1, Max: 0.1, Diff: 0.1, Sum: 0.6]
         [Termination Attempts: Min: 1, Avg: 1.0, Max: 1, Diff: 0, Sum: 8]
      [GC Worker Other (ms): Min: 0.0, Avg: 0.0, Max: 0.0, Diff: 0.0, Sum: 0.1]
      [GC Worker Total (ms): Min: 1.3, Avg: 1.3, Max: 1.4, Diff: 0.1, Sum: 10.4]
      [GC Worker End (ms): Min: 1134.5, Avg: 1134.5, Max: 1134.5, Diff: 0.0]
   [Code Root Fixup: 0.0 ms]
   [Code Root Purge: 0.0 ms]
   [Clear CT: 0.1 ms]
   [Other: 0.4 ms]
      [Choose CSet: 0.0 ms]
      [Ref Proc: 0.2 ms]
      [Ref Enq: 0.0 ms]
      [Redirty Cards: 0.1 ms]
      [Humongous Register: 0.1 ms]
      [Humongous Reclaim: 0.0 ms]
      [Free CSet: 0.0 ms]
   [Eden: 24.0M(24.0M)->0.0B(21.0M) Survivors: 1024.0K->4096.0K Heap: 403.9M(512.0M)->383.3M(512.0M)]
 [Times: user=0.01 sys=0.00, real=0.00 secs] 
2020-10-28T22:57:21.921-0800: 1.139: [GC pause (G1 Evacuation Pause) (mixed) (to-space exhausted), 0.0047343 secs]
   [Parallel Time: 3.9 ms, GC Workers: 8]
      [GC Worker Start (ms): Min: 1139.3, Avg: 1139.3, Max: 1139.3, Diff: 0.1]
      [Ext Root Scanning (ms): Min: 0.1, Avg: 0.1, Max: 0.1, Diff: 0.1, Sum: 0.8]
      [Update RS (ms): Min: 0.8, Avg: 0.8, Max: 0.8, Diff: 0.1, Sum: 6.4]
         [Processed Buffers: Min: 9, Avg: 9.6, Max: 10, Diff: 1, Sum: 77]
      [Scan RS (ms): Min: 0.0, Avg: 0.0, Max: 0.1, Diff: 0.0, Sum: 0.2]
      [Code Root Scanning (ms): Min: 0.0, Avg: 0.0, Max: 0.0, Diff: 0.0, Sum: 0.0]
      [Object Copy (ms): Min: 2.6, Avg: 2.7, Max: 2.8, Diff: 0.1, Sum: 21.5]
      [Termination (ms): Min: 0.0, Avg: 0.1, Max: 0.1, Diff: 0.1, Sum: 0.6]
         [Termination Attempts: Min: 1, Avg: 1.0, Max: 1, Diff: 0, Sum: 8]
      [GC Worker Other (ms): Min: 0.0, Avg: 0.0, Max: 0.0, Diff: 0.0, Sum: 0.1]
      [GC Worker Total (ms): Min: 3.7, Avg: 3.7, Max: 3.7, Diff: 0.1, Sum: 29.7]
      [GC Worker End (ms): Min: 1143.0, Avg: 1143.0, Max: 1143.0, Diff: 0.0]
   [Code Root Fixup: 0.0 ms]
   [Code Root Purge: 0.0 ms]
   [Clear CT: 0.1 ms]
   [Other: 0.8 ms]
      [Evacuation Failure: 0.1 ms]
      [Choose CSet: 0.0 ms]
      [Ref Proc: 0.3 ms]
      [Ref Enq: 0.0 ms]
      [Redirty Cards: 0.1 ms]
      [Humongous Register: 0.2 ms]
      [Humongous Reclaim: 0.0 ms]
      [Free CSet: 0.0 ms]
   [Eden: 21.0M(21.0M)->0.0B(21.0M) Survivors: 4096.0K->4096.0K Heap: 412.7M(512.0M)->397.9M(512.0M)]
 [Times: user=0.03 sys=0.00, real=0.00 secs] 
2020-10-28T22:57:21.926-0800: 1.144: [GC pause (G1 Humongous Allocation) (young) (initial-mark), 0.0011350 secs]
   [Parallel Time: 0.5 ms, GC Workers: 8]
      [GC Worker Start (ms): Min: 1144.1, Avg: 1144.1, Max: 1144.2, Diff: 0.1]
      [Ext Root Scanning (ms): Min: 0.0, Avg: 0.1, Max: 0.1, Diff: 0.1, Sum: 0.7]
      [Update RS (ms): Min: 0.0, Avg: 0.1, Max: 0.1, Diff: 0.0, Sum: 0.5]
         [Processed Buffers: Min: 1, Avg: 2.2, Max: 5, Diff: 4, Sum: 18]
      [Scan RS (ms): Min: 0.0, Avg: 0.0, Max: 0.0, Diff: 0.0, Sum: 0.0]
      [Code Root Scanning (ms): Min: 0.0, Avg: 0.0, Max: 0.0, Diff: 0.0, Sum: 0.0]
      [Object Copy (ms): Min: 0.1, Avg: 0.2, Max: 0.2, Diff: 0.1, Sum: 1.5]
      [Termination (ms): Min: 0.0, Avg: 0.1, Max: 0.1, Diff: 0.1, Sum: 0.5]
         [Termination Attempts: Min: 1, Avg: 1.0, Max: 1, Diff: 0, Sum: 8]
      [GC Worker Other (ms): Min: 0.0, Avg: 0.0, Max: 0.0, Diff: 0.0, Sum: 0.1]
      [GC Worker Total (ms): Min: 0.3, Avg: 0.4, Max: 0.5, Diff: 0.1, Sum: 3.2]
      [GC Worker End (ms): Min: 1144.5, Avg: 1144.5, Max: 1144.6, Diff: 0.0]
   [Code Root Fixup: 0.0 ms]
   [Code Root Purge: 0.0 ms]
   [Clear CT: 0.1 ms]
   [Other: 0.5 ms]
      [Choose CSet: 0.0 ms]
      [Ref Proc: 0.2 ms]
      [Ref Enq: 0.0 ms]
      [Redirty Cards: 0.2 ms]
      [Humongous Register: 0.1 ms]
      [Humongous Reclaim: 0.0 ms]
      [Free CSet: 0.0 ms]
   [Eden: 1024.0K(21.0M)->0.0B(25.0M) Survivors: 4096.0K->0.0B Heap: 398.3M(512.0M)->398.1M(512.0M)]
 [Times: user=0.01 sys=0.00, real=0.00 secs] 
2020-10-28T22:57:21.927-0800: 1.145: [GC concurrent-root-region-scan-start]
2020-10-28T22:57:21.927-0800: 1.145: [GC concurrent-root-region-scan-end, 0.0000104 secs]
2020-10-28T22:57:21.927-0800: 1.145: [GC concurrent-mark-start]
2020-10-28T22:57:21.928-0800: 1.146: [GC concurrent-mark-end, 0.0010827 secs]
2020-10-28T22:57:21.928-0800: 1.146: [GC remark 2020-10-28T22:57:21.928-0800: 1.146: [Finalize Marking, 0.0002977 secs] 2020-10-28T22:57:21.929-0800: 1.147: [GC ref-proc, 0.0000412 secs] 2020-10-28T22:57:21.929-0800: 1.147: [Unloading, 0.0003581 secs], 0.0014884 secs]
 [Times: user=0.01 sys=0.00, real=0.01 secs] 
2020-10-28T22:57:21.930-0800: 1.148: [GC cleanup 403M->403M(512M), 0.0005786 secs]
 [Times: user=0.00 sys=0.00, real=0.00 secs] 
2020-10-28T22:57:21.935-0800: 1.153: [GC pause (G1 Evacuation Pause) (young), 0.0017214 secs]
   [Parallel Time: 1.2 ms, GC Workers: 8]
      [GC Worker Start (ms): Min: 1153.2, Avg: 1153.3, Max: 1153.3, Diff: 0.1]
      [Ext Root Scanning (ms): Min: 0.1, Avg: 0.1, Max: 0.1, Diff: 0.1, Sum: 0.7]
      [Update RS (ms): Min: 0.5, Avg: 0.5, Max: 0.6, Diff: 0.0, Sum: 4.4]
         [Processed Buffers: Min: 6, Avg: 7.0, Max: 8, Diff: 2, Sum: 56]
      [Scan RS (ms): Min: 0.0, Avg: 0.0, Max: 0.0, Diff: 0.0, Sum: 0.0]
      [Code Root Scanning (ms): Min: 0.0, Avg: 0.0, Max: 0.0, Diff: 0.0, Sum: 0.0]
      [Object Copy (ms): Min: 0.4, Avg: 0.4, Max: 0.4, Diff: 0.1, Sum: 3.3]
      [Termination (ms): Min: 0.0, Avg: 0.0, Max: 0.1, Diff: 0.1, Sum: 0.4]
         [Termination Attempts: Min: 1, Avg: 1.0, Max: 1, Diff: 0, Sum: 8]
      [GC Worker Other (ms): Min: 0.0, Avg: 0.0, Max: 0.0, Diff: 0.0, Sum: 0.1]
      [GC Worker Total (ms): Min: 1.1, Avg: 1.1, Max: 1.2, Diff: 0.1, Sum: 8.9]
      [GC Worker End (ms): Min: 1154.4, Avg: 1154.4, Max: 1154.4, Diff: 0.0]
   [Code Root Fixup: 0.0 ms]
   [Code Root Purge: 0.0 ms]
   [Clear CT: 0.1 ms]
   [Other: 0.4 ms]
      [Choose CSet: 0.0 ms]
      [Ref Proc: 0.1 ms]
      [Ref Enq: 0.0 ms]
      [Redirty Cards: 0.1 ms]
      [Humongous Register: 0.1 ms]
      [Humongous Reclaim: 0.0 ms]
      [Free CSet: 0.0 ms]
   [Eden: 25.0M(25.0M)->0.0B(21.0M) Survivors: 0.0B->4096.0K Heap: 428.9M(512.0M)->405.2M(512.0M)]
 [Times: user=0.01 sys=0.00, real=0.00 secs] 
2020-10-28T22:57:21.941-0800: 1.159: [GC pause (G1 Evacuation Pause) (mixed) (to-space exhausted), 0.0024900 secs]
   [Parallel Time: 1.8 ms, GC Workers: 8]
      [GC Worker Start (ms): Min: 1158.9, Avg: 1159.0, Max: 1159.0, Diff: 0.1]
      [Ext Root Scanning (ms): Min: 0.1, Avg: 0.1, Max: 0.1, Diff: 0.1, Sum: 0.7]
      [Update RS (ms): Min: 0.6, Avg: 0.7, Max: 0.7, Diff: 0.1, Sum: 5.3]
         [Processed Buffers: Min: 8, Avg: 8.8, Max: 10, Diff: 2, Sum: 70]
      [Scan RS (ms): Min: 0.0, Avg: 0.0, Max: 0.1, Diff: 0.1, Sum: 0.2]
      [Code Root Scanning (ms): Min: 0.0, Avg: 0.0, Max: 0.0, Diff: 0.0, Sum: 0.0]
      [Object Copy (ms): Min: 0.8, Avg: 0.8, Max: 0.9, Diff: 0.1, Sum: 6.7]
      [Termination (ms): Min: 0.0, Avg: 0.1, Max: 0.1, Diff: 0.1, Sum: 0.5]
         [Termination Attempts: Min: 1, Avg: 1.0, Max: 1, Diff: 0, Sum: 8]
      [GC Worker Other (ms): Min: 0.0, Avg: 0.0, Max: 0.0, Diff: 0.0, Sum: 0.1]
      [GC Worker Total (ms): Min: 1.7, Avg: 1.7, Max: 1.8, Diff: 0.1, Sum: 13.6]
      [GC Worker End (ms): Min: 1160.7, Avg: 1160.7, Max: 1160.7, Diff: 0.0]
   [Code Root Fixup: 0.0 ms]
   [Code Root Purge: 0.0 ms]
   [Clear CT: 0.1 ms]
   [Other: 0.6 ms]
      [Evacuation Failure: 0.2 ms]
      [Choose CSet: 0.0 ms]
      [Ref Proc: 0.2 ms]
      [Ref Enq: 0.0 ms]
      [Redirty Cards: 0.1 ms]
      [Humongous Register: 0.1 ms]
      [Humongous Reclaim: 0.0 ms]
      [Free CSet: 0.0 ms]
   [Eden: 21.0M(21.0M)->0.0B(23.0M) Survivors: 4096.0K->2048.0K Heap: 433.7M(512.0M)->430.4M(512.0M)]
 [Times: user=0.01 sys=0.00, real=0.00 secs] 
2020-10-28T22:57:21.945-0800: 1.163: [GC pause (G1 Evacuation Pause) (mixed) (to-space exhausted), 0.0012624 secs]
   [Parallel Time: 0.7 ms, GC Workers: 8]
      [GC Worker Start (ms): Min: 1163.5, Avg: 1163.6, Max: 1163.6, Diff: 0.1]
      [Ext Root Scanning (ms): Min: 0.0, Avg: 0.1, Max: 0.1, Diff: 0.1, Sum: 0.6]
      [Update RS (ms): Min: 0.4, Avg: 0.4, Max: 0.4, Diff: 0.0, Sum: 3.1]
         [Processed Buffers: Min: 2, Avg: 6.0, Max: 11, Diff: 9, Sum: 48]
      [Scan RS (ms): Min: 0.0, Avg: 0.0, Max: 0.0, Diff: 0.0, Sum: 0.1]
      [Code Root Scanning (ms): Min: 0.0, Avg: 0.0, Max: 0.0, Diff: 0.0, Sum: 0.0]
      [Object Copy (ms): Min: 0.0, Avg: 0.1, Max: 0.1, Diff: 0.0, Sum: 0.6]
      [Termination (ms): Min: 0.0, Avg: 0.0, Max: 0.1, Diff: 0.1, Sum: 0.3]
         [Termination Attempts: Min: 1, Avg: 1.0, Max: 1, Diff: 0, Sum: 8]
      [GC Worker Other (ms): Min: 0.0, Avg: 0.0, Max: 0.0, Diff: 0.0, Sum: 0.1]
      [GC Worker Total (ms): Min: 0.6, Avg: 0.6, Max: 0.7, Diff: 0.1, Sum: 4.8]
      [GC Worker End (ms): Min: 1164.1, Avg: 1164.2, Max: 1164.2, Diff: 0.0]
   [Code Root Fixup: 0.0 ms]
   [Code Root Purge: 0.0 ms]
   [Clear CT: 0.1 ms]
   [Other: 0.5 ms]
      [Evacuation Failure: 0.1 ms]
      [Choose CSet: 0.0 ms]
      [Ref Proc: 0.2 ms]
      [Ref Enq: 0.0 ms]
      [Redirty Cards: 0.1 ms]
      [Humongous Register: 0.1 ms]
      [Humongous Reclaim: 0.0 ms]
      [Free CSet: 0.0 ms]
   [Eden: 10.0M(23.0M)->0.0B(25.0M) Survivors: 2048.0K->0.0B Heap: 443.8M(512.0M)->438.6M(512.0M)]
 [Times: user=0.01 sys=0.00, real=0.00 secs] 
Heap
 garbage-first heap   total 524288K, used 449149K [0x00000007a0000000, 0x00000007a0101000, 0x00000007c0000000)
  region size 1024K, 1 young (1024K), 0 survivors (0K)
 Metaspace       used 2737K, capacity 4486K, committed 4864K, reserved 1056768K
  class space    used 298K, capacity 386K, committed 512K, reserved 1048576K

```

**g1 gc 发生gc事件157次 Mixed 31次 总耗时约 120ms,remark 24次 总耗时约100ms young gc 约30次 总耗时约90ms,concurrent Mark 24次 总耗时约30ms, initial mark 24次 总耗时约20ms, cleanup约24次 总耗时约10ms； gc总停顿时间约340ms，并发时间 30.4ms，gc停顿时间大大优于前面三种gc, gc的最大停顿时间控制在10ms以内。从生成的对象数来看 也比前面的几种gc高出了一个水平。**

## 压测 gateway-server-0.0.1-SNAPSHOT.jar 不同gc的表现

采用wrk压测，使用8个线程，40个连接压测，测试1分钟，执行命令如下

➜  ~ wrk -t8 -c40 -d60s http://localhost:8088/api/hello
  

### 1. 堆内存512m

**串行gc**

执行结果如下：

```shell
Thread Stats   Avg      Stdev     Max   +/- Stdev
    Latency    12.82ms   40.85ms 448.37ms   92.59%
    Req/Sec     4.33k     1.66k   12.12k    74.55%
  1995018 requests in 1.00m, 238.19MB read
Requests/sec:  33206.34
Transfer/sec:      3.96MB
```

**并行gc**

执行结果如下

```shell
  Thread Stats   Avg      Stdev     Max   +/- Stdev
    Latency    12.53ms   47.48ms 506.87ms   94.12%
    Req/Sec     5.06k     2.00k   13.88k    78.14%
  2162328 requests in 1.00m, 258.16MB read
Requests/sec:  35980.26
Transfer/sec:      4.30MB
```

并行gc与串行gc相比，1分钟内处理的请求数要多，读取的数据也多，tps和传输的数据也要高些。

**cms gc**

执行结果如下

```shell
Thread Stats   Avg      Stdev     Max   +/- Stdev
    Latency    11.46ms   37.82ms 493.63ms   92.91%
    Req/Sec     4.21k     1.76k    9.35k    65.26%
  1956460 requests in 1.00m, 233.58MB read
Requests/sec:  32563.80
Transfer/sec:      3.89MB
```

cms压测结果与并行gc相比 优势并不明显

**g1 gc**

执行结果如下

```shell
  Thread Stats   Avg      Stdev     Max   +/- Stdev
    Latency    11.15ms   35.15ms 345.83ms   92.53%
    Req/Sec     4.39k     1.79k   15.62k    71.94%
  2034213 requests in 1.00m, 242.87MB read
Requests/sec:  33849.10
Transfer/sec:      4.04MB
```

G1 gc的压测结果 延迟时间要优于前面几种gc的表现。应该是g1 gc每次gc暂停时间较短的缘故。